2026-09-22T10:36:41.332+03:00 [s1] [O] [SYS] CHATTER NODE LoRa-Chatter-1B44
2026-09-22T10:36:53.280+03:00 [s2] [O] [SYS] CHATTER NODE LoRa-Chatter-72E0
2026-09-22T10:37:14.058+03:00 [s1] [I] /id
2026-09-22T10:37:14.059+03:00 [s2] [I] /id
2026-09-22T10:37:14.061+03:00 [s1] [I] /heartbeat off
2026-09-22T10:37:14.063+03:00 [s1] [I] /diag off
2026-09-22T10:37:14.063+03:00 [s1] [I] /echo-loop stop
2026-09-22T10:37:14.065+03:00 [s1] [I] /power 2
2026-09-22T10:37:14.066+03:00 [s1] [I] /config
2026-09-22T10:37:14.068+03:00 [s2] [I] /heartbeat off
2026-09-22T10:37:14.070+03:00 [s2] [I] /diag off
2026-09-22T10:37:14.071+03:00 [s2] [I] /echo-loop stop
2026-09-22T10:37:14.073+03:00 [s2] [I] /power 2
2026-09-22T10:37:14.074+03:00 [s2] [I] /config
2026-09-22T10:37:14.115+03:00 [s2] [O] [SYS] CHATTER NODE LoRa-Chatter-72E0
2026-09-22T10:37:14.136+03:00 [s1] [O] [SYS] CHATTER NODE LoRa-Chatter-1B44
2026-09-22T10:37:14.138+03:00 [s1] [O] [SYS] HEARTBEAT OFF
2026-09-22T10:37:14.140+03:00 [s1] [O] [SYS] DIAG already OFF
2026-09-22T10:37:14.141+03:00 [s1] [O] [SYS] ECHO LOOP already stopped
2026-09-22T10:37:14.142+03:00 [s1] [O] [SYS] POWER 2 dBm SAVED
2026-09-22T10:37:14.159+03:00 [s2] [O] [SYS] HEARTBEAT OFF
2026-09-22T10:37:14.160+03:00 [s2] [O] [SYS] DIAG already OFF
2026-09-22T10:37:14.161+03:00 [s2] [O] [SYS] ECHO LOOP already stopped
2026-09-22T10:37:14.163+03:00 [s2] [O] [SYS] POWER 2 dBm SAVED
2026-09-22T10:37:14.165+03:00 [s2] [O] [SYS] CFG schema=2 storage=NVS freq_oob=OFF
2026-09-22T10:37:14.167+03:00 [s2] [O] [SYS] CFG RADIO power=2 dBm freq=470 MHz sf=12 bw=125 kHz
2026-09-22T10:37:14.169+03:00 [s2] [O] [SYS] CFG LINK heartbeat=OFF retry=ON attempts=5 diag=OFF
2026-09-22T10:38:23.130+03:00 [s1] [I] /config
2026-09-22T10:38:23.214+03:00 [s1] [O] [SYS] CFG schema=2 storage=NVS freq_oob=OFF
2026-09-22T10:38:23.216+03:00 [s1] [O] [SYS] CFG RADIO power=2 dBm freq=470 MHz sf=12 bw=125 kHz
2026-09-22T10:38:23.218+03:00 [s1] [O] [SYS] CFG LINK heartbeat=OFF retry=ON attempts=5 diag=OFF
2026-09-22T10:39:31.899+03:00 [s1] [I] ATTEN-A2B-20260922T073548Z
2026-09-22T10:39:33.957+03:00 [s1] [O] > ATTEN-A2B-20260922T073548Z
2026-09-22T10:39:33.982+03:00 [s2] [O] < [-87/+10 Q0] ATTEN-A2B-20260922T073548Z
2026-09-22T10:40:41.417+03:00 [s2] [I] ATTEN-B2A-20260922T073548Z
2026-09-22T10:40:43.487+03:00 [s1] [O] < [-82/+10 Q100] ATTEN-B2A-20260922T073548Z
2026-09-22T10:40:43.505+03:00 [s2] [O] > ATTEN-B2A-20260922T073548Z
2026-09-22T10:41:53.495+03:00 [s1] [I] /power 2
2026-09-22T10:41:53.497+03:00 [s2] [I] /power 2
2026-09-22T10:41:53.570+03:00 [s2] [O] [SYS] POWER 2 dBm SAVED
2026-09-22T10:41:53.592+03:00 [s1] [O] [SYS] POWER 2 dBm SAVED
