2026-09-13T23:59:42.831+03:00 [s1] [I] /id
2026-09-13T23:59:42.832+03:00 [s2] [I] /id
2026-09-13T23:59:42.918+03:00 [s1] [O] [SYS] CHATTER NODE LoRa-Chatter-1B44
2026-09-13T23:59:42.923+03:00 [s2] [O] [SYS] CHATTER NODE LoRa-Chatter-72E0
2026-09-14T00:00:16.838+03:00 [s1] [I] /both
2026-09-14T00:00:16.840+03:00 [s2] [I] /both
2026-09-14T00:00:16.944+03:00 [s1] [O] 
2026-09-14T00:00:16.945+03:00 [s1] [O] OUTPUT MODE source=2 state=BOTH
2026-09-14T00:00:16.946+03:00 [s1] [O] [SYS] OUTPUT BOTH
2026-09-14T00:00:16.947+03:00 [s2] [O] 
2026-09-14T00:00:16.948+03:00 [s2] [O] OUTPUT MODE source=2 state=BOTH
2026-09-14T00:00:16.948+03:00 [s2] [O] [SYS] OUTPUT BOTH
2026-09-14T00:00:18.154+03:00 [s1] [O] 
2026-09-14T00:00:18.158+03:00 [s1] [O] SESSION t=21000s TX ok=10 user=5 echo_req=0 echo_rep=0 hb=0(idle=0) err=0 started=10 RX ok=9 user=5 echo_req=0 echo_rep=0 hb=0 crc=0 hdr=0 bad=0 readerr=0 reports=9 Q=90% drops=0 fatal=0
2026-09-14T00:00:18.248+03:00 [s1] [O] SESSION COURTESY window=9123ms peer_release=0 expired=0 yielding=0
2026-09-14T00:00:18.255+03:00 [s1] [O] SESSION DIO0_TX affected=0/10 episodes=0 avg_all=0.00 avg_affected=0.00 high_polls=0
2026-09-14T00:00:18.293+03:00 [s1] [O] SESSION RX_POLL polls=20919321 rxdone=9 interval=1000us DIO0_RX false_high_ep=0 high_polls=0 rxdone_low=0 isr=disabled
2026-09-14T00:00:53.566+03:00 [s1] [I] A_TO_B_SIM_20260914_001
2026-09-14T00:00:53.568+03:00 [s2] [I] B_TO_A_SIM_20260914_001
2026-09-14T00:00:53.712+03:00 [s2] [O] DELIVERY QUEUED source=2 bytes=23 waiting=1/8 in_flight=0
2026-09-14T00:00:53.749+03:00 [s1] [O] DELIVERY QUEUED source=2 bytes=23 waiting=1/8 in_flight=0
2026-09-14T00:00:55.460+03:00 [s1] [O] 
2026-09-14T00:00:55.461+03:00 [s1] [O] TX USER seq=9 frame=35B user=23B attempt=1/5 OK time=1812 ms
2026-09-14T00:00:55.467+03:00 [s2] [O] 
2026-09-14T00:00:55.468+03:00 [s2] [O] TX USER seq=10 frame=35B user=23B attempt=1/5 OK time=1812 ms
2026-09-14T00:00:55.512+03:00 [s2] [O] > B_TO_A_SIM_20260914_001
2026-09-14T00:00:55.514+03:00 [s2] [O] DELIVERY WAIT_ACK user=85BC/10 attempt=1/5 timeout=1856ms queue=0
2026-09-14T00:00:55.548+03:00 [s1] [O] > A_TO_B_SIM_20260914_001
2026-09-14T00:00:55.596+03:00 [s1] [O] DELIVERY WAIT_ACK user=EC14/9 attempt=1/5 timeout=1856ms queue=0
2026-09-14T00:00:57.349+03:00 [s1] [O] DELIVERY ACK TIMEOUT user=EC14/9 attempt=1/5
2026-09-14T00:00:57.354+03:00 [s1] [O] DELIVERY RETRY user=EC14/9 next_attempt=2/5 in=1367ms
2026-09-14T00:00:57.400+03:00 [s2] [O] DELIVERY ACK TIMEOUT user=85BC/10 attempt=1/5
2026-09-14T00:00:57.405+03:00 [s2] [O] DELIVERY RETRY user=85BC/10 next_attempt=2/5 in=1871ms
2026-09-14T00:00:59.199+03:00 [s2] [O] DELIVERY RETRY DEFER user=85BC/10 peer_rx=active next_in=1870ms
2026-09-14T00:01:00.542+03:00 [s1] [O] 
2026-09-14T00:01:00.545+03:00 [s1] [O] TX USER RETRY seq=9 frame=35B user=23B attempt=2/5 OK time=1811 ms
2026-09-14T00:01:00.549+03:00 [s1] [O] DELIVERY WAIT_ACK user=EC14/9 attempt=2/5 timeout=1856ms queue=0
2026-09-14T00:01:00.639+03:00 [s2] [O] PEER_REPORT our_seq=9 RSSI=-34 dBm SNR=+8 dB Q=90%
2026-09-14T00:01:00.643+03:00 [s2] [O] 
2026-09-14T00:01:00.684+03:00 [s2] [O] RX USER session=EC14 seq=9 frame=35B user=23B RSSI=-34.0 dBm SNR=+7.2 dB Q=100% disposition=0
2026-09-14T00:01:00.691+03:00 [s2] [O] < [-34/+7 Q100] A_TO_B_SIM_20260914_001
2026-09-14T00:01:01.898+03:00 [s2] [O] 
2026-09-14T00:01:01.900+03:00 [s2] [O] TX ACK seq=11 ack_to=EC14/9 frame=14B OK time=1157 ms guard=500ms
2026-09-14T00:01:01.942+03:00 [s1] [O] PEER_REPORT our_seq=9 RSSI=-34 dBm SNR=+7 dB Q=100%
2026-09-14T00:01:02.032+03:00 [s1] [O] 
2026-09-14T00:01:02.078+03:00 [s1] [O] RX ACK session=85BC seq=11 ack_to=EC14/9 frame=14B RSSI=-28.0 dBm SNR=+8.2 dB Q=83%
2026-09-14T00:01:02.164+03:00 [s1] [O] DELIVERY ACK user=EC14/9 attempts=2/5 elapsed=6495ms queue=0
2026-09-14T00:01:04.192+03:00 [s2] [O] 
2026-09-14T00:01:04.195+03:00 [s2] [O] TX USER RETRY seq=10 frame=35B user=23B attempt=2/5 OK time=1812 ms
2026-09-14T00:01:04.234+03:00 [s1] [O] PEER_REPORT our_seq=9 RSSI=-34 dBm SNR=+7 dB Q=100%
2026-09-14T00:01:04.245+03:00 [s2] [O] DELIVERY WAIT_ACK user=85BC/10 attempt=2/5 timeout=1856ms queue=0
2026-09-14T00:01:04.248+03:00 [s2] [O] 
2026-09-14T00:01:04.292+03:00 [s2] [O] SESSION t=21061s TX ok=13 user=7 echo_req=0 echo_rep=0 hb=0(idle=0) err=0 started=13 RX ok=11 user=6 echo_req=0 echo_rep=0 hb=0 crc=0 hdr=0 bad=1 readerr=0 reports=10 Q=100% drops=0 fatal=0
2026-09-14T00:01:04.323+03:00 [s1] [O] 
2026-09-14T00:01:04.334+03:00 [s2] [O] SESSION COURTESY window=9123ms peer_release=0 expired=0 yielding=0
2026-09-14T00:01:04.369+03:00 [s1] [O] RX USER session=85BC seq=10 frame=35B user=23B RSSI=-33.0 dBm SNR=+8.5 dB Q=92% disposition=0
2026-09-14T00:01:04.375+03:00 [s2] [O] SESSION DIO0_TX affected=0/13 episodes=0 avg_all=0.00 avg_affected=0.00 high_polls=0
2026-09-14T00:01:04.382+03:00 [s2] [O] SESSION RX_POLL polls=20973513 rxdone=12 interval=1000us DIO0_RX false_high_ep=0 high_polls=0 rxdone_low=0 isr=disabled
2026-09-14T00:01:04.461+03:00 [s1] [O] < [-33/+8 Q92] B_TO_A_SIM_20260914_001
2026-09-14T00:01:05.628+03:00 [s1] [O] 
2026-09-14T00:01:05.629+03:00 [s1] [O] TX ACK seq=10 ack_to=85BC/10 frame=14B OK time=1156 ms guard=500ms
2026-09-14T00:01:05.678+03:00 [s2] [O] PEER_REPORT our_seq=10 RSSI=-33 dBm SNR=+9 dB Q=92%
2026-09-14T00:01:05.681+03:00 [s2] [O] 
2026-09-14T00:01:05.686+03:00 [s2] [O] RX ACK session=EC14 seq=10 ack_to=85BC/10 frame=14B RSSI=-29.0 dBm SNR=+7.0 dB Q=100%
2026-09-14T00:01:05.728+03:00 [s2] [O] DELIVERY ACK user=85BC/10 attempts=2/5 elapsed=10191ms queue=0
2026-09-14T00:01:18.184+03:00 [s1] [O] 
2026-09-14T00:01:18.189+03:00 [s1] [O] SESSION t=21060s TX ok=13 user=7 echo_req=0 echo_rep=0 hb=0(idle=0) err=0 started=13 RX ok=11 user=6 echo_req=0 echo_rep=0 hb=0 crc=0 hdr=0 bad=0 readerr=0 reports=11 Q=92% drops=0 fatal=0
2026-09-14T00:01:18.237+03:00 [s1] [O] SESSION COURTESY window=9123ms peer_release=0 expired=0 yielding=0
2026-09-14T00:01:18.318+03:00 [s1] [O] SESSION DIO0_TX affected=0/13 episodes=0 avg_all=0.00 avg_affected=0.00 high_polls=0
2026-09-14T00:01:18.326+03:00 [s1] [O] SESSION RX_POLL polls=20973931 rxdone=11 interval=1000us DIO0_RX false_high_ep=0 high_polls=0 rxdone_low=0 isr=disabled
2026-09-14T00:01:57.387+03:00 [s1] [I] /chat
2026-09-14T00:01:57.388+03:00 [s2] [I] /chat
2026-09-14T00:01:57.473+03:00 [s2] [O] [SYS] OUTPUT CHAT
2026-09-14T00:01:57.514+03:00 [s1] [O] [SYS] OUTPUT CHAT
