2026-09-24T14:20:21.959+03:00 [s1] [O] [SYS] CHATTER NODE LoRa-Chatter-1B44
2026-09-24T14:20:26.951+03:00 [s2] [O] [SYS] CHATTER NODE LoRa-Chatter-72E0
2026-09-24T14:20:31.917+03:00 [s1] [I] /id
2026-09-24T14:20:31.918+03:00 [s1] [I] /version
2026-09-24T14:20:31.920+03:00 [s2] [I] /id
2026-09-24T14:20:31.922+03:00 [s2] [I] /version
2026-09-24T14:20:31.991+03:00 [s2] [O] [SYS] CHATTER NODE LoRa-Chatter-72E0
2026-09-24T14:20:31.993+03:00 [s1] [O] [SYS] CHATTER NODE LoRa-Chatter-1B44
2026-09-24T14:20:31.998+03:00 [s1] [O] [SYS] FIRMWARE Chatter git=3b386dfa3eae68be057ab9aeec37a89367773839 state=clean env=esp32-s3-n16r8
2026-09-24T14:20:32.039+03:00 [s2] [O] [SYS] FIRMWARE Chatter git=3b386dfa3eae68be057ab9aeec37a89367773839 state=clean env=esp32-s3-n16r8
2026-09-24T14:20:32.043+03:00 [s2] [O] [SYS] FIRMWARE IMAGE validation_sha256=591dd69ce7c67aa65e7f6ad5aead64ac99e92f0bb4d8828476ded40b703e89a0 status=OK slot=0
2026-09-24T14:20:32.047+03:00 [s2] [O] [SYS] BUILD META toolchain_sha256=a087c73c0094f7d5c7bce96d3b44b5349361527190730cac76aaf8087289bbfb pio=6.2.0
2026-09-24T14:20:32.127+03:00 [s1] [O] [SYS] FIRMWARE IMAGE validation_sha256=591dd69ce7c67aa65e7f6ad5aead64ac99e92f0bb4d8828476ded40b703e89a0 status=OK slot=0
2026-09-24T14:20:32.132+03:00 [s1] [O] [SYS] BUILD META toolchain_sha256=a087c73c0094f7d5c7bce96d3b44b5349361527190730cac76aaf8087289bbfb pio=6.2.0
2026-09-24T14:21:05.209+03:00 [s1] [I] /heartbeat off
2026-09-24T14:21:05.210+03:00 [s1] [I] /diag off
2026-09-24T14:21:05.212+03:00 [s1] [I] /echo-loop stop
2026-09-24T14:21:05.212+03:00 [s2] [I] /heartbeat off
2026-09-24T14:21:05.214+03:00 [s2] [I] /diag off
2026-09-24T14:21:05.216+03:00 [s2] [I] /echo-loop stop
2026-09-24T14:21:05.290+03:00 [s2] [O] [SYS] HEARTBEAT OFF
2026-09-24T14:21:05.292+03:00 [s2] [O] [SYS] DIAG already OFF
2026-09-24T14:21:05.292+03:00 [s1] [O] [SYS] HEARTBEAT OFF
2026-09-24T14:21:05.293+03:00 [s1] [O] [SYS] DIAG already OFF
2026-09-24T14:21:05.295+03:00 [s1] [O] [SYS] ECHO LOOP already stopped
2026-09-24T14:21:05.379+03:00 [s2] [O] [SYS] ECHO LOOP already stopped
2026-09-24T14:21:34.088+03:00 [s1] [I] /cancel all
2026-09-24T14:21:34.090+03:00 [s1] [I] /power 2
2026-09-24T14:21:34.092+03:00 [s2] [I] /cancel all
2026-09-24T14:21:34.094+03:00 [s2] [I] /power 2
2026-09-24T14:21:34.188+03:00 [s1] [O] [SYS] DELIVERY CANCEL: nothing pending
2026-09-24T14:21:34.227+03:00 [s2] [O] [SYS] DELIVERY CANCEL: nothing pending
2026-09-24T14:21:34.272+03:00 [s1] [O] [SYS] POWER 2 dBm SAVED
2026-09-24T14:21:34.314+03:00 [s2] [O] [SYS] POWER 2 dBm SAVED
2026-09-24T14:22:01.459+03:00 [s1] [I] /freq 470
2026-09-24T14:22:01.461+03:00 [s2] [I] /freq 470
2026-09-24T14:22:01.541+03:00 [s2] [O] [SYS] FREQ 470 MHz SAVED
2026-09-24T14:22:01.544+03:00 [s1] [O] [SYS] FREQ 470 MHz SAVED
2026-09-24T14:22:28.444+03:00 [s1] [I] /sf 7
2026-09-24T14:22:28.445+03:00 [s2] [I] /sf 7
2026-09-24T14:22:28.497+03:00 [s1] [O] [SYS] SF 7 SAVED
2026-09-24T14:22:28.539+03:00 [s2] [O] [SYS] SF 7 SAVED
2026-09-24T14:22:56.364+03:00 [s1] [I] /bw 500
2026-09-24T14:22:56.366+03:00 [s2] [I] /bw 500
2026-09-24T14:22:56.443+03:00 [s1] [O] [SYS] BW 500 kHz SAVED
2026-09-24T14:22:56.485+03:00 [s2] [O] [SYS] BW 500 kHz SAVED
2026-09-24T14:23:23.888+03:00 [s1] [I] /config
2026-09-24T14:23:23.890+03:00 [s2] [I] /config
2026-09-24T14:23:23.982+03:00 [s2] [O] [SYS] CFG schema=2 storage=NVS freq_oob=OFF
2026-09-24T14:23:23.984+03:00 [s1] [O] [SYS] CFG schema=2 storage=NVS freq_oob=OFF
2026-09-24T14:23:23.986+03:00 [s1] [O] [SYS] CFG RADIO power=2 dBm freq=470 MHz sf=7 bw=500 kHz
2026-09-24T14:23:23.989+03:00 [s1] [O] [SYS] CFG LINK heartbeat=OFF retry=ON attempts=5 diag=OFF
2026-09-24T14:23:24.026+03:00 [s2] [O] [SYS] CFG RADIO power=2 dBm freq=470 MHz sf=7 bw=500 kHz
2026-09-24T14:23:24.028+03:00 [s2] [O] [SYS] CFG LINK heartbeat=OFF retry=ON attempts=5 diag=OFF
2026-09-24T14:23:51.966+03:00 [s1] [I] /diag on
2026-09-24T14:23:52.062+03:00 [s1] [O] [SYS] DIAG ON frame=16B
2026-09-24T14:23:53.279+03:00 [s1] [O] [LNK OK]   RX  -60/5 Q100 TX  -61/5 Q0
2026-09-24T14:23:54.314+03:00 [s1] [O] [LNK OK]   RX  -61/5 Q100 TX  -60/5 Q0
2026-09-24T14:23:55.304+03:00 [s1] [O] [LNK OK]   RX  -61/5 Q100 TX  -60/5 Q0
2026-09-24T14:23:56.339+03:00 [s1] [O] [LNK OK]   RX  -61/5 Q100 TX  -61/6 Q0
2026-09-24T14:23:57.285+03:00 [s1] [O] [LNK OK]   RX  -61/6 Q100 TX  -61/6 Q0
2026-09-24T14:23:58.364+03:00 [s1] [O] [LNK OK]   RX  -61/6 Q100 TX  -61/6 Q0
2026-09-24T14:23:59.309+03:00 [s1] [O] [LNK OK]   RX  -61/6 Q100 TX  -61/5 Q0
2026-09-24T14:24:00.298+03:00 [s1] [O] [LNK OK]   RX  -61/5 Q100 TX  -61/5 Q0
2026-09-24T14:24:01.334+03:00 [s1] [O] [LNK OK]   RX  -61/5 Q100 TX  -60/5 Q0
2026-09-24T14:24:02.326+03:00 [s1] [O] [LNK OK]   RX  -61/5 Q100 TX  -60/5 Q0
2026-09-24T14:24:03.360+03:00 [s1] [O] [LNK OK]   RX  -61/5 Q100 TX  -60/5 Q0
2026-09-24T14:24:04.305+03:00 [s1] [O] [LNK OK]   RX  -61/6 Q100 TX  -60/5 Q0
2026-09-24T14:24:05.384+03:00 [s1] [O] [LNK OK]   RX  -61/5 Q100 TX  -61/6 Q0
2026-09-24T14:24:06.329+03:00 [s1] [O] [LNK OK]   RX  -61/5 Q100 TX  -61/6 Q0
2026-09-24T14:24:07.319+03:00 [s1] [O] [LNK OK]   RX  -61/6 Q100 TX  -60/5 Q0
2026-09-24T14:24:08.354+03:00 [s1] [O] [LNK OK]   RX  -61/5 Q100 TX  -60/5 Q0
2026-09-24T14:24:09.344+03:00 [s1] [O] [LNK OK]   RX  -61/6 Q100 TX  -60/5 Q0
2026-09-24T14:24:10.379+03:00 [s1] [O] [LNK OK]   RX  -61/5 Q100 TX  -60/5 Q0
2026-09-24T14:24:11.370+03:00 [s1] [O] [LNK OK]   RX  -61/5 Q100 TX  -60/6 Q0
2026-09-24T14:24:12.404+03:00 [s1] [O] [LNK OK]   RX  -61/5 Q100 TX  -60/5 Q0
2026-09-24T14:24:13.349+03:00 [s1] [O] [LNK OK]   RX  -61/5 Q100 TX  -60/5 Q0
2026-09-24T14:24:14.338+03:00 [s1] [O] [LNK OK]   RX  -61/6 Q100 TX  -60/5 Q0
2026-09-24T14:24:15.376+03:00 [s1] [O] [LNK OK]   RX  -61/6 Q100 TX  -61/6 Q0
2026-09-24T14:24:16.363+03:00 [s1] [O] [LNK OK]   RX  -61/5 Q100 TX  -60/5 Q0
2026-09-24T14:24:17.399+03:00 [s1] [O] [LNK OK]   RX  -60/5 Q100 TX  -60/6 Q0
2026-09-24T14:24:18.390+03:00 [s1] [O] [LNK OK]   RX  -61/5 Q100 TX  -60/6 Q0
2026-09-24T14:24:19.424+03:00 [s1] [O] [LNK OK]   RX  -61/6 Q100 TX  -60/5 Q0
2026-09-24T14:24:20.369+03:00 [s1] [O] [LNK OK]   RX  -61/5 Q100 TX  -60/5 Q0
2026-09-24T14:24:21.449+03:00 [s1] [O] [LNK OK]   RX  -60/5 Q100 TX  -61/5 Q0
2026-09-24T14:24:22.035+03:00 [s1] [O] [DIAG] 16B TX=29 RX=29 CRC=0 HDR=0 NRP=0 [30S] TX=29 RX=29 CRC=0 HDR=0 NRP=0 RQ=100 TQ=0
2026-09-24T14:24:22.393+03:00 [s1] [O] [LNK OK]   RX  -61/5 Q100 TX  -60/5 Q0
2026-09-24T14:24:23.325+03:00 [s1] [I] /diag size 32
2026-09-24T14:24:23.383+03:00 [s1] [O] [SYS] DIAG SIZE BUSY: heartbeat transaction active
2026-09-24T14:24:23.387+03:00 [s1] [O] [LNK OK]   RX  -61/6 Q100 TX  -61/6 Q0
2026-09-24T14:24:24.420+03:00 [s1] [O] [LNK OK]   RX  -61/5 Q100 TX  -60/5 Q0
2026-09-24T14:24:25.412+03:00 [s1] [O] [LNK OK]   RX  -61/5 Q100 TX  -60/5 Q0
2026-09-24T14:24:26.444+03:00 [s1] [O] [LNK OK]   RX  -61/6 Q100 TX  -61/5 Q0
2026-09-24T14:24:27.389+03:00 [s1] [O] [LNK OK]   RX  -61/6 Q100 TX  -61/5 Q0
2026-09-24T14:24:28.470+03:00 [s1] [O] [LNK OK]   RX  -61/6 Q100 TX  -61/5 Q0
2026-09-24T14:24:29.414+03:00 [s1] [O] [LNK OK]   RX  -61/6 Q100 TX  -60/5 Q0
2026-09-24T14:24:30.404+03:00 [s1] [O] [LNK OK]   RX  -61/5 Q100 TX  -61/6 Q0
2026-09-24T14:24:31.439+03:00 [s1] [O] [LNK OK]   RX  -61/5 Q100 TX  -61/5 Q0
2026-09-24T14:24:32.430+03:00 [s1] [O] [LNK OK]   RX  -61/5 Q100 TX  -61/6 Q0
2026-09-24T14:24:33.464+03:00 [s1] [O] [LNK OK]   RX  -61/5 Q100 TX  -60/5 Q0
2026-09-24T14:24:34.454+03:00 [s1] [O] [LNK OK]   RX  -61/5 Q100 TX  -61/5 Q0
2026-09-24T14:24:35.489+03:00 [s1] [O] [LNK OK]   RX  -61/6 Q100 TX  -60/6 Q0
2026-09-24T14:24:36.434+03:00 [s1] [O] [LNK OK]   RX  -61/5 Q100 TX  -61/5 Q0
2026-09-24T14:24:37.514+03:00 [s1] [O] [LNK OK]   RX  -61/5 Q100 TX  -61/6 Q0
2026-09-24T14:24:38.459+03:00 [s1] [O] [LNK OK]   RX  -61/5 Q100 TX  -61/5 Q0
2026-09-24T14:24:39.449+03:00 [s1] [O] [LNK OK]   RX  -61/6 Q100 TX  -61/5 Q0
2026-09-24T14:24:40.484+03:00 [s1] [O] [LNK OK]   RX  -61/5 Q100 TX  -61/5 Q0
2026-09-24T14:24:41.474+03:00 [s1] [O] [LNK OK]   RX  -61/6 Q100 TX  -61/6 Q0
2026-09-24T14:24:42.509+03:00 [s1] [O] [LNK OK]   RX  -61/5 Q100 TX  -61/5 Q0
2026-09-24T14:24:43.454+03:00 [s1] [O] [LNK OK]   RX  -61/5 Q100 TX  -60/5 Q0
2026-09-24T14:24:44.580+03:00 [s1] [O] [LNK OK]   RX  -61/5 Q100 TX  -60/5 Q0
2026-09-24T14:24:45.480+03:00 [s1] [O] [LNK OK]   RX  -61/6 Q100 TX  -61/5 Q0
2026-09-24T14:24:46.470+03:00 [s1] [O] [LNK OK]   RX  -61/5 Q100 TX  -60/5 Q0
2026-09-24T14:24:47.504+03:00 [s1] [O] [LNK OK]   RX  -62/6 Q100 TX  -61/5 Q0
2026-09-24T14:24:48.493+03:00 [s1] [O] [LNK OK]   RX  -61/6 Q100 TX  -61/5 Q0
2026-09-24T14:24:49.573+03:00 [s1] [O] [LNK OK]   RX  -61/5 Q100 TX  -61/5 Q0
2026-09-24T14:24:50.518+03:00 [s1] [O] [LNK OK]   RX  -61/6 Q100 TX  -61/6 Q0
2026-09-24T14:24:51.554+03:00 [s1] [O] [LNK OK]   RX  -61/6 Q100 TX  -60/5 Q0
2026-09-24T14:24:52.049+03:00 [s1] [O] [DIAG] 16B TX=59 RX=59 CRC=0 HDR=0 NRP=0 [30S] TX=30 RX=30 CRC=0 HDR=0 NRP=0 RQ=100 TQ=0
2026-09-24T14:24:52.305+03:00 [s1] [I] /diag size 32
2026-09-24T14:24:52.409+03:00 [s1] [O] [SYS] DIAG SIZE BUSY: heartbeat transaction active
2026-09-24T14:24:52.543+03:00 [s1] [O] [LNK OK]   RX  -62/6 Q100 TX  -61/5 Q0
2026-09-24T14:24:53.489+03:00 [s1] [O] [LNK OK]   RX  -61/6 Q100 TX  -61/5 Q0
2026-09-24T14:24:54.525+03:00 [s1] [O] [LNK OK]   RX  -61/6 Q100 TX  -61/6 Q0
2026-09-24T14:24:55.514+03:00 [s1] [O] [LNK OK]   RX  -61/5 Q100 TX  -61/5 Q0
2026-09-24T14:24:56.549+03:00 [s1] [O] [LNK OK]   RX  -61/5 Q100 TX  -61/5 Q0
2026-09-24T14:24:57.539+03:00 [s1] [O] [LNK OK]   RX  -61/5 Q100 TX  -61/5 Q0
2026-09-24T14:24:58.574+03:00 [s1] [O] [LNK OK]   RX  -61/6 Q100 TX  -61/5 Q0
2026-09-24T14:24:59.520+03:00 [s1] [O] [LNK OK]   RX  -61/5 Q100 TX  -61/5 Q0
2026-09-24T14:25:00.599+03:00 [s1] [O] [LNK OK]   RX  -61/5 Q100 TX  -61/5 Q0
2026-09-24T14:25:01.546+03:00 [s1] [O] [LNK OK]   RX  -61/5 Q100 TX  -60/5 Q0
2026-09-24T14:25:02.535+03:00 [s1] [O] [LNK OK]   RX  -61/5 Q100 TX  -61/6 Q0
2026-09-24T14:25:03.570+03:00 [s1] [O] [LNK OK]   RX  -61/6 Q100 TX  -61/5 Q0
2026-09-24T14:25:04.560+03:00 [s1] [O] [LNK OK]   RX  -61/5 Q100 TX  -61/5 Q0
2026-09-24T14:25:05.597+03:00 [s1] [O] [LNK OK]   RX  -61/5 Q100 TX  -61/6 Q0
2026-09-24T14:25:06.585+03:00 [s1] [O] [LNK OK]   RX  -60/6 Q100 TX  -61/5 Q0
2026-09-24T14:25:07.619+03:00 [s1] [O] [LNK OK]   RX  -61/5 Q100 TX  -60/5 Q0
2026-09-24T14:25:08.565+03:00 [s1] [O] [LNK OK]   RX  -61/5 Q100 TX  -61/5 Q0
2026-09-24T14:25:09.143+03:00 [s1] [I] /diag off
2026-09-24T14:25:09.237+03:00 [s1] [O] [SYS] DIAG OFF
2026-09-24T14:25:40.572+03:00 [s1] [I] /diag size 32
2026-09-24T14:25:40.648+03:00 [s1] [O] [SYS] DIAG REJECTED: diagnostic mode is OFF
2026-09-24T14:26:14.850+03:00 [s1] [I] /diag on
2026-09-24T14:26:14.937+03:00 [s1] [O] [SYS] DIAG ON frame=16B
2026-09-24T14:26:16.199+03:00 [s1] [O] [LNK OK]   RX  -61/5 Q100 TX  -61/5 Q0
2026-09-24T14:26:17.145+03:00 [s1] [O] [LNK OK]   RX  -61/5 Q100 TX  -60/5 Q0
2026-09-24T14:26:18.224+03:00 [s1] [O] [LNK OK]   RX  -61/5 Q100 TX  -60/5 Q0
2026-09-24T14:26:19.171+03:00 [s1] [O] [LNK OK]   RX  -61/5 Q100 TX  -60/5 Q0
2026-09-24T14:26:20.158+03:00 [s1] [O] [LNK OK]   RX  -61/5 Q100 TX  -60/5 Q0
2026-09-24T14:26:21.193+03:00 [s1] [O] [LNK OK]   RX  -61/5 Q100 TX  -60/5 Q0
2026-09-24T14:26:22.186+03:00 [s1] [O] [LNK OK]   RX  -61/5 Q100 TX  -61/5 Q0
2026-09-24T14:26:23.263+03:00 [s1] [O] [LNK OK]   RX  -61/5 Q100 TX  -60/5 Q0
2026-09-24T14:26:24.165+03:00 [s1] [O] [LNK OK]   RX  -61/5 Q100 TX  -60/5 Q0
2026-09-24T14:26:25.244+03:00 [s1] [O] [LNK OK]   RX  -61/5 Q100 TX  -61/5 Q0
2026-09-24T14:26:26.189+03:00 [s1] [O] [LNK OK]   RX  -61/6 Q100 TX  -60/5 Q0
2026-09-24T14:26:27.180+03:00 [s1] [O] [LNK OK]   RX  -61/5 Q100 TX  -60/5 Q0
2026-09-24T14:26:28.214+03:00 [s1] [O] [LNK OK]   RX  -61/5 Q100 TX  -60/5 Q0
2026-09-24T14:26:29.205+03:00 [s1] [O] [LNK OK]   RX  -60/5 Q100 TX  -60/5 Q0
2026-09-24T14:26:30.238+03:00 [s1] [O] [LNK OK]   RX  -61/6 Q100 TX  -60/5 Q0
2026-09-24T14:26:31.184+03:00 [s1] [O] [LNK OK]   RX  -61/5 Q100 TX  -60/5 Q0
2026-09-24T14:26:32.263+03:00 [s1] [O] [LNK OK]   RX  -61/5 Q100 TX  -61/5 Q0
2026-09-24T14:26:33.255+03:00 [s1] [O] [LNK OK]   RX  -61/6 Q100 TX  -61/5 Q0
2026-09-24T14:26:34.199+03:00 [s1] [O] [LNK OK]   RX  -61/6 Q100 TX  -61/5 Q0
2026-09-24T14:26:35.278+03:00 [s1] [O] [LNK OK]   RX  -61/6 Q100 TX  -61/5 Q0
2026-09-24T14:26:36.719+03:00 [s1] [O] [LNK NRP]  RX  ---/--- Q97  TX  ---/--- Q0
2026-09-24T14:26:37.258+03:00 [s1] [O] [LNK OK]   RX  -61/5 Q97  TX  -60/5 Q0
2026-09-24T14:26:38.248+03:00 [s1] [O] [LNK OK]   RX  -61/5 Q97  TX  -60/5 Q0
2026-09-24T14:26:39.283+03:00 [s1] [O] [LNK OK]   RX  -61/6 Q97  TX  -60/5 Q0
2026-09-24T14:26:40.272+03:00 [s1] [O] [LNK OK]   RX  -61/5 Q97  TX  -61/5 Q0
2026-09-24T14:26:41.308+03:00 [s1] [O] [LNK OK]   RX  -61/5 Q97  TX  -60/6 Q0
2026-09-24T14:26:42.254+03:00 [s1] [O] [LNK OK]   RX  -61/5 Q97  TX  -61/5 Q0
2026-09-24T14:26:43.244+03:00 [s1] [O] [LNK OK]   RX  -61/5 Q97  TX  -60/6 Q0
2026-09-24T14:26:44.236+03:00 [s1] [O] [LNK OK]   RX  -61/5 Q97  TX  -60/6 Q0
2026-09-24T14:26:44.767+03:00 [s1] [I] /diag size 32
2026-09-24T14:26:44.863+03:00 [s1] [O] [SYS] DIAG frame=32B
2026-09-24T14:26:46.079+03:00 [s1] [O] [LNK OK]   RX  -60/5 Q97  TX  -60/6 Q0
2026-09-24T14:26:47.159+03:00 [s1] [O] [LNK OK]   RX  -61/5 Q97  TX  -60/5 Q0
2026-09-24T14:26:48.103+03:00 [s1] [O] [LNK OK]   RX  -61/5 Q97  TX  -60/6 Q0
2026-09-24T14:26:49.271+03:00 [s1] [O] [LNK OK]   RX  -60/5 Q97  TX  -60/6 Q0
2026-09-24T14:26:50.174+03:00 [s1] [O] [LNK OK]   RX  -60/5 Q97  TX  -60/6 Q0
2026-09-24T14:26:51.296+03:00 [s1] [O] [LNK OK]   RX  -60/5 Q97  TX  -60/5 Q0
2026-09-24T14:26:52.108+03:00 [s1] [O] [LNK OK]   RX  -60/6 Q97  TX  -60/6 Q0
2026-09-24T14:26:53.099+03:00 [s1] [O] [LNK OK]   RX  -60/6 Q97  TX  -60/5 Q0
2026-09-24T14:26:54.222+03:00 [s1] [O] [LNK OK]   RX  -61/5 Q97  TX  -60/5 Q0
2026-09-24T14:26:55.258+03:00 [s1] [O] [LNK OK]   RX  -60/5 Q97  TX  -60/5 Q0
2026-09-24T14:26:56.246+03:00 [s1] [O] [LNK OK]   RX  -60/5 Q97  TX  -60/5 Q0
2026-09-24T14:26:57.148+03:00 [s1] [O] [LNK OK]   RX  -60/5 Q97  TX  -60/6 Q0
2026-09-24T14:26:58.228+03:00 [s1] [O] [LNK OK]   RX  -60/5 Q97  TX  -60/5 Q0
2026-09-24T14:26:59.263+03:00 [s1] [O] [LNK OK]   RX  -61/6 Q97  TX  -60/5 Q0
2026-09-24T14:27:00.343+03:00 [s1] [O] [LNK OK]   RX  -60/5 Q97  TX  -61/5 Q0
2026-09-24T14:27:01.154+03:00 [s1] [O] [LNK OK]   RX  -61/5 Q97  TX  -60/5 Q0
2026-09-24T14:27:02.144+03:00 [s1] [O] [LNK OK]   RX  -61/5 Q97  TX  -61/5 Q0
2026-09-24T14:27:03.180+03:00 [s1] [O] [LNK OK]   RX  -60/6 Q97  TX  -60/5 Q0
2026-09-24T14:27:04.303+03:00 [s1] [O] [LNK OK]   RX  -61/6 Q97  TX  -60/5 Q0
2026-09-24T14:27:05.204+03:00 [s1] [O] [LNK OK]   RX  -60/5 Q97  TX  -60/5 Q0
2026-09-24T14:27:06.150+03:00 [s1] [O] [LNK OK]   RX  -60/5 Q97  TX  -60/5 Q0
2026-09-24T14:27:07.228+03:00 [s1] [O] [LNK OK]   RX  -60/5 Q97  TX  -60/5 Q0
2026-09-24T14:27:08.174+03:00 [s1] [O] [LNK OK]   RX  -60/5 Q97  TX  -60/5 Q0
2026-09-24T14:27:09.163+03:00 [s1] [O] [LNK OK]   RX  -60/5 Q100 TX  -60/5 Q0
2026-09-24T14:27:10.199+03:00 [s1] [O] [LNK OK]   RX  -60/5 Q100 TX  -60/5 Q0
2026-09-24T14:27:11.190+03:00 [s1] [O] [LNK OK]   RX  -60/5 Q100 TX  -60/5 Q0
2026-09-24T14:27:12.223+03:00 [s1] [O] [LNK OK]   RX  -61/5 Q100 TX  -60/6 Q0
2026-09-24T14:27:13.169+03:00 [s1] [O] [LNK OK]   RX  -60/5 Q100 TX  -60/5 Q0
2026-09-24T14:27:13.726+03:00 [s1] [I] /diag size 64
2026-09-24T14:27:13.798+03:00 [s1] [O] [SYS] DIAG frame=64B
2026-09-24T14:27:15.058+03:00 [s1] [O] [LNK OK]   RX  -60/5 Q100 TX  -60/6 Q0
2026-09-24T14:27:16.050+03:00 [s1] [O] [LNK OK]   RX  -60/5 Q100 TX  -59/6 Q0
2026-09-24T14:27:17.084+03:00 [s1] [O] [LNK OK]   RX  -60/5 Q100 TX  -60/5 Q0
2026-09-24T14:27:18.074+03:00 [s1] [O] [LNK OK]   RX  -60/5 Q100 TX  -60/5 Q0
2026-09-24T14:27:19.110+03:00 [s1] [O] [LNK OK]   RX  -60/5 Q100 TX  -60/5 Q0
2026-09-24T14:27:20.056+03:00 [s1] [O] [LNK OK]   RX  -60/5 Q100 TX  -59/5 Q0
2026-09-24T14:27:21.134+03:00 [s1] [O] [LNK OK]   RX  -60/5 Q100 TX  -60/5 Q0
2026-09-24T14:27:22.079+03:00 [s1] [O] [LNK OK]   RX  -60/5 Q100 TX  -60/5 Q0
2026-09-24T14:27:23.068+03:00 [s1] [O] [LNK OK]   RX  -60/5 Q100 TX  -60/5 Q0
2026-09-24T14:27:24.103+03:00 [s1] [O] [LNK OK]   RX  -60/5 Q100 TX  -60/5 Q0
2026-09-24T14:27:25.095+03:00 [s1] [O] [LNK OK]   RX  -60/5 Q100 TX  -60/5 Q0
2026-09-24T14:27:26.173+03:00 [s1] [O] [LNK OK]   RX  -60/6 Q100 TX  -60/5 Q0
2026-09-24T14:27:27.119+03:00 [s1] [O] [LNK OK]   RX  -61/5 Q100 TX  -60/5 Q0
2026-09-24T14:27:28.154+03:00 [s1] [O] [LNK OK]   RX  -60/5 Q100 TX  -60/5 Q0
2026-09-24T14:27:29.100+03:00 [s1] [O] [LNK OK]   RX  -60/5 Q100 TX  -60/5 Q0
2026-09-24T14:27:30.088+03:00 [s1] [O] [LNK OK]   RX  -60/5 Q100 TX  -60/6 Q0
2026-09-24T14:27:31.169+03:00 [s1] [O] [LNK OK]   RX  -59/5 Q100 TX  -60/5 Q0
2026-09-24T14:27:32.203+03:00 [s1] [O] [LNK OK]   RX  -60/5 Q100 TX  -60/5 Q0
2026-09-24T14:27:33.149+03:00 [s1] [O] [LNK OK]   RX  -60/5 Q100 TX  -60/5 Q0
2026-09-24T14:27:34.589+03:00 [s1] [O] [LNK CRC]  RX  -61/3 Q97  TX  ---/--- Q0
2026-09-24T14:27:35.217+03:00 [s1] [O] [LNK OK]   RX  -60/5 Q97  TX  -60/5 Q0
2026-09-24T14:27:36.164+03:00 [s1] [O] [LNK OK]   RX  -60/5 Q97  TX  -60/6 Q0
2026-09-24T14:27:37.109+03:00 [s1] [O] [LNK OK]   RX  -60/5 Q97  TX  -60/5 Q0
2026-09-24T14:27:38.143+03:00 [s1] [O] [LNK OK]   RX  -60/5 Q97  TX  -60/6 Q0
2026-09-24T14:27:39.135+03:00 [s1] [O] [LNK OK]   RX  -60/5 Q97  TX  -60/5 Q0
2026-09-24T14:27:40.168+03:00 [s1] [O] [LNK OK]   RX  -60/5 Q97  TX  -60/5 Q0
2026-09-24T14:27:41.115+03:00 [s1] [O] [LNK OK]   RX  -60/5 Q97  TX  -60/5 Q0
2026-09-24T14:27:42.193+03:00 [s1] [O] [LNK OK]   RX  -60/5 Q97  TX  -60/5 Q0
2026-09-24T14:27:43.138+03:00 [s1] [O] [LNK OK]   RX  -60/5 Q97  TX  -59/5 Q0
2026-09-24T14:27:43.813+03:00 [s1] [O] [DIAG] 64B TX=86 RX=84 CRC=1 HDR=0 NRP=1 [30S] TX=29 RX=28 CRC=1 HDR=0 NRP=0 RQ=99 TQ=0
2026-09-24T14:27:43.828+03:00 [s1] [I] /diag size 200
2026-09-24T14:27:44.129+03:00 [s1] [O] [SYS] DIAG SIZE BUSY: heartbeat transaction active
2026-09-24T14:27:44.131+03:00 [s1] [O] [LNK OK]   RX  -60/5 Q97  TX  -60/5 Q0
2026-09-24T14:27:45.296+03:00 [s1] [O] [LNK OK]   RX  -60/5 Q97  TX  -60/6 Q0
2026-09-24T14:27:46.285+03:00 [s1] [O] [LNK OK]   RX  -60/5 Q97  TX  -60/5 Q0
2026-09-24T14:27:47.320+03:00 [s1] [O] [LNK OK]   RX  -60/5 Q97  TX  -60/6 Q0
2026-09-24T14:27:48.311+03:00 [s1] [O] [LNK OK]   RX  -60/5 Q97  TX  -60/5 Q0
2026-09-24T14:27:49.346+03:00 [s1] [O] [LNK OK]   RX  -60/5 Q97  TX  -59/5 Q0
2026-09-24T14:27:50.292+03:00 [s1] [O] [LNK OK]   RX  -60/5 Q97  TX  -60/6 Q0
2026-09-24T14:27:51.283+03:00 [s1] [O] [LNK OK]   RX  -60/5 Q97  TX  -60/5 Q0
2026-09-24T14:27:52.185+03:00 [s1] [O] [LNK OK]   RX  -60/5 Q97  TX  -60/5 Q0
2026-09-24T14:27:53.174+03:00 [s1] [O] [LNK OK]   RX  -61/5 Q97  TX  -60/6 Q0
2026-09-24T14:27:54.295+03:00 [s1] [O] [LNK OK]   RX  -60/5 Q97  TX  -60/5 Q0
2026-09-24T14:27:55.331+03:00 [s1] [O] [LNK OK]   RX  -60/5 Q97  TX  -60/5 Q0
2026-09-24T14:27:56.321+03:00 [s1] [O] [LNK OK]   RX  -60/5 Q97  TX  -59/5 Q0
2026-09-24T14:27:57.267+03:00 [s1] [O] [LNK OK]   RX  -60/5 Q97  TX  -60/5 Q0
2026-09-24T14:27:58.348+03:00 [s1] [O] [LNK OK]   RX  -60/5 Q97  TX  -60/5 Q0
2026-09-24T14:27:59.246+03:00 [s1] [O] [LNK OK]   RX  -60/5 Q97  TX  -60/5 Q0
2026-09-24T14:28:00.193+03:00 [s1] [O] [LNK OK]   RX  -60/5 Q97  TX  -60/5 Q0
2026-09-24T14:28:01.229+03:00 [s1] [O] [LNK OK]   RX  -60/5 Q97  TX  -60/5 Q0
2026-09-24T14:28:02.220+03:00 [s1] [O] [LNK OK]   RX  -60/5 Q97  TX  -60/5 Q0
2026-09-24T14:28:03.252+03:00 [s1] [O] [LNK OK]   RX  -60/5 Q97  TX  -60/6 Q0
2026-09-24T14:28:04.198+03:00 [s1] [O] [LNK OK]   RX  -60/5 Q97  TX  -60/6 Q0
2026-09-24T14:28:05.280+03:00 [s1] [O] [LNK OK]   RX  -60/5 Q97  TX  -60/6 Q0
2026-09-24T14:28:06.224+03:00 [s1] [O] [LNK OK]   RX  -60/5 Q100 TX  -60/5 Q0
2026-09-24T14:28:07.305+03:00 [s1] [O] [LNK OK]   RX  -60/5 Q100 TX  -60/5 Q0
2026-09-24T14:28:08.246+03:00 [s1] [O] [LNK OK]   RX  -60/5 Q100 TX  -60/5 Q0
2026-09-24T14:28:09.239+03:00 [s1] [O] [LNK OK]   RX  -60/5 Q100 TX  -60/6 Q0
2026-09-24T14:28:10.274+03:00 [s1] [O] [LNK OK]   RX  -60/5 Q100 TX  -60/5 Q0
2026-09-24T14:28:11.161+03:00 [s1] [I] /diag size 200
2026-09-24T14:28:11.218+03:00 [s1] [O] [SYS] DIAG SIZE BUSY: heartbeat transaction active
2026-09-24T14:28:11.221+03:00 [s1] [O] [LNK OK]   RX  -60/5 Q100 TX  -60/5 Q0
2026-09-24T14:28:12.299+03:00 [s1] [O] [LNK OK]   RX  -60/5 Q100 TX  -60/6 Q0
2026-09-24T14:28:13.244+03:00 [s1] [O] [LNK OK]   RX  -60/5 Q100 TX  -60/5 Q0
2026-09-24T14:28:13.786+03:00 [s1] [O] [DIAG] 64B TX=116 RX=114 CRC=1 HDR=0 NRP=1 [30S] TX=30 RX=30 CRC=0 HDR=0 NRP=0 RQ=98 TQ=0
2026-09-24T14:28:14.234+03:00 [s1] [O] [LNK OK]   RX  -60/5 Q100 TX  -60/5 Q0
2026-09-24T14:28:15.269+03:00 [s1] [O] [LNK OK]   RX  -60/5 Q100 TX  -60/5 Q0
2026-09-24T14:28:16.259+03:00 [s1] [O] [LNK OK]   RX  -59/5 Q100 TX  -60/5 Q0
2026-09-24T14:28:17.294+03:00 [s1] [O] [LNK OK]   RX  -60/5 Q100 TX  -61/5 Q0
2026-09-24T14:28:18.284+03:00 [s1] [O] [LNK OK]   RX  -60/5 Q100 TX  -60/6 Q0
2026-09-24T14:28:19.318+03:00 [s1] [O] [LNK OK]   RX  -60/6 Q100 TX  -60/5 Q0
2026-09-24T14:28:20.263+03:00 [s1] [O] [LNK OK]   RX  -60/5 Q100 TX  -60/5 Q0
2026-09-24T14:28:21.253+03:00 [s1] [O] [LNK OK]   RX  -60/5 Q100 TX  -60/6 Q0
2026-09-24T14:28:22.290+03:00 [s1] [O] [LNK OK]   RX  -60/5 Q100 TX  -60/6 Q0
2026-09-24T14:28:23.279+03:00 [s1] [O] [LNK OK]   RX  -60/5 Q100 TX  -59/5 Q0
2026-09-24T14:28:24.357+03:00 [s1] [O] [LNK OK]   RX  -60/5 Q100 TX  -60/5 Q0
2026-09-24T14:28:25.304+03:00 [s1] [O] [LNK OK]   RX  -60/5 Q100 TX  -60/5 Q0
2026-09-24T14:28:26.338+03:00 [s1] [O] [LNK OK]   RX  -60/5 Q100 TX  -59/5 Q0
2026-09-24T14:28:27.284+03:00 [s1] [O] [LNK OK]   RX  -60/5 Q100 TX  -60/5 Q0
2026-09-24T14:28:28.363+03:00 [s1] [O] [LNK OK]   RX  -60/5 Q100 TX  -60/5 Q0
2026-09-24T14:28:29.308+03:00 [s1] [O] [LNK OK]   RX  -60/5 Q100 TX  -60/5 Q0
2026-09-24T14:28:30.301+03:00 [s1] [O] [LNK OK]   RX  -60/5 Q100 TX  -60/5 Q0
2026-09-24T14:28:31.333+03:00 [s1] [O] [LNK OK]   RX  -60/5 Q100 TX  -60/5 Q0
2026-09-24T14:28:32.323+03:00 [s1] [O] [LNK OK]   RX  -60/5 Q100 TX  -60/5 Q0
2026-09-24T14:28:33.400+03:00 [s1] [O] [LNK OK]   RX  -60/5 Q100 TX  -59/6 Q0
2026-09-24T14:28:34.303+03:00 [s1] [O] [LNK OK]   RX  -60/5 Q100 TX  -59/5 Q0
2026-09-24T14:28:35.383+03:00 [s1] [O] [LNK OK]   RX  -60/5 Q100 TX  -60/5 Q0
2026-09-24T14:28:36.328+03:00 [s1] [O] [LNK OK]   RX  -59/6 Q100 TX  -60/5 Q0
2026-09-24T14:28:37.319+03:00 [s1] [O] [LNK OK]   RX  -60/5 Q100 TX  -60/5 Q0
2026-09-24T14:28:38.398+03:00 [s1] [O] [LNK OK]   RX  -60/5 Q100 TX  -60/5 Q0
2026-09-24T14:28:39.342+03:00 [s1] [O] [LNK OK]   RX  -60/5 Q100 TX  -60/5 Q0
2026-09-24T14:28:39.719+03:00 [s1] [I] /diag size 200
2026-09-24T14:28:39.792+03:00 [s1] [O] [SYS] DIAG frame=200B
2026-09-24T14:28:41.187+03:00 [s1] [O] [LNK OK]   RX  -61/6 Q100 TX  -60/5 Q0
2026-09-24T14:28:42.133+03:00 [s1] [O] [LNK OK]   RX  -60/5 Q100 TX  -60/5 Q0
2026-09-24T14:28:43.213+03:00 [s1] [O] [LNK OK]   RX  -60/5 Q100 TX  -60/6 Q0
2026-09-24T14:28:44.158+03:00 [s1] [O] [LNK OK]   RX  -60/5 Q100 TX  -60/5 Q0
2026-09-24T14:28:45.147+03:00 [s1] [O] [LNK OK]   RX  -60/5 Q100 TX  -60/6 Q0
2026-09-24T14:28:46.183+03:00 [s1] [O] [LNK OK]   RX  -60/6 Q100 TX  -60/5 Q0
2026-09-24T14:28:47.219+03:00 [s1] [O] [LNK OK]   RX  -60/6 Q100 TX  -60/5 Q0
2026-09-24T14:28:48.298+03:00 [s1] [O] [LNK OK]   RX  -60/5 Q100 TX  -59/5 Q0
2026-09-24T14:28:49.195+03:00 [s1] [O] [LNK OK]   RX  -61/5 Q100 TX  -60/5 Q0
2026-09-24T14:28:50.234+03:00 [s1] [O] [LNK OK]   RX  -61/6 Q100 TX  -61/5 Q0
2026-09-24T14:28:51.177+03:00 [s1] [O] [LNK OK]   RX  -60/5 Q100 TX  -60/5 Q0
2026-09-24T14:28:52.169+03:00 [s1] [O] [LNK OK]   RX  -60/5 Q100 TX  -60/6 Q0
2026-09-24T14:28:53.204+03:00 [s1] [O] [LNK OK]   RX  -60/5 Q100 TX  -60/5 Q0
2026-09-24T14:28:54.193+03:00 [s1] [O] [LNK OK]   RX  -60/5 Q100 TX  -60/5 Q0
2026-09-24T14:28:55.228+03:00 [s1] [O] [LNK OK]   RX  -60/5 Q100 TX  -60/5 Q0
2026-09-24T14:28:56.218+03:00 [s1] [O] [LNK OK]   RX  -61/6 Q100 TX  -59/6 Q0
2026-09-24T14:28:57.254+03:00 [s1] [O] [LNK OK]   RX  -61/6 Q100 TX  -60/5 Q0
2026-09-24T14:28:58.199+03:00 [s1] [O] [LNK OK]   RX  -60/5 Q100 TX  -60/5 Q0
2026-09-24T14:28:59.277+03:00 [s1] [O] [LNK OK]   RX  -60/5 Q100 TX  -60/5 Q0
2026-09-24T14:29:00.224+03:00 [s1] [O] [LNK OK]   RX  -60/6 Q100 TX  -59/5 Q0
2026-09-24T14:29:01.213+03:00 [s1] [O] [LNK OK]   RX  -61/5 Q100 TX  -60/6 Q0
2026-09-24T14:29:02.251+03:00 [s1] [O] [LNK OK]   RX  -60/5 Q100 TX  -60/5 Q0
2026-09-24T14:29:03.238+03:00 [s1] [O] [LNK OK]   RX  -61/5 Q100 TX  -60/5 Q0
2026-09-24T14:29:04.275+03:00 [s1] [O] [LNK OK]   RX  -61/5 Q100 TX  -60/5 Q0
2026-09-24T14:29:05.264+03:00 [s1] [O] [LNK OK]   RX  -61/5 Q100 TX  -60/6 Q0
2026-09-24T14:29:06.298+03:00 [s1] [O] [LNK OK]   RX  -60/5 Q100 TX  -60/5 Q0
2026-09-24T14:29:07.245+03:00 [s1] [O] [LNK OK]   RX  -60/5 Q100 TX  -60/5 Q0
2026-09-24T14:29:08.041+03:00 [s1] [I] /diag size 225
2026-09-24T14:29:08.099+03:00 [s1] [O] [SYS] DIAG SIZE BUSY: heartbeat transaction active
2026-09-24T14:29:08.455+03:00 [s1] [O] [LNK OK]   RX  -60/5 Q100 TX  -60/5 Q0
2026-09-24T14:29:09.270+03:00 [s1] [O] [LNK OK]   RX  -60/5 Q100 TX  -60/5 Q0
2026-09-24T14:29:09.808+03:00 [s1] [O] [DIAG] 200B TX=171 RX=169 CRC=1 HDR=0 NRP=1 [30S] TX=29 RX=29 CRC=0 HDR=0 NRP=0 RQ=100 TQ=0
2026-09-24T14:29:10.260+03:00 [s1] [O] [LNK OK]   RX  -60/5 Q100 TX  -60/5 Q0
2026-09-24T14:29:11.295+03:00 [s1] [O] [LNK OK]   RX  -60/5 Q100 TX  -60/5 Q0
2026-09-24T14:29:12.283+03:00 [s1] [O] [LNK OK]   RX  -61/5 Q100 TX  -60/5 Q0
2026-09-24T14:29:13.318+03:00 [s1] [O] [LNK OK]   RX  -61/5 Q100 TX  -60/5 Q0
2026-09-24T14:29:14.262+03:00 [s1] [O] [LNK OK]   RX  -61/5 Q100 TX  -60/5 Q0
2026-09-24T14:29:15.343+03:00 [s1] [O] [LNK OK]   RX  -60/5 Q100 TX  -60/5 Q0
2026-09-24T14:29:16.289+03:00 [s1] [O] [LNK OK]   RX  -61/5 Q100 TX  -60/6 Q0
2026-09-24T14:29:17.280+03:00 [s1] [O] [LNK OK]   RX  -60/5 Q100 TX  -60/5 Q0
2026-09-24T14:29:18.314+03:00 [s1] [O] [LNK OK]   RX  -60/5 Q100 TX  -60/5 Q0
2026-09-24T14:29:19.302+03:00 [s1] [O] [LNK OK]   RX  -60/5 Q100 TX  -60/5 Q0
2026-09-24T14:29:20.340+03:00 [s1] [O] [LNK OK]   RX  -61/5 Q100 TX  -60/6 Q0
2026-09-24T14:29:21.328+03:00 [s1] [O] [LNK OK]   RX  -61/5 Q100 TX  -60/5 Q0
2026-09-24T14:29:22.363+03:00 [s1] [O] [LNK OK]   RX  -60/6 Q100 TX  -61/5 Q0
2026-09-24T14:29:23.352+03:00 [s1] [O] [LNK OK]   RX  -60/6 Q100 TX  -60/5 Q0
2026-09-24T14:29:24.837+03:00 [s1] [O] [LNK NRP]  RX  ---/--- Q97  TX  ---/--- Q0
2026-09-24T14:29:25.334+03:00 [s1] [O] [LNK OK]   RX  -60/5 Q97  TX  -60/5 Q0
2026-09-24T14:29:26.323+03:00 [s1] [O] [LNK OK]   RX  -60/5 Q97  TX  -61/5 Q0
2026-09-24T14:29:27.359+03:00 [s1] [O] [LNK OK]   RX  -60/6 Q97  TX  -60/5 Q0
2026-09-24T14:29:28.349+03:00 [s1] [O] [LNK OK]   RX  -61/6 Q97  TX  -61/5 Q0
2026-09-24T14:29:29.382+03:00 [s1] [O] [LNK OK]   RX  -61/5 Q97  TX  -60/6 Q0
2026-09-24T14:29:30.374+03:00 [s1] [O] [LNK OK]   RX  -60/5 Q97  TX  -60/6 Q0
2026-09-24T14:29:31.408+03:00 [s1] [O] [LNK OK]   RX  -61/5 Q97  TX  -61/5 Q0
2026-09-24T14:29:32.353+03:00 [s1] [O] [LNK OK]   RX  -61/6 Q97  TX  -61/5 Q0
2026-09-24T14:29:33.433+03:00 [s1] [O] [LNK OK]   RX  -60/5 Q97  TX  -61/6 Q0
2026-09-24T14:29:34.423+03:00 [s1] [O] [LNK OK]   RX  -60/5 Q97  TX  -60/6 Q0
2026-09-24T14:29:35.175+03:00 [s1] [I] /diag size 225
2026-09-24T14:29:35.232+03:00 [s1] [O] [SYS] DIAG SIZE BUSY: heartbeat transaction active
2026-09-24T14:29:35.369+03:00 [s1] [O] [LNK OK]   RX  -60/5 Q97  TX  -61/5 Q0
2026-09-24T14:29:36.403+03:00 [s1] [O] [LNK OK]   RX  -60/6 Q97  TX  -60/5 Q0
2026-09-24T14:29:37.393+03:00 [s1] [O] [LNK OK]   RX  -61/6 Q97  TX  -61/5 Q0
2026-09-24T14:29:38.878+03:00 [s1] [O] [LNK NRP]  RX  ---/--- Q94  TX  ---/--- Q0
2026-09-24T14:29:39.509+03:00 [s1] [O] [LNK OK]   RX  -60/5 Q94  TX  -60/5 Q0
2026-09-24T14:29:39.781+03:00 [s1] [O] [DIAG] 200B TX=201 RX=197 CRC=1 HDR=0 NRP=3 [30S] TX=30 RX=28 CRC=0 HDR=0 NRP=2 RQ=98 TQ=0
2026-09-24T14:29:40.455+03:00 [s1] [O] [LNK OK]   RX  -61/5 Q94  TX  -61/6 Q0
2026-09-24T14:29:41.532+03:00 [s1] [O] [LNK OK]   RX  -60/5 Q94  TX  -60/5 Q0
2026-09-24T14:29:42.478+03:00 [s1] [O] [LNK OK]   RX  -61/5 Q94  TX  -60/5 Q0
2026-09-24T14:29:43.470+03:00 [s1] [O] [LNK OK]   RX  -61/5 Q94  TX  -60/6 Q0
2026-09-24T14:29:44.504+03:00 [s1] [O] [LNK OK]   RX  -60/5 Q94  TX  -60/6 Q0
2026-09-24T14:29:45.495+03:00 [s1] [O] [LNK OK]   RX  -60/5 Q94  TX  -60/5 Q0
2026-09-24T14:29:46.527+03:00 [s1] [O] [LNK OK]   RX  -61/5 Q94  TX  -60/5 Q0
2026-09-24T14:29:47.609+03:00 [s1] [O] [LNK OK]   RX  -60/5 Q94  TX  -60/5 Q0
2026-09-24T14:29:48.553+03:00 [s1] [O] [LNK OK]   RX  -60/6 Q94  TX  -61/6 Q0
2026-09-24T14:29:49.542+03:00 [s1] [O] [LNK OK]   RX  -61/5 Q94  TX  -60/5 Q0
2026-09-24T14:29:50.580+03:00 [s1] [O] [LNK OK]   RX  -60/5 Q94  TX  -60/5 Q0
2026-09-24T14:29:51.525+03:00 [s1] [O] [LNK OK]   RX  -60/5 Q94  TX  -60/6 Q0
2026-09-24T14:29:52.603+03:00 [s1] [O] [LNK OK]   RX  -60/5 Q94  TX  -60/5 Q0
2026-09-24T14:29:53.548+03:00 [s1] [O] [LNK OK]   RX  -60/5 Q94  TX  -60/5 Q0
2026-09-24T14:29:54.537+03:00 [s1] [O] [LNK OK]   RX  -60/5 Q94  TX  -60/5 Q0
2026-09-24T14:29:55.573+03:00 [s1] [O] [LNK OK]   RX  -60/6 Q94  TX  -60/6 Q0
2026-09-24T14:29:56.566+03:00 [s1] [O] [LNK OK]   RX  -61/6 Q97  TX  -60/5 Q0
2026-09-24T14:29:57.598+03:00 [s1] [O] [LNK OK]   RX  -60/5 Q97  TX  -61/6 Q0
2026-09-24T14:29:58.543+03:00 [s1] [O] [LNK OK]   RX  -61/6 Q97  TX  -60/5 Q0
2026-09-24T14:29:59.623+03:00 [s1] [O] [LNK OK]   RX  -60/5 Q97  TX  -60/5 Q0
2026-09-24T14:30:00.567+03:00 [s1] [O] [LNK OK]   RX  -60/5 Q97  TX  -60/5 Q0
2026-09-24T14:30:01.557+03:00 [s1] [O] [LNK OK]   RX  -60/5 Q97  TX  -60/5 Q0
2026-09-24T14:30:02.549+03:00 [s1] [O] [LNK OK]   RX  -61/5 Q97  TX  -60/5 Q0
2026-09-24T14:30:03.627+03:00 [s1] [O] [LNK OK]   RX  -61/6 Q97  TX  -60/5 Q0
2026-09-24T14:30:04.601+03:00 [s1] [I] /diag size 225
2026-09-24T14:30:04.662+03:00 [s1] [O] [LNK OK]   RX  -60/6 Q97  TX  -60/5 Q0
2026-09-24T14:30:04.666+03:00 [s1] [O] [SYS] DIAG frame=225B
2026-09-24T14:30:06.013+03:00 [s1] [O] [LNK OK]   RX  -60/5 Q97  TX  -59/5 Q0
2026-09-24T14:30:07.051+03:00 [s1] [O] [LNK OK]   RX  -60/5 Q97  TX  -59/5 Q0
2026-09-24T14:30:08.039+03:00 [s1] [O] [LNK OK]   RX  -59/5 Q97  TX  -59/5 Q0
2026-09-24T14:30:09.073+03:00 [s1] [O] [LNK OK]   RX  -60/5 Q97  TX  -59/5 Q0
2026-09-24T14:30:10.062+03:00 [s1] [O] [LNK OK]   RX  -60/5 Q97  TX  -59/5 Q0
2026-09-24T14:30:11.099+03:00 [s1] [O] [LNK OK]   RX  -60/5 Q100 TX  -59/5 Q0
2026-09-24T14:30:12.043+03:00 [s1] [O] [LNK OK]   RX  -60/5 Q100 TX  -59/5 Q0
2026-09-24T14:30:13.124+03:00 [s1] [O] [LNK OK]   RX  -60/5 Q100 TX  -59/5 Q0
2026-09-24T14:30:14.112+03:00 [s1] [O] [LNK OK]   RX  -60/5 Q100 TX  -59/5 Q0
2026-09-24T14:30:15.059+03:00 [s1] [O] [LNK OK]   RX  -60/5 Q100 TX  -60/5 Q0
2026-09-24T14:30:16.094+03:00 [s1] [O] [LNK OK]   RX  -60/6 Q100 TX  -60/5 Q0
2026-09-24T14:30:17.084+03:00 [s1] [O] [LNK OK]   RX  -60/5 Q100 TX  -59/5 Q0
2026-09-24T14:30:18.120+03:00 [s1] [O] [LNK OK]   RX  -60/5 Q100 TX  -59/5 Q0
2026-09-24T14:30:19.285+03:00 [s1] [O] [LNK OK]   RX  -60/5 Q100 TX  -60/6 Q0
2026-09-24T14:30:20.143+03:00 [s1] [O] [LNK OK]   RX  -60/5 Q100 TX  -59/5 Q0
2026-09-24T14:30:21.090+03:00 [s1] [O] [LNK OK]   RX  -60/5 Q100 TX  -60/5 Q0
2026-09-24T14:30:22.079+03:00 [s1] [O] [LNK OK]   RX  -60/5 Q100 TX  -60/6 Q0
2026-09-24T14:30:23.113+03:00 [s1] [O] [LNK OK]   RX  -60/5 Q100 TX  -59/5 Q0
2026-09-24T14:30:24.280+03:00 [s1] [O] [LNK OK]   RX  -60/6 Q100 TX  -60/5 Q0
2026-09-24T14:30:25.139+03:00 [s1] [O] [LNK OK]   RX  -60/5 Q100 TX  -59/5 Q0
2026-09-24T14:30:26.129+03:00 [s1] [O] [LNK OK]   RX  -60/5 Q100 TX  -60/5 Q0
2026-09-24T14:30:27.250+03:00 [s1] [O] [LNK OK]   RX  -60/5 Q100 TX  -59/5 Q0
2026-09-24T14:30:28.109+03:00 [s1] [O] [LNK OK]   RX  -60/5 Q100 TX  -60/5 Q0
2026-09-24T14:30:29.275+03:00 [s1] [O] [LNK OK]   RX  -60/6 Q100 TX  -60/5 Q0
2026-09-24T14:30:30.266+03:00 [s1] [O] [LNK OK]   RX  -60/6 Q100 TX  -59/5 Q0
2026-09-24T14:30:31.167+03:00 [s1] [O] [LNK OK]   RX  -60/5 Q100 TX  -60/5 Q0
2026-09-24T14:30:31.960+03:00 [s1] [I] /diag size 255
2026-09-24T14:30:32.067+03:00 [s1] [O] [SYS] DIAG SIZE BUSY: heartbeat transaction active
2026-09-24T14:30:32.205+03:00 [s1] [O] [LNK OK]   RX  -60/5 Q100 TX  -60/5 Q0
2026-09-24T14:30:33.148+03:00 [s1] [O] [LNK OK]   RX  -60/6 Q100 TX  -59/5 Q0
2026-09-24T14:30:34.227+03:00 [s1] [O] [LNK OK]   RX  -60/5 Q100 TX  -60/5 Q0
2026-09-24T14:30:34.634+03:00 [s1] [O] [DIAG] 225B TX=255 RX=251 CRC=1 HDR=0 NRP=3 [30S] TX=29 RX=29 CRC=0 HDR=0 NRP=0 RQ=99 TQ=0
2026-09-24T14:30:35.172+03:00 [s1] [O] [LNK OK]   RX  -60/5 Q100 TX  -60/5 Q0
2026-09-24T14:30:36.207+03:00 [s1] [O] [LNK OK]   RX  -60/5 Q100 TX  -59/5 Q0
2026-09-24T14:30:37.154+03:00 [s1] [O] [LNK OK]   RX  -60/6 Q100 TX  -60/5 Q0
2026-09-24T14:30:38.233+03:00 [s1] [O] [LNK OK]   RX  -60/5 Q100 TX  -60/5 Q0
2026-09-24T14:30:39.182+03:00 [s1] [O] [LNK OK]   RX  -59/5 Q100 TX  -60/5 Q0
2026-09-24T14:30:40.168+03:00 [s1] [O] [LNK OK]   RX  -60/5 Q100 TX  -60/5 Q0
2026-09-24T14:30:41.202+03:00 [s1] [O] [LNK OK]   RX  -60/5 Q100 TX  -60/5 Q0
2026-09-24T14:30:42.192+03:00 [s1] [O] [LNK OK]   RX  -60/5 Q100 TX  -60/6 Q0
2026-09-24T14:30:43.229+03:00 [s1] [O] [LNK OK]   RX  -60/6 Q100 TX  -59/6 Q0
2026-09-24T14:30:44.219+03:00 [s1] [O] [LNK OK]   RX  -60/5 Q100 TX  -60/5 Q0
2026-09-24T14:30:45.254+03:00 [s1] [O] [LNK OK]   RX  -60/5 Q100 TX  -59/6 Q0
2026-09-24T14:30:46.197+03:00 [s1] [O] [LNK OK]   RX  -60/5 Q100 TX  -60/5 Q0
2026-09-24T14:30:47.188+03:00 [s1] [O] [LNK OK]   RX  -60/5 Q100 TX  -60/5 Q0
2026-09-24T14:30:48.223+03:00 [s1] [O] [LNK OK]   RX  -60/6 Q100 TX  -60/5 Q0
2026-09-24T14:30:49.213+03:00 [s1] [O] [LNK OK]   RX  -60/5 Q100 TX  -60/5 Q0
2026-09-24T14:30:50.248+03:00 [s1] [O] [LNK OK]   RX  -60/5 Q100 TX  -60/5 Q0
2026-09-24T14:30:51.327+03:00 [s1] [O] [LNK OK]   RX  -60/5 Q100 TX  -60/5 Q0
2026-09-24T14:30:52.275+03:00 [s1] [O] [LNK OK]   RX  -60/5 Q100 TX  -60/5 Q0
2026-09-24T14:30:53.220+03:00 [s1] [O] [LNK OK]   RX  -60/5 Q100 TX  -60/5 Q0
2026-09-24T14:30:54.300+03:00 [s1] [O] [LNK OK]   RX  -60/5 Q100 TX  -59/6 Q0
2026-09-24T14:30:55.246+03:00 [s1] [O] [LNK OK]   RX  -60/5 Q100 TX  -60/5 Q0
2026-09-24T14:30:56.232+03:00 [s1] [O] [LNK OK]   RX  -60/6 Q100 TX  -60/5 Q0
2026-09-24T14:30:57.269+03:00 [s1] [O] [LNK OK]   RX  -60/5 Q100 TX  -60/5 Q0
2026-09-24T14:30:58.347+03:00 [s1] [O] [LNK OK]   RX  -60/5 Q100 TX  -60/5 Q0
2026-09-24T14:30:59.338+03:00 [s1] [O] [LNK OK]   RX  -60/5 Q100 TX  -60/5 Q0
2026-09-24T14:31:00.122+03:00 [s1] [I] /diag size 255
2026-09-24T14:31:00.192+03:00 [s1] [O] [SYS] DIAG SIZE BUSY: heartbeat transaction active
2026-09-24T14:31:00.284+03:00 [s1] [O] [LNK OK]   RX  -60/5 Q100 TX  -60/5 Q0
2026-09-24T14:31:01.319+03:00 [s1] [O] [LNK OK]   RX  -60/5 Q100 TX  -60/5 Q0
2026-09-24T14:31:02.265+03:00 [s1] [O] [LNK OK]   RX  -60/5 Q100 TX  -60/5 Q0
2026-09-24T14:31:03.344+03:00 [s1] [O] [LNK OK]   RX  -60/5 Q100 TX  -59/5 Q0
2026-09-24T14:31:04.289+03:00 [s1] [O] [LNK OK]   RX  -60/5 Q100 TX  -60/5 Q0
2026-09-24T14:31:04.651+03:00 [s1] [O] [DIAG] 225B TX=285 RX=281 CRC=1 HDR=0 NRP=3 [30S] TX=30 RX=30 CRC=0 HDR=0 NRP=0 RQ=100 TQ=0
2026-09-24T14:31:05.278+03:00 [s1] [O] [LNK OK]   RX  -59/5 Q100 TX  -59/5 Q0
2026-09-24T14:31:06.314+03:00 [s1] [O] [LNK OK]   RX  -60/6 Q100 TX  -59/5 Q0
2026-09-24T14:31:07.303+03:00 [s1] [O] [LNK OK]   RX  -60/5 Q100 TX  -60/5 Q0
2026-09-24T14:31:08.337+03:00 [s1] [O] [LNK OK]   RX  -60/5 Q100 TX  -60/5 Q0
2026-09-24T14:31:09.330+03:00 [s1] [O] [LNK OK]   RX  -60/5 Q100 TX  -60/6 Q0
2026-09-24T14:31:10.366+03:00 [s1] [O] [LNK OK]   RX  -60/6 Q100 TX  -59/5 Q0
2026-09-24T14:31:11.308+03:00 [s1] [O] [LNK OK]   RX  -60/5 Q100 TX  -60/5 Q0
2026-09-24T14:31:12.520+03:00 [s1] [O] [LNK OK]   RX  -60/5 Q100 TX  -59/5 Q0
2026-09-24T14:31:13.335+03:00 [s1] [O] [LNK OK]   RX  -60/6 Q100 TX  -60/5 Q0
2026-09-24T14:31:14.323+03:00 [s1] [O] [LNK OK]   RX  -60/5 Q100 TX  -60/5 Q0
2026-09-24T14:31:15.359+03:00 [s1] [O] [LNK OK]   RX  -60/5 Q100 TX  -60/5 Q0
2026-09-24T14:31:16.348+03:00 [s1] [O] [LNK OK]   RX  -60/6 Q100 TX  -60/5 Q0
2026-09-24T14:31:17.384+03:00 [s1] [O] [LNK OK]   RX  -60/5 Q100 TX  -60/5 Q0
2026-09-24T14:31:18.328+03:00 [s1] [O] [LNK OK]   RX  -60/5 Q100 TX  -59/5 Q0
2026-09-24T14:31:19.407+03:00 [s1] [O] [LNK OK]   RX  -60/6 Q100 TX  -59/6 Q0
2026-09-24T14:31:20.352+03:00 [s1] [O] [LNK OK]   RX  -60/5 Q100 TX  -59/5 Q0
2026-09-24T14:31:21.343+03:00 [s1] [O] [LNK OK]   RX  -60/5 Q100 TX  -60/6 Q0
2026-09-24T14:31:22.376+03:00 [s1] [O] [LNK OK]   RX  -60/5 Q100 TX  -59/5 Q0
2026-09-24T14:31:23.369+03:00 [s1] [O] [LNK OK]   RX  -60/5 Q100 TX  -59/5 Q0
2026-09-24T14:31:24.403+03:00 [s1] [O] [LNK OK]   RX  -60/5 Q100 TX  -59/5 Q0
2026-09-24T14:31:25.393+03:00 [s1] [O] [LNK OK]   RX  -60/5 Q100 TX  -59/6 Q0
2026-09-24T14:31:26.428+03:00 [s1] [O] [LNK OK]   RX  -61/5 Q100 TX  -60/6 Q0
2026-09-24T14:31:27.373+03:00 [s1] [O] [LNK OK]   RX  -60/5 Q100 TX  -60/5 Q0
2026-09-24T14:31:28.160+03:00 [s1] [I] /diag size 255
2026-09-24T14:31:28.227+03:00 [s1] [O] [SYS] DIAG SIZE BUSY: heartbeat transaction active
2026-09-24T14:31:28.454+03:00 [s1] [O] [LNK OK]   RX  -60/5 Q100 TX  -60/6 Q0
2026-09-24T14:31:29.399+03:00 [s1] [O] [LNK OK]   RX  -60/5 Q100 TX  -60/5 Q0
2026-09-24T14:31:30.388+03:00 [s1] [O] [LNK OK]   RX  -60/5 Q100 TX  -59/5 Q0
2026-09-24T14:31:31.423+03:00 [s1] [O] [LNK OK]   RX  -60/5 Q100 TX  -60/6 Q0
2026-09-24T14:31:32.413+03:00 [s1] [O] [LNK OK]   RX  -60/5 Q100 TX  -59/5 Q0
2026-09-24T14:31:33.492+03:00 [s1] [O] [LNK OK]   RX  -60/5 Q100 TX  -59/6 Q0
2026-09-24T14:31:34.439+03:00 [s1] [O] [LNK OK]   RX  -60/5 Q100 TX  -60/5 Q0
2026-09-24T14:31:34.664+03:00 [s1] [O] [DIAG] 225B TX=315 RX=311 CRC=1 HDR=0 NRP=3 [30S] TX=30 RX=30 CRC=0 HDR=0 NRP=0 RQ=100 TQ=0
2026-09-24T14:31:35.472+03:00 [s1] [O] [LNK OK]   RX  -60/5 Q100 TX  -59/5 Q0
2026-09-24T14:31:36.418+03:00 [s1] [O] [LNK OK]   RX  -60/5 Q100 TX  -59/5 Q0
2026-09-24T14:31:37.497+03:00 [s1] [O] [LNK OK]   RX  -60/5 Q100 TX  -60/5 Q0
2026-09-24T14:31:38.444+03:00 [s1] [O] [LNK OK]   RX  -60/5 Q100 TX  -59/5 Q0
2026-09-24T14:31:39.432+03:00 [s1] [O] [LNK OK]   RX  -60/5 Q100 TX  -60/5 Q0
2026-09-24T14:31:40.464+03:00 [s1] [O] [LNK OK]   RX  -60/5 Q100 TX  -59/5 Q0
2026-09-24T14:31:41.458+03:00 [s1] [O] [LNK OK]   RX  -60/6 Q100 TX  -59/5 Q0
2026-09-24T14:31:42.493+03:00 [s1] [O] [LNK OK]   RX  -60/5 Q100 TX  -60/5 Q0
2026-09-24T14:31:43.439+03:00 [s1] [O] [LNK OK]   RX  -60/5 Q100 TX  -60/5 Q0
2026-09-24T14:31:44.518+03:00 [s1] [O] [LNK OK]   RX  -60/5 Q100 TX  -59/5 Q0
2026-09-24T14:31:45.463+03:00 [s1] [O] [LNK OK]   RX  -60/5 Q100 TX  -59/6 Q0
2026-09-24T14:31:46.455+03:00 [s1] [O] [LNK OK]   RX  -60/6 Q100 TX  -59/5 Q0
2026-09-24T14:31:47.488+03:00 [s1] [O] [LNK OK]   RX  -60/5 Q100 TX  -60/5 Q0
2026-09-24T14:31:48.479+03:00 [s1] [O] [LNK OK]   RX  -59/5 Q100 TX  -59/5 Q0
2026-09-24T14:31:49.510+03:00 [s1] [O] [LNK OK]   RX  -60/5 Q100 TX  -59/5 Q0
2026-09-24T14:31:50.504+03:00 [s1] [O] [LNK OK]   RX  -59/5 Q100 TX  -59/5 Q0
2026-09-24T14:31:51.581+03:00 [s1] [O] [LNK OK]   RX  -60/6 Q100 TX  -59/5 Q0
2026-09-24T14:31:52.484+03:00 [s1] [O] [LNK OK]   RX  -60/5 Q100 TX  -59/5 Q0
2026-09-24T14:31:53.564+03:00 [s1] [O] [LNK OK]   RX  -60/5 Q100 TX  -60/5 Q0
2026-09-24T14:31:54.509+03:00 [s1] [O] [LNK OK]   RX  -60/5 Q100 TX  -60/5 Q0
2026-09-24T14:31:55.499+03:00 [s1] [O] [LNK OK]   RX  -60/5 Q100 TX  -60/5 Q0
2026-09-24T14:31:55.721+03:00 [s1] [I] /diag size 255
2026-09-24T14:31:55.812+03:00 [s1] [O] [SYS] DIAG frame=255B
2026-09-24T14:31:57.209+03:00 [s1] [O] [LNK OK]   RX  -60/6 Q100 TX  -61/6 Q0
2026-09-24T14:31:58.199+03:00 [s1] [O] [LNK OK]   RX  -61/6 Q100 TX  -60/5 Q0
2026-09-24T14:31:59.233+03:00 [s1] [O] [LNK OK]   RX  -60/5 Q100 TX  -61/6 Q0
2026-09-24T14:32:00.224+03:00 [s1] [O] [LNK OK]   RX  -60/5 Q100 TX  -59/5 Q0
2026-09-24T14:32:01.258+03:00 [s1] [O] [LNK OK]   RX  -61/5 Q100 TX  -60/5 Q0
2026-09-24T14:32:02.247+03:00 [s1] [O] [LNK OK]   RX  -61/6 Q100 TX  -60/5 Q0
2026-09-24T14:32:03.327+03:00 [s1] [O] [LNK OK]   RX  -61/5 Q100 TX  -60/5 Q0
2026-09-24T14:32:04.230+03:00 [s1] [O] [LNK OK]   RX  -60/5 Q100 TX  -60/6 Q0
2026-09-24T14:32:05.308+03:00 [s1] [O] [LNK OK]   RX  -60/5 Q100 TX  -60/5 Q0
2026-09-24T14:32:06.253+03:00 [s1] [O] [LNK OK]   RX  -60/5 Q100 TX  -61/6 Q0
2026-09-24T14:32:07.245+03:00 [s1] [O] [LNK OK]   RX  -61/5 Q100 TX  -60/6 Q0
2026-09-24T14:32:08.280+03:00 [s1] [O] [LNK OK]   RX  -60/6 Q100 TX  -60/6 Q0
2026-09-24T14:32:09.269+03:00 [s1] [O] [LNK OK]   RX  -60/5 Q100 TX  -60/6 Q0
2026-09-24T14:32:10.303+03:00 [s1] [O] [LNK OK]   RX  -60/5 Q100 TX  -60/5 Q0
2026-09-24T14:32:11.292+03:00 [s1] [O] [LNK OK]   RX  -61/5 Q100 TX  -60/6 Q0
2026-09-24T14:32:12.328+03:00 [s1] [O] [LNK OK]   RX  -60/5 Q100 TX  -60/5 Q0
2026-09-24T14:32:13.317+03:00 [s1] [O] [LNK OK]   RX  -60/5 Q100 TX  -60/5 Q0
2026-09-24T14:32:14.261+03:00 [s1] [O] [LNK OK]   RX  -60/5 Q100 TX  -61/6 Q0
2026-09-24T14:32:15.429+03:00 [s1] [O] [LNK OK]   RX  -60/5 Q100 TX  -60/6 Q0
2026-09-24T14:32:16.291+03:00 [s1] [O] [LNK OK]   RX  -61/6 Q100 TX  -60/5 Q0
2026-09-24T14:32:17.323+03:00 [s1] [O] [LNK OK]   RX  -61/5 Q100 TX  -60/6 Q0
2026-09-24T14:32:18.314+03:00 [s1] [O] [LNK OK]   RX  -61/6 Q100 TX  -60/5 Q0
2026-09-24T14:32:19.348+03:00 [s1] [O] [LNK OK]   RX  -60/5 Q100 TX  -61/6 Q0
2026-09-24T14:32:20.787+03:00 [s1] [O] [LNK NRP]  RX  ---/--- Q97  TX  ---/--- Q0
2026-09-24T14:32:21.374+03:00 [s1] [O] [LNK OK]   RX  -61/5 Q97  TX  -60/5 Q0
2026-09-24T14:32:22.366+03:00 [s1] [O] [LNK OK]   RX  -61/5 Q97  TX  -60/6 Q0
2026-09-24T14:32:23.398+03:00 [s1] [O] [LNK OK]   RX  -61/6 Q97  TX  -60/6 Q0
2026-09-24T14:32:24.387+03:00 [s1] [O] [LNK OK]   RX  -61/5 Q97  TX  -60/5 Q0
2026-09-24T14:32:25.424+03:00 [s1] [O] [LNK OK]   RX  -61/6 Q97  TX  -60/5 Q0
2026-09-24T14:32:25.783+03:00 [s1] [O] [DIAG] 255B TX=365 RX=360 CRC=1 HDR=0 NRP=4 [30S] TX=29 RX=28 CRC=0 HDR=0 NRP=1 RQ=99 TQ=0
2026-09-24T14:32:26.403+03:00 [s1] [I] /diag off
2026-09-24T14:32:26.414+03:00 [s1] [O] [LNK OK]   RX  -60/5 Q97  TX  -60/6 Q0
2026-09-24T14:32:26.544+03:00 [s1] [O] [SYS] DIAG OFF
2026-09-24T14:32:54.356+03:00 [s1] [I] /sf 12
2026-09-24T14:32:54.360+03:00 [s2] [I] /sf 12
2026-09-24T14:32:54.442+03:00 [s2] [O] [SYS] SF 12 SAVED
2026-09-24T14:32:54.445+03:00 [s1] [O] [SYS] SF 12 SAVED
2026-09-24T14:33:22.246+03:00 [s1] [I] /bw 62.5
2026-09-24T14:33:22.249+03:00 [s2] [I] /bw 62.5
2026-09-24T14:33:22.301+03:00 [s1] [O] [SYS] BW 62.5 kHz SAVED
2026-09-24T14:33:22.344+03:00 [s2] [O] [SYS] BW 62.5 kHz SAVED
2026-09-24T14:33:49.965+03:00 [s1] [I] /config
2026-09-24T14:33:49.968+03:00 [s2] [I] /config
2026-09-24T14:33:50.023+03:00 [s1] [O] [SYS] CFG schema=2 storage=NVS freq_oob=OFF
2026-09-24T14:33:50.024+03:00 [s1] [O] [SYS] CFG RADIO power=2 dBm freq=470 MHz sf=12 bw=62.5 kHz
2026-09-24T14:33:50.026+03:00 [s1] [O] [SYS] CFG LINK heartbeat=OFF retry=ON attempts=5 diag=OFF
2026-09-24T14:33:50.063+03:00 [s2] [O] [SYS] CFG schema=2 storage=NVS freq_oob=OFF
2026-09-24T14:33:50.151+03:00 [s2] [O] [SYS] CFG RADIO power=2 dBm freq=470 MHz sf=12 bw=62.5 kHz
2026-09-24T14:33:50.157+03:00 [s2] [O] [SYS] CFG LINK heartbeat=OFF retry=ON attempts=5 diag=OFF
2026-09-24T14:34:18.109+03:00 [s1] [I] /diag on
2026-09-24T14:34:18.191+03:00 [s1] [O] [SYS] DIAG ON frame=16B
2026-09-24T14:34:29.576+03:00 [s1] [O] [LNK OK]   RX  -65/9 Q97  TX  -65/10 Q0
2026-09-24T14:34:35.518+03:00 [s1] [O] [LNK OK]   RX  -68/9 Q97  TX  -67/12 Q0
2026-09-24T14:34:41.679+03:00 [s1] [O] [LNK OK]   RX  -67/10 Q97  TX  -67/8 Q0
2026-09-24T14:34:47.354+03:00 [s1] [O] [LNK OK]   RX  -67/11 Q97  TX  -66/9 Q0
2026-09-24T14:34:53.293+03:00 [s1] [O] [LNK OK]   RX  -67/11 Q97  TX  -66/9 Q0
2026-09-24T14:34:53.339+03:00 [s1] [O] [DIAG] 16B TX=5 RX=5 CRC=0 HDR=0 NRP=0 [30S] TX=5 RX=5 CRC=0 HDR=0 NRP=0 RQ=97 TQ=0
2026-09-24T14:34:59.232+03:00 [s1] [O] [LNK OK]   RX  -67/12 Q97  TX  -66/9 Q0
2026-09-24T14:35:04.992+03:00 [s1] [O] [LNK OK]   RX  -67/12 Q97  TX  -66/8 Q0
2026-09-24T14:35:11.067+03:00 [s1] [O] [LNK OK]   RX  -67/11 Q97  TX  -67/9 Q0
2026-09-24T14:35:17.052+03:00 [s1] [O] [LNK OK]   RX  -67/11 Q97  TX  -66/9 Q0
2026-09-24T14:35:23.084+03:00 [s1] [O] [LNK OK]   RX  -67/11 Q97  TX  -67/9 Q0
2026-09-24T14:35:23.309+03:00 [s1] [O] [DIAG] 16B TX=10 RX=10 CRC=0 HDR=0 NRP=0 [30S] TX=5 RX=5 CRC=0 HDR=0 NRP=0 RQ=97 TQ=0
2026-09-24T14:35:28.933+03:00 [s1] [O] [LNK OK]   RX  -67/11 Q97  TX  -66/8 Q0
2026-09-24T14:35:34.717+03:00 [s1] [I] /diag off
2026-09-24T14:35:34.720+03:00 [s1] [I] /heartbeat off
2026-09-24T14:35:34.779+03:00 [s1] [O] [SYS] DIAG OFF
2026-09-24T14:35:34.780+03:00 [s1] [O] [SYS] HEARTBEAT OFF
2026-09-24T14:36:02.726+03:00 [s2] [I] /heartbeat off
2026-09-24T14:36:02.729+03:00 [s2] [I] /diag off
2026-09-24T14:36:02.812+03:00 [s2] [O] [SYS] HEARTBEAT OFF
2026-09-24T14:36:02.815+03:00 [s2] [O] [SYS] DIAG already OFF
2026-09-24T14:36:32.601+03:00 [s1] [I] /echo-loop stop
2026-09-24T14:36:32.603+03:00 [s1] [I] /cancel all
2026-09-24T14:36:32.605+03:00 [s1] [I] /power 2
2026-09-24T14:36:32.608+03:00 [s2] [I] /echo-loop stop
2026-09-24T14:36:32.614+03:00 [s2] [I] /cancel all
2026-09-24T14:36:32.615+03:00 [s2] [I] /power 2
2026-09-24T14:36:32.694+03:00 [s2] [O] [SYS] ECHO LOOP already stopped
2026-09-24T14:36:32.698+03:00 [s2] [O] [SYS] DELIVERY CANCEL: nothing pending
2026-09-24T14:36:32.782+03:00 [s2] [O] [SYS] POWER 2 dBm SAVED
2026-09-24T14:36:32.788+03:00 [s1] [O] [SYS] DELIVERY CANCEL: nothing pending
2026-09-24T14:36:32.790+03:00 [s1] [O] [SYS] ECHO LOOP already stopped
2026-09-24T14:36:32.828+03:00 [s1] [O] [SYS] POWER 2 dBm SAVED
2026-09-24T14:37:01.283+03:00 [s1] [I] /config
2026-09-24T14:37:01.286+03:00 [s2] [I] /config
2026-09-24T14:37:01.358+03:00 [s2] [O] [SYS] CFG schema=2 storage=NVS freq_oob=OFF
2026-09-24T14:37:01.362+03:00 [s1] [O] [SYS] CFG schema=2 storage=NVS freq_oob=OFF
2026-09-24T14:37:01.363+03:00 [s1] [O] [SYS] CFG RADIO power=2 dBm freq=470 MHz sf=12 bw=62.5 kHz
2026-09-24T14:37:01.366+03:00 [s1] [O] [SYS] CFG LINK heartbeat=OFF retry=ON attempts=5 diag=OFF
2026-09-24T14:37:01.448+03:00 [s2] [O] [SYS] CFG RADIO power=2 dBm freq=470 MHz sf=12 bw=62.5 kHz
2026-09-24T14:37:01.538+03:00 [s2] [O] [SYS] CFG LINK heartbeat=OFF retry=ON attempts=5 diag=OFF
