2026-09-22T09:08:57.853+03:00 [s1] [O] [SYS] CHATTER NODE LoRa-Chatter-1B44
2026-09-22T09:09:02.836+03:00 [s2] [O] [SYS] CHATTER NODE LoRa-Chatter-72E0
2026-09-22T09:09:16.728+03:00 [s1] [I] /version
2026-09-22T09:09:16.730+03:00 [s2] [I] /version
2026-09-22T09:09:16.787+03:00 [s2] [O] [SYS] FIRMWARE Chatter git=6c08084891f4940dcbe804c0c4ef26feea9b4eb5 state=clean env=esp32-s3-n16r8
2026-09-22T09:09:16.791+03:00 [s2] [O] [SYS] FIRMWARE IMAGE validation_sha256=740e4cf6fcbcd2679b26265aff0f058087844d927d39459a5ee1bd45e86f891d status=OK slot=0
2026-09-22T09:09:16.798+03:00 [s1] [O] [SYS] FIRMWARE Chatter git=6c08084891f4940dcbe804c0c4ef26feea9b4eb5 state=clean env=esp32-s3-n16r8
2026-09-22T09:09:16.805+03:00 [s1] [O] [SYS] FIRMWARE IMAGE validation_sha256=740e4cf6fcbcd2679b26265aff0f058087844d927d39459a5ee1bd45e86f891d status=OK slot=0
2026-09-22T09:09:16.809+03:00 [s1] [O] [SYS] BUILD META toolchain_sha256=d837e37bb188244de843b7c03ea81f34e501d879a501cb5342129e2338eeb4af pio=6.2.0
2026-09-22T09:09:16.829+03:00 [s2] [O] [SYS] BUILD META toolchain_sha256=d837e37bb188244de843b7c03ea81f34e501d879a501cb5342129e2338eeb4af pio=6.2.0
2026-09-22T09:09:46.432+03:00 [s1] [I] /heartbeat off
2026-09-22T09:09:46.433+03:00 [s1] [I] /diag off
2026-09-22T09:09:46.434+03:00 [s1] [I] /echo-loop stop
2026-09-22T09:09:46.436+03:00 [s1] [I] /power 2
2026-09-22T09:09:46.437+03:00 [s1] [I] /config
2026-09-22T09:09:46.439+03:00 [s2] [I] /heartbeat off
2026-09-22T09:09:46.442+03:00 [s2] [I] /diag off
2026-09-22T09:09:46.444+03:00 [s2] [I] /echo-loop stop
2026-09-22T09:09:46.445+03:00 [s2] [I] /power 2
2026-09-22T09:09:46.446+03:00 [s2] [I] /config
2026-09-22T09:09:46.497+03:00 [s1] [O] [SYS] HEARTBEAT OFF
2026-09-22T09:09:46.498+03:00 [s1] [O] [SYS] DIAG already OFF
2026-09-22T09:09:46.499+03:00 [s1] [O] [SYS] ECHO LOOP already stopped
2026-09-22T09:09:46.499+03:00 [s1] [O] [SYS] POWER 2 dBm SAVED
2026-09-22T09:09:46.500+03:00 [s1] [O] [SYS] CFG schema=2 storage=NVS freq_oob=OFF
2026-09-22T09:09:46.501+03:00 [s1] [O] [SYS] CFG RADIO power=2 dBm freq=470 MHz sf=12 bw=125 kHz
2026-09-22T09:09:46.502+03:00 [s1] [O] [SYS] CFG LINK heartbeat=OFF retry=ON attempts=5 diag=OFF
2026-09-22T09:09:46.528+03:00 [s2] [O] [SYS] HEARTBEAT OFF
2026-09-22T09:09:46.528+03:00 [s2] [O] [SYS] DIAG already OFF
2026-09-22T09:09:46.530+03:00 [s2] [O] [SYS] ECHO LOOP already stopped
2026-09-22T09:09:46.530+03:00 [s2] [O] [SYS] POWER 2 dBm SAVED
2026-09-22T09:09:46.533+03:00 [s2] [O] [SYS] CFG schema=2 storage=NVS freq_oob=OFF
2026-09-22T09:09:46.535+03:00 [s2] [O] [SYS] CFG RADIO power=2 dBm freq=470 MHz sf=12 bw=125 kHz
2026-09-22T09:09:46.537+03:00 [s2] [O] [SYS] CFG LINK heartbeat=OFF retry=ON attempts=5 diag=OFF
