2026-09-24T13:55:43.435+03:00 [s1] [O] [SYS] CHATTER NODE LoRa-Chatter-1B44
2026-09-24T13:55:47.884+03:00 [s2] [O] [SYS] CHATTER NODE LoRa-Chatter-72E0
2026-09-24T13:56:04.111+03:00 [s1] [I] /id
2026-09-24T13:56:04.113+03:00 [s2] [I] /id
2026-09-24T13:56:04.180+03:00 [s1] [O] [SYS] CHATTER NODE LoRa-Chatter-1B44
2026-09-24T13:56:04.218+03:00 [s2] [O] [SYS] CHATTER NODE LoRa-Chatter-72E0
2026-09-24T13:56:16.539+03:00 [s1] [I] /id
2026-09-24T13:56:16.540+03:00 [s2] [I] /id
2026-09-24T13:56:16.594+03:00 [s2] [O] [SYS] CHATTER NODE LoRa-Chatter-72E0
2026-09-24T13:56:16.600+03:00 [s1] [O] [SYS] CHATTER NODE LoRa-Chatter-1B44
2026-09-24T13:56:39.603+03:00 [s1] [I] /version
2026-09-24T13:56:39.605+03:00 [s2] [I] /version
2026-09-24T13:56:39.689+03:00 [s1] [O] [SYS] FIRMWARE Chatter git=3b386dfa3eae68be057ab9aeec37a89367773839 state=clean env=esp32-s3-n16r8
2026-09-24T13:56:39.693+03:00 [s1] [O] [SYS] FIRMWARE IMAGE validation_sha256=591dd69ce7c67aa65e7f6ad5aead64ac99e92f0bb4d8828476ded40b703e89a0 status=OK slot=0
2026-09-24T13:56:39.697+03:00 [s1] [O] [SYS] BUILD META toolchain_sha256=a087c73c0094f7d5c7bce96d3b44b5349361527190730cac76aaf8087289bbfb pio=6.2.0
2026-09-24T13:56:39.724+03:00 [s2] [O] [SYS] FIRMWARE Chatter git=3b386dfa3eae68be057ab9aeec37a89367773839 state=clean env=esp32-s3-n16r8
2026-09-24T13:56:39.769+03:00 [s2] [O] [SYS] FIRMWARE IMAGE validation_sha256=591dd69ce7c67aa65e7f6ad5aead64ac99e92f0bb4d8828476ded40b703e89a0 status=OK slot=0
2026-09-24T13:56:39.774+03:00 [s2] [O] [SYS] BUILD META toolchain_sha256=a087c73c0094f7d5c7bce96d3b44b5349361527190730cac76aaf8087289bbfb pio=6.2.0
2026-09-24T13:56:59.582+03:00 [s1] [I] /id
2026-09-24T13:56:59.583+03:00 [s2] [I] /id
2026-09-24T13:56:59.659+03:00 [s2] [O] [SYS] CHATTER NODE LoRa-Chatter-72E0
2026-09-24T13:56:59.715+03:00 [s1] [O] [SYS] CHATTER NODE LoRa-Chatter-1B44
2026-09-24T13:57:27.041+03:00 [s1] [I] /help
2026-09-24T13:57:27.205+03:00 [s1] [O] [SYS] CHATTER HELP
2026-09-24T13:57:27.206+03:00 [s1] [O] [SYS] CHATTER NODE LoRa-Chatter-1B44
2026-09-24T13:57:27.207+03:00 [s1] [O] [SYS] CHAT OUTPUT:
2026-09-24T13:57:27.210+03:00 [s1] [O] [SYS]   > text                       local USER TX confirmed
2026-09-24T13:57:27.213+03:00 [s1] [O] [SYS]   < [RSSI/SNR Q] text          USER received from peer
2026-09-24T13:57:27.217+03:00 [s1] [O] [SYS]   > [ECHO TX] text             local echo TX confirmed
2026-09-24T13:57:27.220+03:00 [s1] [O] [SYS]   < [ECHO RSSI/SNR Q] text     matching echo reply received
2026-09-24T13:57:27.223+03:00 [s1] [O] [SYS]   [ECHO] NO RESPONSE           matching echo reply timed out
2026-09-24T13:57:27.251+03:00 [s1] [O] [SYS]   delivery retry details       TELEMETRY only
2026-09-24T13:57:27.253+03:00 [s1] [O] [SYS]   RSSI/SNR=dBm/dB, Q=0..100 rolling transaction link quality
2026-09-24T13:57:27.255+03:00 [s1] [O] [SYS] HUMAN CONSOLE MODES:
2026-09-24T13:57:27.256+03:00 [s1] [O] [SYS]   CHAT       chat + SYSTEM
2026-09-24T13:57:27.257+03:00 [s1] [O] [SYS]   TELEMETRY  telemetry + SYSTEM
2026-09-24T13:57:27.259+03:00 [s1] [O] [SYS]   BOTH       chat + telemetry + SYSTEM
2026-09-24T13:57:27.261+03:00 [s1] [O] [SYS]   BLE 0004 machine telemetry is independent when subscribed
2026-09-24T13:57:27.262+03:00 [s1] [O] [SYS]   current=CHAT echo=OFF
2026-09-24T13:57:27.263+03:00 [s1] [O] [SYS] COMMANDS:
2026-09-24T13:57:27.264+03:00 [s1] [O] [SYS]   /help       show this help
2026-09-24T13:57:27.338+03:00 [s1] [O] [SYS]   /id         show node identity
2026-09-24T13:57:27.385+03:00 [s1] [O] [SYS]   /version    show firmware provenance (/firmware alias)
2026-09-24T13:57:27.387+03:00 [s1] [O] [SYS]   /power      show SX1278 PA_BOOST setting
2026-09-24T13:57:27.389+03:00 [s1] [O] [SYS]   /power N    set/persist N=2..17 or 20 dBm
2026-09-24T13:57:27.391+03:00 [s1] [O] [SYS]   /freq       show frequency in MHz
2026-09-24T13:57:27.395+03:00 [s1] [O] [SYS]   /freq MHz   set/persist frequency; 1 kHz precision, truncates extra decimals
2026-09-24T13:57:27.397+03:00 [s1] [O] [SYS]   /freq-oob   show experimental out-of-band flag
2026-09-24T13:57:27.400+03:00 [s1] [O] [SYS]   /freq-oob on|off persist frequency-range policy
2026-09-24T13:57:27.430+03:00 [s1] [O] [SYS]   /sf /sf N   show/set SF, N=7..12
2026-09-24T13:57:27.435+03:00 [s1] [O] [SYS]   /bw /bw KHz show/set BW: 7.8 10.4 15.6 20.8 31.25 41.7 62.5 125 250 500
2026-09-24T13:57:27.438+03:00 [s1] [O] [SYS]   /config     show persisted PHY + runtime link config
2026-09-24T13:57:27.440+03:00 [s1] [O] [SYS]   /config reset restore persisted PHY defaults
2026-09-24T13:57:27.442+03:00 [s1] [O] [SYS]   /heartbeat  show runtime heartbeat state
2026-09-24T13:57:27.443+03:00 [s1] [O] [SYS]   /heartbeat on|off set runtime heartbeat state
2026-09-24T13:57:27.445+03:00 [s1] [O] [SYS]   /diag       show radio diagnostic state
2026-09-24T13:57:27.475+03:00 [s1] [O] [SYS]   /diag on|off enter/leave radio diagnostic mode
2026-09-24T13:57:27.478+03:00 [s1] [O] [SYS]   /diag size N set total heartbeat RF frame N=16..255 bytes
2026-09-24T13:57:27.479+03:00 [s1] [O] [SYS]   /chat       human console CHAT
2026-09-24T13:57:27.481+03:00 [s1] [O] [SYS]   /tele       human console TELEMETRY
2026-09-24T13:57:27.483+03:00 [s1] [O] [SYS]   /both       human console BOTH
2026-09-24T13:57:27.484+03:00 [s1] [O] [SYS]   /echo       toggle manual echo mode
2026-09-24T13:57:27.486+03:00 [s1] [O] [SYS]   /echo-loop  show continuous echo status
2026-09-24T13:57:27.488+03:00 [s1] [O] [SYS]   /echo-loop N start continuous echo with N=1..200 payload bytes
2026-09-24T13:57:27.520+03:00 [s1] [O] [SYS]   /echo-loop stop stop scheduling continuous echo requests
2026-09-24T13:57:27.522+03:00 [s1] [O] [SYS]   /cancel     stop current USER delivery/retries
2026-09-24T13:57:27.525+03:00 [s1] [O] [SYS]   /cancel all stop current USER and discard queued USERs
2026-09-24T13:57:27.609+03:00 [s1] [O] [SYS]   /reboot     reboot ESP32 controller
2026-09-24T13:57:27.611+03:00 [s1] [O] [SYS] RAW CONTROLS (HEX):
2026-09-24T13:57:27.656+03:00 [s1] [O] [SYS]   14 31=CHAT  14 32=TELEMETRY  14 33=BOTH  14 65=ECHO toggle
2026-09-24T13:57:27.657+03:00 [s1] [O] [SYS] ANDROID BLE TERMINAL MACROS:
2026-09-24T13:57:27.659+03:00 [s1] [O] [SYS]   HEX macro, no EOL: 14 31 / 14 32 / 14 33 / 14 65
2026-09-24T13:57:27.669+03:00 [s1] [O] [SYS]   or TEXT macro + LF: /help /id /version /power /freq /freq-oob /sf /bw /config /heartbeat on|off /diag on|off /diag size N /chat /tele /both /echo /echo-loop N /echo-loop stop /cancel /cancel all /reboot
2026-09-24T13:57:27.699+03:00 [s1] [O] [SYS]   Nordic UART human console=0003; machine telemetry=0004 optional
2026-09-24T13:57:27.702+03:00 [s1] [O] [SYS] BLE CLIENT: machine telemetry 0004 subscribed in background
2026-09-24T13:57:39.914+03:00 [s1] [I] /id
2026-09-24T13:57:39.916+03:00 [s2] [I] /id
2026-09-24T13:57:39.978+03:00 [s2] [O] [SYS] CHATTER NODE LoRa-Chatter-72E0
2026-09-24T13:57:39.984+03:00 [s1] [O] [SYS] CHATTER NODE LoRa-Chatter-1B44
2026-09-24T13:57:58.718+03:00 [s1] [I] /heartbeat off
2026-09-24T13:57:58.720+03:00 [s1] [I] /diag off
2026-09-24T13:57:58.720+03:00 [s1] [I] /echo-loop stop
2026-09-24T13:57:58.722+03:00 [s2] [I] /heartbeat off
2026-09-24T13:57:58.727+03:00 [s2] [I] /diag off
2026-09-24T13:57:58.728+03:00 [s2] [I] /echo-loop stop
2026-09-24T13:57:58.788+03:00 [s2] [O] [SYS] HEARTBEAT OFF
2026-09-24T13:57:58.795+03:00 [s1] [O] [SYS] HEARTBEAT OFF
2026-09-24T13:57:58.797+03:00 [s1] [O] [SYS] DIAG already OFF
2026-09-24T13:57:58.798+03:00 [s1] [O] [SYS] ECHO LOOP already stopped
2026-09-24T13:57:58.833+03:00 [s2] [O] [SYS] DIAG already OFF
2026-09-24T13:57:58.836+03:00 [s2] [O] [SYS] ECHO LOOP already stopped
2026-09-24T13:58:11.973+03:00 [s1] [I] /cancel all
2026-09-24T13:58:11.975+03:00 [s1] [I] /power 2
2026-09-24T13:58:11.977+03:00 [s2] [I] /cancel all
2026-09-24T13:58:11.980+03:00 [s2] [I] /power 2
2026-09-24T13:58:12.066+03:00 [s2] [O] [SYS] DELIVERY CANCEL: nothing pending
2026-09-24T13:58:12.067+03:00 [s2] [O] [SYS] POWER 2 dBm SAVED
2026-09-24T13:58:12.117+03:00 [s1] [O] [SYS] DELIVERY CANCEL: nothing pending
2026-09-24T13:58:12.119+03:00 [s1] [O] [SYS] POWER 2 dBm SAVED
2026-09-24T13:58:25.545+03:00 [s1] [I] /freq 470
2026-09-24T13:58:25.547+03:00 [s2] [I] /freq 470
2026-09-24T13:58:25.608+03:00 [s2] [O] [SYS] FREQ 470 MHz SAVED
2026-09-24T13:58:25.660+03:00 [s1] [O] [SYS] FREQ 470 MHz SAVED
2026-09-24T13:58:37.165+03:00 [s1] [I] /sf 7
2026-09-24T13:58:37.166+03:00 [s2] [I] /sf 7
2026-09-24T13:58:37.225+03:00 [s1] [O] [SYS] SF 7 SAVED
2026-09-24T13:58:37.263+03:00 [s2] [O] [SYS] SF 7 SAVED
2026-09-24T13:58:48.848+03:00 [s1] [I] /bw 500
2026-09-24T13:58:48.849+03:00 [s2] [I] /bw 500
2026-09-24T13:58:48.918+03:00 [s2] [O] [SYS] BW 500 kHz SAVED
2026-09-24T13:58:48.925+03:00 [s1] [O] [SYS] BW 500 kHz SAVED
2026-09-24T13:59:00.283+03:00 [s1] [I] /config
2026-09-24T13:59:00.285+03:00 [s2] [I] /config
2026-09-24T13:59:00.349+03:00 [s2] [O] [SYS] CFG schema=2 storage=NVS freq_oob=OFF
2026-09-24T13:59:00.351+03:00 [s2] [O] [SYS] CFG RADIO power=2 dBm freq=470 MHz sf=7 bw=500 kHz
2026-09-24T13:59:00.356+03:00 [s1] [O] [SYS] CFG schema=2 storage=NVS freq_oob=OFF
2026-09-24T13:59:00.358+03:00 [s1] [O] [SYS] CFG RADIO power=2 dBm freq=470 MHz sf=7 bw=500 kHz
2026-09-24T13:59:00.360+03:00 [s1] [O] [SYS] CFG LINK heartbeat=OFF retry=ON attempts=5 diag=OFF
2026-09-24T13:59:00.391+03:00 [s2] [O] [SYS] CFG LINK heartbeat=OFF retry=ON attempts=5 diag=OFF
2026-09-24T13:59:13.330+03:00 [s1] [I] /diag on
2026-09-24T13:59:13.404+03:00 [s1] [O] [SYS] DIAG ON frame=16B
2026-09-24T13:59:14.621+03:00 [s1] [O] [LNK OK]   RX  -60/5 Q100 TX  -60/6 Q0
2026-09-24T13:59:15.655+03:00 [s1] [O] [LNK OK]   RX  -60/6 Q100 TX  -60/5 Q0
2026-09-24T13:59:16.646+03:00 [s1] [O] [LNK OK]   RX  -61/6 Q100 TX  -60/6 Q0
2026-09-24T13:59:17.636+03:00 [s1] [O] [LNK OK]   RX  -61/6 Q100 TX  -61/6 Q0
2026-09-24T13:59:18.629+03:00 [s1] [O] [LNK OK]   RX  -60/5 Q100 TX  -60/5 Q0
2026-09-24T13:59:19.664+03:00 [s1] [O] [LNK OK]   RX  -60/5 Q100 TX  -61/5 Q0
2026-09-24T13:59:20.652+03:00 [s1] [O] [LNK OK]   RX  -60/5 Q100 TX  -60/5 Q0
2026-09-24T13:59:21.641+03:00 [s1] [O] [LNK OK]   RX  -60/5 Q100 TX  -61/6 Q0
2026-09-24T13:59:22.676+03:00 [s1] [O] [LNK OK]   RX  -60/6 Q100 TX  -60/5 Q0
2026-09-24T13:59:23.666+03:00 [s1] [O] [LNK OK]   RX  -60/6 Q100 TX  -60/5 Q0
2026-09-24T13:59:24.657+03:00 [s1] [O] [LNK OK]   RX  -60/6 Q100 TX  -60/5 Q0
2026-09-24T13:59:25.646+03:00 [s1] [O] [LNK OK]   RX  -61/6 Q100 TX  -60/5 Q0
2026-09-24T13:59:26.681+03:00 [s1] [O] [LNK OK]   RX  -60/5 Q100 TX  -60/5 Q0
2026-09-24T13:59:27.671+03:00 [s1] [O] [LNK OK]   RX  -60/5 Q100 TX  -60/5 Q0
2026-09-24T13:59:28.661+03:00 [s1] [O] [LNK OK]   RX  -60/5 Q100 TX  -60/6 Q0
2026-09-24T13:59:29.651+03:00 [s1] [O] [LNK OK]   RX  -60/5 Q100 TX  -61/5 Q0
2026-09-24T13:59:30.686+03:00 [s1] [O] [LNK OK]   RX  -60/5 Q100 TX  -60/6 Q0
2026-09-24T13:59:31.676+03:00 [s1] [O] [LNK OK]   RX  -61/6 Q100 TX  -60/5 Q0
2026-09-24T13:59:32.666+03:00 [s1] [O] [LNK OK]   RX  -60/5 Q100 TX  -60/5 Q0
2026-09-24T13:59:33.745+03:00 [s1] [O] [LNK OK]   RX  -60/5 Q100 TX  -61/5 Q0
2026-09-24T13:59:34.692+03:00 [s1] [O] [LNK OK]   RX  -60/5 Q100 TX  -61/5 Q0
2026-09-24T13:59:35.681+03:00 [s1] [O] [LNK OK]   RX  -60/5 Q100 TX  -60/5 Q0
2026-09-24T13:59:36.718+03:00 [s1] [O] [LNK OK]   RX  -60/5 Q100 TX  -60/5 Q0
2026-09-24T13:59:37.748+03:00 [s1] [O] [LNK OK]   RX  -61/5 Q100 TX  -60/5 Q0
2026-09-24T13:59:38.699+03:00 [s1] [O] [LNK OK]   RX  -61/6 Q100 TX  -61/5 Q0
2026-09-24T13:59:39.777+03:00 [s1] [O] [LNK OK]   RX  -61/5 Q100 TX  -61/5 Q0
2026-09-24T13:59:40.723+03:00 [s1] [O] [LNK OK]   RX  -61/6 Q100 TX  -60/5 Q0
2026-09-24T13:59:40.905+03:00 [s1] [I] /diag size 32
2026-09-24T13:59:40.992+03:00 [s1] [O] [SYS] DIAG frame=32B
2026-09-24T13:59:42.294+03:00 [s1] [O] [LNK OK]   RX  -60/5 Q100 TX  -60/5 Q0
2026-09-24T13:59:43.241+03:00 [s1] [O] [LNK OK]   RX  -60/5 Q100 TX  -59/5 Q0
2026-09-24T13:59:44.234+03:00 [s1] [O] [LNK OK]   RX  -60/5 Q100 TX  -60/5 Q0
2026-09-24T13:59:45.221+03:00 [s1] [O] [LNK OK]   RX  -60/5 Q100 TX  -60/5 Q0
2026-09-24T13:59:46.254+03:00 [s1] [O] [LNK OK]   RX  -60/5 Q100 TX  -60/6 Q0
2026-09-24T13:59:47.246+03:00 [s1] [O] [LNK OK]   RX  -60/5 Q100 TX  -59/5 Q0
2026-09-24T13:59:48.237+03:00 [s1] [O] [LNK OK]   RX  -60/5 Q100 TX  -60/5 Q0
2026-09-24T13:59:49.269+03:00 [s1] [O] [LNK OK]   RX  -61/6 Q100 TX  -59/6 Q0
2026-09-24T13:59:50.349+03:00 [s1] [O] [LNK OK]   RX  -61/5 Q100 TX  -60/6 Q0
2026-09-24T13:59:51.295+03:00 [s1] [O] [LNK OK]   RX  -60/5 Q100 TX  -60/5 Q0
2026-09-24T13:59:52.241+03:00 [s1] [O] [LNK OK]   RX  -60/5 Q100 TX  -60/5 Q0
2026-09-24T13:59:53.277+03:00 [s1] [O] [LNK OK]   RX  -60/5 Q100 TX  -60/5 Q0
2026-09-24T13:59:54.266+03:00 [s1] [O] [LNK OK]   RX  -60/6 Q100 TX  -59/5 Q0
2026-09-24T13:59:55.257+03:00 [s1] [O] [LNK OK]   RX  -60/5 Q100 TX  -60/5 Q0
2026-09-24T13:59:56.290+03:00 [s1] [O] [LNK OK]   RX  -60/5 Q100 TX  -60/5 Q0
2026-09-24T13:59:57.281+03:00 [s1] [O] [LNK OK]   RX  -60/5 Q100 TX  -60/5 Q0
2026-09-24T13:59:58.271+03:00 [s1] [O] [LNK OK]   RX  -61/5 Q100 TX  -60/5 Q0
2026-09-24T13:59:59.261+03:00 [s1] [O] [LNK OK]   RX  -60/6 Q100 TX  -60/5 Q0
2026-09-24T14:00:00.295+03:00 [s1] [O] [LNK OK]   RX  -61/6 Q100 TX  -59/5 Q0
2026-09-24T14:00:01.286+03:00 [s1] [O] [LNK OK]   RX  -60/6 Q100 TX  -59/5 Q0
2026-09-24T14:00:02.276+03:00 [s1] [O] [LNK OK]   RX  -60/5 Q100 TX  -60/5 Q0
2026-09-24T14:00:03.353+03:00 [s1] [O] [LNK OK]   RX  -60/5 Q100 TX  -60/5 Q0
2026-09-24T14:00:04.303+03:00 [s1] [O] [LNK OK]   RX  -60/5 Q100 TX  -60/6 Q0
2026-09-24T14:00:05.291+03:00 [s1] [O] [LNK OK]   RX  -60/5 Q100 TX  -59/5 Q0
2026-09-24T14:00:06.282+03:00 [s1] [O] [LNK OK]   RX  -60/5 Q100 TX  -59/6 Q0
2026-09-24T14:00:07.318+03:00 [s1] [O] [LNK OK]   RX  -60/6 Q100 TX  -60/5 Q0
2026-09-24T14:00:08.307+03:00 [s1] [O] [LNK OK]   RX  -60/5 Q100 TX  -60/5 Q0
2026-09-24T14:00:09.296+03:00 [s1] [O] [LNK OK]   RX  -60/5 Q100 TX  -60/5 Q0
2026-09-24T14:00:10.331+03:00 [s1] [O] [LNK OK]   RX  -60/6 Q100 TX  -60/5 Q0
2026-09-24T14:00:10.962+03:00 [s1] [O] [DIAG] 32B TX=56 RX=56 CRC=0 HDR=0 NRP=0 [30S] TX=29 RX=29 CRC=0 HDR=0 NRP=0 RQ=100 TQ=0
2026-09-24T14:00:11.321+03:00 [s1] [O] [LNK OK]   RX  -60/5 Q100 TX  -60/5 Q0
2026-09-24T14:00:12.311+03:00 [s1] [O] [LNK OK]   RX  -61/5 Q100 TX  -60/5 Q0
2026-09-24T14:00:13.343+03:00 [s1] [O] [LNK OK]   RX  -60/5 Q100 TX  -60/6 Q0
2026-09-24T14:00:14.336+03:00 [s1] [O] [LNK OK]   RX  -60/5 Q100 TX  -59/5 Q0
2026-09-24T14:00:15.370+03:00 [s1] [O] [LNK OK]   RX  -60/5 Q100 TX  -60/5 Q0
2026-09-24T14:00:16.316+03:00 [s1] [O] [LNK OK]   RX  -60/6 Q100 TX  -60/5 Q0
2026-09-24T14:00:17.353+03:00 [s1] [O] [LNK OK]   RX  -60/6 Q100 TX  -59/6 Q0
2026-09-24T14:00:17.554+03:00 [s1] [I] /diag size 64
2026-09-24T14:00:17.620+03:00 [s1] [O] [SYS] DIAG frame=64B
2026-09-24T14:00:18.881+03:00 [s1] [O] [LNK OK]   RX  -60/5 Q100 TX  -59/5 Q0
2026-09-24T14:00:19.915+03:00 [s1] [O] [LNK OK]   RX  -60/5 Q100 TX  -60/5 Q0
2026-09-24T14:00:20.862+03:00 [s1] [O] [LNK OK]   RX  -60/5 Q100 TX  -59/5 Q0
2026-09-24T14:00:21.897+03:00 [s1] [O] [LNK OK]   RX  -60/5 Q100 TX  -60/5 Q0
2026-09-24T14:00:22.886+03:00 [s1] [O] [LNK OK]   RX  -60/5 Q100 TX  -60/5 Q0
2026-09-24T14:00:23.879+03:00 [s1] [O] [LNK OK]   RX  -60/5 Q100 TX  -60/5 Q0
2026-09-24T14:00:24.910+03:00 [s1] [O] [LNK OK]   RX  -60/5 Q100 TX  -59/5 Q0
2026-09-24T14:00:25.901+03:00 [s1] [O] [LNK OK]   RX  -60/5 Q100 TX  -60/5 Q0
2026-09-24T14:00:26.890+03:00 [s1] [O] [LNK OK]   RX  -61/5 Q100 TX  -60/5 Q0
2026-09-24T14:00:27.881+03:00 [s1] [O] [LNK OK]   RX  -60/5 Q100 TX  -59/5 Q0
2026-09-24T14:00:28.916+03:00 [s1] [O] [LNK OK]   RX  -60/5 Q100 TX  -60/5 Q0
2026-09-24T14:00:29.906+03:00 [s1] [O] [LNK OK]   RX  -60/5 Q100 TX  -59/5 Q0
2026-09-24T14:00:30.896+03:00 [s1] [O] [LNK OK]   RX  -60/5 Q100 TX  -59/5 Q0
2026-09-24T14:00:31.931+03:00 [s1] [O] [LNK OK]   RX  -60/5 Q100 TX  -61/5 Q0
2026-09-24T14:00:32.921+03:00 [s1] [O] [LNK OK]   RX  -60/5 Q100 TX  -59/6 Q0
2026-09-24T14:00:33.911+03:00 [s1] [O] [LNK OK]   RX  -60/5 Q100 TX  -60/5 Q0
2026-09-24T14:00:34.901+03:00 [s1] [O] [LNK OK]   RX  -60/5 Q100 TX  -60/5 Q0
2026-09-24T14:00:35.936+03:00 [s1] [O] [LNK OK]   RX  -59/5 Q100 TX  -60/5 Q0
2026-09-24T14:00:36.928+03:00 [s1] [O] [LNK OK]   RX  -60/6 Q100 TX  -59/5 Q0
2026-09-24T14:00:37.915+03:00 [s1] [O] [LNK OK]   RX  -59/5 Q100 TX  -59/5 Q0
2026-09-24T14:00:38.951+03:00 [s1] [O] [LNK OK]   RX  -60/5 Q100 TX  -60/5 Q0
2026-09-24T14:00:39.940+03:00 [s1] [O] [LNK OK]   RX  -60/5 Q100 TX  -60/6 Q0
2026-09-24T14:00:40.932+03:00 [s1] [O] [LNK OK]   RX  -60/5 Q100 TX  -60/5 Q0
2026-09-24T14:00:41.965+03:00 [s1] [O] [LNK OK]   RX  -60/6 Q100 TX  -59/5 Q0
2026-09-24T14:00:42.956+03:00 [s1] [O] [LNK OK]   RX  -60/5 Q100 TX  -60/5 Q0
2026-09-24T14:00:43.743+03:00 [s1] [I] /diag size 200
2026-09-24T14:00:43.811+03:00 [s1] [O] [SYS] DIAG SIZE BUSY: heartbeat transaction active
2026-09-24T14:00:43.947+03:00 [s1] [O] [LNK OK]   RX  -60/5 Q100 TX  -60/5 Q0
2026-09-24T14:00:44.983+03:00 [s1] [O] [LNK OK]   RX  -60/5 Q100 TX  -60/5 Q0
2026-09-24T14:00:45.971+03:00 [s1] [O] [LNK OK]   RX  -60/5 Q100 TX  -60/5 Q0
2026-09-24T14:00:46.961+03:00 [s1] [O] [LNK OK]   RX  -60/5 Q100 TX  -60/5 Q0
2026-09-24T14:00:47.592+03:00 [s1] [O] [DIAG] 64B TX=92 RX=92 CRC=0 HDR=0 NRP=0 [30S] TX=29 RX=29 CRC=0 HDR=0 NRP=0 RQ=100 TQ=0
2026-09-24T14:00:47.953+03:00 [s1] [O] [LNK OK]   RX  -60/5 Q100 TX  -60/6 Q0
2026-09-24T14:00:48.986+03:00 [s1] [O] [LNK OK]   RX  -60/6 Q100 TX  -60/5 Q0
2026-09-24T14:00:49.976+03:00 [s1] [O] [LNK OK]   RX  -60/5 Q100 TX  -60/5 Q0
2026-09-24T14:00:50.966+03:00 [s1] [O] [LNK OK]   RX  -60/5 Q100 TX  -60/5 Q0
2026-09-24T14:00:52.001+03:00 [s1] [O] [LNK OK]   RX  -60/5 Q100 TX  -60/6 Q0
2026-09-24T14:00:52.994+03:00 [s1] [O] [LNK OK]   RX  -60/5 Q100 TX  -60/6 Q0
2026-09-24T14:00:54.023+03:00 [s1] [O] [LNK OK]   RX  -60/5 Q100 TX  -60/6 Q0
2026-09-24T14:00:55.019+03:00 [s1] [O] [LNK OK]   RX  -60/5 Q100 TX  -59/5 Q0
2026-09-24T14:00:56.007+03:00 [s1] [O] [LNK OK]   RX  -60/5 Q100 TX  -60/5 Q0
2026-09-24T14:00:56.998+03:00 [s1] [O] [LNK OK]   RX  -60/5 Q100 TX  -60/5 Q0
2026-09-24T14:00:57.987+03:00 [s1] [O] [LNK OK]   RX  -60/5 Q100 TX  -60/5 Q0
2026-09-24T14:00:59.022+03:00 [s1] [O] [LNK OK]   RX  -60/5 Q100 TX  -59/5 Q0
2026-09-24T14:01:00.012+03:00 [s1] [O] [LNK OK]   RX  -59/6 Q100 TX  -59/5 Q0
2026-09-24T14:01:01.003+03:00 [s1] [O] [LNK OK]   RX  -60/5 Q100 TX  -59/6 Q0
2026-09-24T14:01:02.037+03:00 [s1] [O] [LNK OK]   RX  -60/5 Q100 TX  -60/6 Q0
2026-09-24T14:01:03.070+03:00 [s1] [O] [LNK OK]   RX  -60/5 Q100 TX  -60/5 Q0
2026-09-24T14:01:04.019+03:00 [s1] [O] [LNK OK]   RX  -60/5 Q100 TX  -60/5 Q0
2026-09-24T14:01:05.049+03:00 [s1] [O] [LNK OK]   RX  -60/5 Q100 TX  -60/5 Q0
2026-09-24T14:01:06.041+03:00 [s1] [O] [LNK OK]   RX  -60/5 Q100 TX  -60/5 Q0
2026-09-24T14:01:07.032+03:00 [s1] [O] [LNK OK]   RX  -60/5 Q100 TX  -59/5 Q0
2026-09-24T14:01:08.022+03:00 [s1] [O] [LNK OK]   RX  -60/5 Q100 TX  -60/5 Q0
2026-09-24T14:01:09.056+03:00 [s1] [O] [LNK OK]   RX  -60/5 Q100 TX  -60/6 Q0
2026-09-24T14:01:10.090+03:00 [s1] [O] [LNK OK]   RX  -60/6 Q100 TX  -60/5 Q0
2026-09-24T14:01:11.037+03:00 [s1] [O] [LNK OK]   RX  -60/5 Q100 TX  -60/5 Q0
2026-09-24T14:01:12.115+03:00 [s1] [O] [LNK OK]   RX  -60/5 Q100 TX  -59/5 Q0
2026-09-24T14:01:13.061+03:00 [s1] [O] [LNK OK]   RX  -60/5 Q100 TX  -60/5 Q0
2026-09-24T14:01:14.054+03:00 [s1] [O] [LNK OK]   RX  -60/6 Q100 TX  -60/5 Q0
2026-09-24T14:01:15.085+03:00 [s1] [O] [LNK OK]   RX  -60/5 Q100 TX  -60/5 Q0
2026-09-24T14:01:16.076+03:00 [s1] [O] [LNK OK]   RX  -60/5 Q100 TX  -60/5 Q0
2026-09-24T14:01:17.066+03:00 [s1] [O] [LNK OK]   RX  -60/6 Q100 TX  -60/5 Q0
2026-09-24T14:01:17.607+03:00 [s1] [O] [DIAG] 64B TX=122 RX=122 CRC=0 HDR=0 NRP=0 [30S] TX=30 RX=30 CRC=0 HDR=0 NRP=0 RQ=100 TQ=0
2026-09-24T14:01:18.100+03:00 [s1] [O] [LNK OK]   RX  -60/5 Q100 TX  -60/6 Q0
2026-09-24T14:01:19.091+03:00 [s1] [O] [LNK OK]   RX  -60/5 Q100 TX  -60/5 Q0
2026-09-24T14:01:20.080+03:00 [s1] [O] [LNK OK]   RX  -60/5 Q100 TX  -59/5 Q0
2026-09-24T14:01:21.072+03:00 [s1] [O] [LNK OK]   RX  -60/6 Q100 TX  -60/6 Q0
2026-09-24T14:01:22.106+03:00 [s1] [O] [LNK OK]   RX  -60/5 Q100 TX  -60/6 Q0
2026-09-24T14:01:23.096+03:00 [s1] [O] [LNK OK]   RX  -60/5 Q100 TX  -60/5 Q0
2026-09-24T14:01:24.086+03:00 [s1] [O] [LNK OK]   RX  -60/5 Q100 TX  -60/5 Q0
2026-09-24T14:01:25.704+03:00 [s1] [O] [LNK NRP]  RX  ---/--- Q97  TX  ---/--- Q0
2026-09-24T14:01:26.200+03:00 [s1] [O] [LNK OK]   RX  -60/5 Q97  TX  -60/5 Q0
2026-09-24T14:01:27.146+03:00 [s1] [O] [LNK OK]   RX  -60/5 Q97  TX  -60/5 Q0
2026-09-24T14:01:28.136+03:00 [s1] [O] [LNK OK]   RX  -60/5 Q97  TX  -60/5 Q0
2026-09-24T14:01:29.214+03:00 [s1] [O] [LNK OK]   RX  -60/5 Q97  TX  -60/5 Q0
2026-09-24T14:01:30.147+03:00 [s1] [I] /diag
2026-09-24T14:01:30.163+03:00 [s1] [O] [LNK OK]   RX  -60/5 Q97  TX  -60/5 Q0
2026-09-24T14:01:30.297+03:00 [s1] [O] [SYS] DIAG ON frame=64B
2026-09-24T14:01:31.240+03:00 [s1] [O] [LNK OK]   RX  -60/5 Q97  TX  -60/5 Q0
2026-09-24T14:01:32.185+03:00 [s1] [O] [LNK OK]   RX  -60/5 Q97  TX  -60/5 Q0
2026-09-24T14:01:33.176+03:00 [s1] [O] [LNK OK]   RX  -60/5 Q97  TX  -60/5 Q0
2026-09-24T14:01:34.254+03:00 [s1] [O] [LNK OK]   RX  -60/5 Q97  TX  -60/6 Q0
2026-09-24T14:01:35.203+03:00 [s1] [O] [LNK OK]   RX  -60/5 Q97  TX  -60/6 Q0
2026-09-24T14:01:36.147+03:00 [s1] [O] [LNK OK]   RX  -60/5 Q97  TX  -60/5 Q0
2026-09-24T14:01:37.225+03:00 [s1] [O] [LNK OK]   RX  -60/5 Q97  TX  -60/6 Q0
2026-09-24T14:01:38.215+03:00 [s1] [O] [LNK OK]   RX  -60/5 Q97  TX  -60/5 Q0
2026-09-24T14:01:39.161+03:00 [s1] [O] [LNK OK]   RX  -60/5 Q97  TX  -60/5 Q0
2026-09-24T14:01:40.240+03:00 [s1] [O] [LNK OK]   RX  -60/6 Q97  TX  -59/6 Q0
2026-09-24T14:01:41.188+03:00 [s1] [O] [LNK OK]   RX  -60/5 Q97  TX  -60/5 Q0
2026-09-24T14:01:42.177+03:00 [s1] [O] [LNK OK]   RX  -60/5 Q97  TX  -60/5 Q0
2026-09-24T14:01:43.212+03:00 [s1] [O] [LNK OK]   RX  -60/5 Q97  TX  -60/5 Q0
2026-09-24T14:01:44.201+03:00 [s1] [O] [LNK OK]   RX  -60/5 Q97  TX  -59/5 Q0
2026-09-24T14:01:45.279+03:00 [s1] [O] [LNK OK]   RX  -60/5 Q97  TX  -60/5 Q0
2026-09-24T14:01:46.226+03:00 [s1] [O] [LNK OK]   RX  -60/5 Q97  TX  -60/5 Q0
2026-09-24T14:01:47.215+03:00 [s1] [O] [LNK OK]   RX  -60/5 Q97  TX  -60/5 Q0
2026-09-24T14:01:47.666+03:00 [s1] [O] [DIAG] 64B TX=152 RX=151 CRC=0 HDR=0 NRP=1 [30S] TX=30 RX=29 CRC=0 HDR=0 NRP=1 RQ=98 TQ=0
2026-09-24T14:01:48.251+03:00 [s1] [O] [LNK OK]   RX  -60/5 Q97  TX  -60/5 Q0
2026-09-24T14:01:49.240+03:00 [s1] [O] [LNK OK]   RX  -60/6 Q97  TX  -60/5 Q0
2026-09-24T14:01:50.231+03:00 [s1] [O] [LNK OK]   RX  -60/5 Q97  TX  -61/5 Q0
2026-09-24T14:01:51.185+03:00 [s1] [I] /diag off
2026-09-24T14:01:51.265+03:00 [s1] [O] [LNK OK]   RX  -60/6 Q97  TX  -60/5 Q0
2026-09-24T14:01:51.269+03:00 [s1] [O] [SYS] DIAG OFF
2026-09-24T14:02:14.499+03:00 [s1] [I] /diag on
2026-09-24T14:02:14.574+03:00 [s1] [O] [SYS] DIAG ON frame=16B
2026-09-24T14:02:15.791+03:00 [s1] [O] [LNK OK]   RX  -61/5 Q97  TX  -60/5 Q0
2026-09-24T14:02:16.782+03:00 [s1] [O] [LNK OK]   RX  -61/6 Q97  TX  -60/5 Q0
2026-09-24T14:02:17.815+03:00 [s1] [O] [LNK OK]   RX  -61/5 Q97  TX  -60/5 Q0
2026-09-24T14:02:18.807+03:00 [s1] [O] [LNK OK]   RX  -60/5 Q97  TX  -61/5 Q0
2026-09-24T14:02:19.795+03:00 [s1] [O] [LNK OK]   RX  -61/5 Q97  TX  -60/5 Q0
2026-09-24T14:02:20.830+03:00 [s1] [O] [LNK OK]   RX  -61/5 Q100 TX  -61/5 Q0
2026-09-24T14:02:21.820+03:00 [s1] [O] [LNK OK]   RX  -62/5 Q100 TX  -61/5 Q0
2026-09-24T14:02:22.812+03:00 [s1] [O] [LNK OK]   RX  -61/5 Q100 TX  -61/5 Q0
2026-09-24T14:02:23.801+03:00 [s1] [O] [LNK OK]   RX  -61/5 Q100 TX  -60/5 Q0
2026-09-24T14:02:24.835+03:00 [s1] [O] [LNK OK]   RX  -61/5 Q100 TX  -60/5 Q0
2026-09-24T14:02:25.826+03:00 [s1] [O] [LNK OK]   RX  -61/5 Q100 TX  -60/6 Q0
2026-09-24T14:02:26.817+03:00 [s1] [O] [LNK OK]   RX  -61/5 Q100 TX  -60/5 Q0
2026-09-24T14:02:27.850+03:00 [s1] [O] [LNK OK]   RX  -61/5 Q100 TX  -60/5 Q0
2026-09-24T14:02:28.841+03:00 [s1] [O] [LNK OK]   RX  -61/5 Q100 TX  -60/5 Q0
2026-09-24T14:02:29.834+03:00 [s1] [O] [LNK OK]   RX  -61/5 Q100 TX  -60/5 Q0
2026-09-24T14:02:30.311+03:00 [s1] [I] /diag size 200
2026-09-24T14:02:30.504+03:00 [s1] [O] [SYS] DIAG frame=200B
2026-09-24T14:02:31.722+03:00 [s1] [O] [LNK OK]   RX  -60/5 Q100 TX  -60/5 Q0
2026-09-24T14:02:32.711+03:00 [s1] [O] [LNK OK]   RX  -60/5 Q100 TX  -60/6 Q0
2026-09-24T14:02:33.747+03:00 [s1] [O] [LNK OK]   RX  -60/5 Q100 TX  -60/6 Q0
2026-09-24T14:02:34.735+03:00 [s1] [O] [LNK OK]   RX  -61/5 Q100 TX  -60/5 Q0
2026-09-24T14:02:35.726+03:00 [s1] [O] [LNK OK]   RX  -60/5 Q100 TX  -60/5 Q0
2026-09-24T14:02:36.760+03:00 [s1] [O] [LNK OK]   RX  -60/5 Q100 TX  -60/5 Q0
2026-09-24T14:02:37.751+03:00 [s1] [O] [LNK OK]   RX  -60/5 Q100 TX  -60/5 Q0
2026-09-24T14:02:38.872+03:00 [s1] [O] [LNK OK]   RX  -60/5 Q100 TX  -60/6 Q0
2026-09-24T14:02:39.775+03:00 [s1] [O] [LNK OK]   RX  -61/6 Q100 TX  -60/5 Q0
2026-09-24T14:02:40.768+03:00 [s1] [O] [LNK OK]   RX  -60/5 Q100 TX  -60/5 Q0
2026-09-24T14:02:41.755+03:00 [s1] [O] [LNK OK]   RX  -60/5 Q100 TX  -60/6 Q0
2026-09-24T14:02:42.791+03:00 [s1] [O] [LNK OK]   RX  -61/5 Q100 TX  -60/5 Q0
2026-09-24T14:02:43.781+03:00 [s1] [O] [LNK OK]   RX  -60/5 Q100 TX  -60/5 Q0
2026-09-24T14:02:44.771+03:00 [s1] [O] [LNK OK]   RX  -61/5 Q100 TX  -60/5 Q0
2026-09-24T14:02:45.806+03:00 [s1] [O] [LNK OK]   RX  -60/5 Q100 TX  -61/5 Q0
2026-09-24T14:02:46.795+03:00 [s1] [O] [LNK OK]   RX  -60/5 Q100 TX  -60/5 Q0
2026-09-24T14:02:47.787+03:00 [s1] [O] [LNK OK]   RX  -61/6 Q100 TX  -60/6 Q0
2026-09-24T14:02:48.865+03:00 [s1] [O] [LNK OK]   RX  -60/5 Q100 TX  -60/5 Q0
2026-09-24T14:02:49.811+03:00 [s1] [O] [LNK OK]   RX  -60/5 Q100 TX  -60/6 Q0
2026-09-24T14:02:50.803+03:00 [s1] [O] [LNK OK]   RX  -60/5 Q100 TX  -60/5 Q0
2026-09-24T14:02:51.791+03:00 [s1] [O] [LNK OK]   RX  -60/5 Q100 TX  -61/5 Q0
2026-09-24T14:02:52.827+03:00 [s1] [O] [LNK OK]   RX  -60/5 Q100 TX  -61/6 Q0
2026-09-24T14:02:53.816+03:00 [s1] [O] [LNK OK]   RX  -60/5 Q100 TX  -60/5 Q0
2026-09-24T14:02:54.807+03:00 [s1] [O] [LNK OK]   RX  -60/5 Q100 TX  -60/5 Q0
2026-09-24T14:02:55.018+03:00 [s1] [I] /diag size 225
2026-09-24T14:02:55.120+03:00 [s1] [O] [SYS] DIAG frame=225B
2026-09-24T14:02:56.427+03:00 [s1] [O] [LNK OK]   RX  -60/5 Q100 TX  -60/6 Q0
2026-09-24T14:02:57.460+03:00 [s1] [O] [LNK OK]   RX  -60/5 Q100 TX  -59/5 Q0
2026-09-24T14:02:58.450+03:00 [s1] [O] [LNK OK]   RX  -60/6 Q100 TX  -59/5 Q0
2026-09-24T14:02:59.440+03:00 [s1] [O] [LNK OK]   RX  -60/5 Q100 TX  -60/5 Q0
2026-09-24T14:03:00.477+03:00 [s1] [O] [LNK OK]   RX  -60/5 Q100 TX  -60/6 Q0
2026-09-24T14:03:01.465+03:00 [s1] [O] [LNK OK]   RX  -60/5 Q100 TX  -59/5 Q0
2026-09-24T14:03:02.454+03:00 [s1] [O] [LNK OK]   RX  -60/5 Q100 TX  -59/6 Q0
2026-09-24T14:03:03.492+03:00 [s1] [O] [LNK OK]   RX  -60/5 Q100 TX  -59/5 Q0
2026-09-24T14:03:04.481+03:00 [s1] [O] [LNK OK]   RX  -60/5 Q100 TX  -59/5 Q0
2026-09-24T14:03:05.470+03:00 [s1] [O] [LNK OK]   RX  -60/5 Q100 TX  -59/5 Q0
2026-09-24T14:03:06.507+03:00 [s1] [O] [LNK OK]   RX  -60/5 Q100 TX  -59/5 Q0
2026-09-24T14:03:07.496+03:00 [s1] [O] [LNK OK]   RX  -60/5 Q100 TX  -59/5 Q0
2026-09-24T14:03:08.487+03:00 [s1] [O] [LNK OK]   RX  -60/5 Q100 TX  -59/5 Q0
2026-09-24T14:03:09.476+03:00 [s1] [O] [LNK OK]   RX  -59/5 Q100 TX  -59/5 Q0
2026-09-24T14:03:10.511+03:00 [s1] [O] [LNK OK]   RX  -60/5 Q100 TX  -59/5 Q0
2026-09-24T14:03:11.502+03:00 [s1] [O] [LNK OK]   RX  -60/5 Q100 TX  -60/5 Q0
2026-09-24T14:03:12.491+03:00 [s1] [O] [LNK OK]   RX  -59/5 Q100 TX  -60/5 Q0
2026-09-24T14:03:13.526+03:00 [s1] [O] [LNK OK]   RX  -60/5 Q100 TX  -60/5 Q0
2026-09-24T14:03:14.516+03:00 [s1] [O] [LNK OK]   RX  -60/5 Q100 TX  -60/5 Q0
2026-09-24T14:03:15.506+03:00 [s1] [O] [LNK OK]   RX  -60/5 Q100 TX  -59/5 Q0
2026-09-24T14:03:16.538+03:00 [s1] [O] [LNK OK]   RX  -60/5 Q100 TX  -60/5 Q0
2026-09-24T14:03:17.533+03:00 [s1] [O] [LNK OK]   RX  -60/5 Q100 TX  -59/5 Q0
2026-09-24T14:03:18.426+03:00 [s1] [I] /diag size 255
2026-09-24T14:03:18.519+03:00 [s1] [O] [SYS] DIAG SIZE BUSY: heartbeat transaction active
2026-09-24T14:03:18.524+03:00 [s1] [O] [LNK OK]   RX  -59/5 Q100 TX  -60/5 Q0
2026-09-24T14:03:19.511+03:00 [s1] [O] [LNK OK]   RX  -60/5 Q100 TX  -59/5 Q0
2026-09-24T14:03:20.546+03:00 [s1] [O] [LNK OK]   RX  -60/5 Q100 TX  -60/5 Q0
2026-09-24T14:03:21.536+03:00 [s1] [O] [LNK OK]   RX  -60/5 Q100 TX  -59/5 Q0
2026-09-24T14:03:22.525+03:00 [s1] [O] [LNK OK]   RX  -60/5 Q100 TX  -59/5 Q0
2026-09-24T14:03:23.560+03:00 [s1] [O] [LNK OK]   RX  -60/5 Q100 TX  -60/5 Q0
2026-09-24T14:03:24.550+03:00 [s1] [O] [LNK OK]   RX  -60/5 Q100 TX  -60/5 Q0
2026-09-24T14:03:25.046+03:00 [s1] [O] [DIAG] 225B TX=68 RX=68 CRC=0 HDR=0 NRP=0 [30S] TX=29 RX=29 CRC=0 HDR=0 NRP=0 RQ=100 TQ=0
2026-09-24T14:03:25.540+03:00 [s1] [O] [LNK OK]   RX  -60/5 Q100 TX  -59/5 Q0
2026-09-24T14:03:26.576+03:00 [s1] [O] [LNK OK]   RX  -60/5 Q100 TX  -59/5 Q0
2026-09-24T14:03:27.566+03:00 [s1] [O] [LNK OK]   RX  -60/5 Q100 TX  -59/5 Q0
2026-09-24T14:03:28.555+03:00 [s1] [O] [LNK OK]   RX  -60/6 Q100 TX  -60/5 Q0
2026-09-24T14:03:29.545+03:00 [s1] [O] [LNK OK]   RX  -60/5 Q100 TX  -59/5 Q0
2026-09-24T14:03:30.581+03:00 [s1] [O] [LNK OK]   RX  -60/5 Q100 TX  -60/5 Q0
2026-09-24T14:03:31.571+03:00 [s1] [O] [LNK OK]   RX  -60/5 Q100 TX  -59/6 Q0
2026-09-24T14:03:32.561+03:00 [s1] [O] [LNK OK]   RX  -60/5 Q100 TX  -59/5 Q0
2026-09-24T14:03:33.596+03:00 [s1] [O] [LNK OK]   RX  -60/5 Q100 TX  -60/5 Q0
2026-09-24T14:03:34.585+03:00 [s1] [O] [LNK OK]   RX  -60/5 Q100 TX  -59/5 Q0
2026-09-24T14:03:35.575+03:00 [s1] [O] [LNK OK]   RX  -60/6 Q100 TX  -60/6 Q0
2026-09-24T14:03:36.610+03:00 [s1] [O] [LNK OK]   RX  -60/5 Q100 TX  -59/5 Q0
2026-09-24T14:03:37.600+03:00 [s1] [O] [LNK OK]   RX  -60/5 Q100 TX  -59/5 Q0
2026-09-24T14:03:38.590+03:00 [s1] [O] [LNK OK]   RX  -59/5 Q100 TX  -59/5 Q0
2026-09-24T14:03:39.625+03:00 [s1] [O] [LNK OK]   RX  -60/5 Q100 TX  -59/5 Q0
2026-09-24T14:03:40.615+03:00 [s1] [O] [LNK OK]   RX  -60/5 Q100 TX  -60/5 Q0
2026-09-24T14:03:41.605+03:00 [s1] [O] [LNK OK]   RX  -60/5 Q100 TX  -59/5 Q0
2026-09-24T14:03:42.596+03:00 [s1] [O] [LNK OK]   RX  -60/5 Q100 TX  -60/6 Q0
2026-09-24T14:03:43.631+03:00 [s1] [O] [LNK OK]   RX  -60/6 Q100 TX  -60/5 Q0
2026-09-24T14:03:44.619+03:00 [s1] [O] [LNK OK]   RX  -60/5 Q100 TX  -59/6 Q0
2026-09-24T14:03:45.610+03:00 [s1] [O] [LNK OK]   RX  -60/5 Q100 TX  -59/5 Q0
2026-09-24T14:03:46.646+03:00 [s1] [O] [LNK OK]   RX  -60/5 Q100 TX  -59/6 Q0
2026-09-24T14:03:47.635+03:00 [s1] [O] [LNK OK]   RX  -60/5 Q100 TX  -59/5 Q0
2026-09-24T14:03:48.625+03:00 [s1] [O] [LNK OK]   RX  -60/5 Q100 TX  -60/5 Q0
2026-09-24T14:03:49.661+03:00 [s1] [O] [LNK OK]   RX  -60/5 Q100 TX  -60/6 Q0
2026-09-24T14:03:50.650+03:00 [s1] [O] [LNK OK]   RX  -60/5 Q100 TX  -60/5 Q0
2026-09-24T14:03:51.641+03:00 [s1] [O] [LNK OK]   RX  -60/5 Q100 TX  -59/5 Q0
2026-09-24T14:03:52.631+03:00 [s1] [O] [LNK OK]   RX  -60/5 Q100 TX  -59/5 Q0
2026-09-24T14:03:53.665+03:00 [s1] [O] [LNK OK]   RX  -60/5 Q100 TX  -59/5 Q0
2026-09-24T14:03:54.655+03:00 [s1] [O] [LNK OK]   RX  -60/5 Q100 TX  -60/5 Q0
2026-09-24T14:03:55.061+03:00 [s1] [O] [DIAG] 225B TX=98 RX=98 CRC=0 HDR=0 NRP=0 [30S] TX=30 RX=30 CRC=0 HDR=0 NRP=0 RQ=100 TQ=0
2026-09-24T14:03:55.645+03:00 [s1] [O] [LNK OK]   RX  -60/5 Q100 TX  -60/6 Q0
2026-09-24T14:03:56.683+03:00 [s1] [O] [LNK OK]   RX  -60/5 Q100 TX  -59/5 Q0
2026-09-24T14:03:57.672+03:00 [s1] [O] [LNK OK]   RX  -60/5 Q100 TX  -60/5 Q0
2026-09-24T14:03:58.662+03:00 [s1] [O] [LNK OK]   RX  -60/5 Q100 TX  -60/5 Q0
2026-09-24T14:03:58.918+03:00 [s1] [I] /diag off
2026-09-24T14:03:58.972+03:00 [s1] [O] [SYS] DIAG OFF
2026-09-24T14:04:12.216+03:00 [s1] [I] /diag on
2026-09-24T14:04:12.294+03:00 [s1] [O] [SYS] DIAG ON frame=16B
2026-09-24T14:04:13.552+03:00 [s1] [O] [LNK OK]   RX  -61/6 Q100 TX  -60/5 Q0
2026-09-24T14:04:14.500+03:00 [s1] [O] [LNK OK]   RX  -61/5 Q100 TX  -60/5 Q0
2026-09-24T14:04:15.537+03:00 [s1] [O] [LNK OK]   RX  -61/6 Q100 TX  -61/6 Q0
2026-09-24T14:04:16.526+03:00 [s1] [O] [LNK OK]   RX  -61/5 Q100 TX  -60/5 Q0
2026-09-24T14:04:17.517+03:00 [s1] [O] [LNK OK]   RX  -61/6 Q100 TX  -60/6 Q0
2026-09-24T14:04:18.551+03:00 [s1] [O] [LNK OK]   RX  -61/6 Q100 TX  -60/5 Q0
2026-09-24T14:04:19.541+03:00 [s1] [O] [LNK OK]   RX  -61/6 Q100 TX  -60/5 Q0
2026-09-24T14:04:20.530+03:00 [s1] [O] [LNK OK]   RX  -61/6 Q100 TX  -60/5 Q0
2026-09-24T14:04:21.566+03:00 [s1] [O] [LNK OK]   RX  -61/6 Q100 TX  -60/5 Q0
2026-09-24T14:04:22.556+03:00 [s1] [O] [LNK OK]   RX  -61/5 Q100 TX  -60/5 Q0
2026-09-24T14:04:23.548+03:00 [s1] [O] [LNK OK]   RX  -61/5 Q100 TX  -60/6 Q0
2026-09-24T14:04:24.537+03:00 [s1] [O] [LNK OK]   RX  -61/6 Q100 TX  -60/5 Q0
2026-09-24T14:04:25.573+03:00 [s1] [O] [LNK OK]   RX  -61/5 Q100 TX  -60/5 Q0
2026-09-24T14:04:25.864+03:00 [s1] [I] /diag size 255
2026-09-24T14:04:25.930+03:00 [s1] [O] [SYS] DIAG frame=255B
2026-09-24T14:04:27.326+03:00 [s1] [O] [LNK OK]   RX  -60/6 Q100 TX  -59/5 Q0
2026-09-24T14:04:28.314+03:00 [s1] [O] [LNK OK]   RX  -60/5 Q100 TX  -60/5 Q0
2026-09-24T14:04:29.349+03:00 [s1] [O] [LNK OK]   RX  -59/6 Q100 TX  -60/6 Q0
2026-09-24T14:04:30.341+03:00 [s1] [O] [LNK OK]   RX  -61/6 Q100 TX  -60/6 Q0
2026-09-24T14:04:31.330+03:00 [s1] [O] [LNK OK]   RX  -60/6 Q100 TX  -59/6 Q0
2026-09-24T14:04:32.322+03:00 [s1] [O] [LNK OK]   RX  -60/6 Q100 TX  -59/5 Q0
2026-09-24T14:04:33.357+03:00 [s1] [O] [LNK OK]   RX  -60/6 Q100 TX  -60/5 Q0
2026-09-24T14:04:34.346+03:00 [s1] [O] [LNK OK]   RX  -60/6 Q100 TX  -59/5 Q0
2026-09-24T14:04:35.335+03:00 [s1] [O] [LNK OK]   RX  -60/6 Q100 TX  -60/5 Q0
2026-09-24T14:04:36.370+03:00 [s1] [O] [LNK OK]   RX  -60/6 Q100 TX  -60/6 Q0
2026-09-24T14:04:37.362+03:00 [s1] [O] [LNK OK]   RX  -60/6 Q100 TX  -60/6 Q0
2026-09-24T14:04:38.350+03:00 [s1] [O] [LNK OK]   RX  -60/6 Q100 TX  -60/5 Q0
2026-09-24T14:04:39.383+03:00 [s1] [O] [LNK OK]   RX  -60/6 Q100 TX  -60/5 Q0
2026-09-24T14:04:40.378+03:00 [s1] [O] [LNK OK]   RX  -60/6 Q100 TX  -59/5 Q0
2026-09-24T14:04:41.365+03:00 [s1] [O] [LNK OK]   RX  -60/5 Q100 TX  -60/6 Q0
2026-09-24T14:04:42.355+03:00 [s1] [O] [LNK OK]   RX  -60/6 Q100 TX  -60/6 Q0
2026-09-24T14:04:43.392+03:00 [s1] [O] [LNK OK]   RX  -60/5 Q100 TX  -60/5 Q0
2026-09-24T14:04:44.151+03:00 [s1] [I] /diag off
2026-09-24T14:04:44.286+03:00 [s1] [O] [SYS] DIAG OFF
2026-09-24T14:04:58.786+03:00 [s1] [I] /heartbeat
2026-09-24T14:04:58.868+03:00 [s1] [O] [SYS] HEARTBEAT OFF
2026-09-24T14:05:13.224+03:00 [s1] [I] /sf 12
2026-09-24T14:05:13.226+03:00 [s2] [I] /sf 12
2026-09-24T14:05:13.307+03:00 [s2] [O] [SYS] SF 12 SAVED
2026-09-24T14:05:13.313+03:00 [s1] [O] [SYS] SF 12 SAVED
2026-09-24T14:05:28.102+03:00 [s1] [I] /bw 62.5
2026-09-24T14:05:28.104+03:00 [s2] [I] /bw 62.5
2026-09-24T14:05:28.157+03:00 [s2] [O] [SYS] BW 62.5 kHz SAVED
2026-09-24T14:05:28.164+03:00 [s1] [O] [SYS] BW 62.5 kHz SAVED
2026-09-24T14:05:41.667+03:00 [s1] [I] /config
2026-09-24T14:05:41.672+03:00 [s2] [I] /config
2026-09-24T14:05:41.749+03:00 [s2] [O] [SYS] CFG schema=2 storage=NVS freq_oob=OFF
2026-09-24T14:05:41.750+03:00 [s2] [O] [SYS] CFG RADIO power=2 dBm freq=470 MHz sf=12 bw=62.5 kHz
2026-09-24T14:05:41.753+03:00 [s1] [O] [SYS] CFG schema=2 storage=NVS freq_oob=OFF
2026-09-24T14:05:41.758+03:00 [s1] [O] [SYS] CFG RADIO power=2 dBm freq=470 MHz sf=12 bw=62.5 kHz
2026-09-24T14:05:41.761+03:00 [s1] [O] [SYS] CFG LINK heartbeat=OFF retry=ON attempts=5 diag=OFF
2026-09-24T14:05:41.792+03:00 [s2] [O] [SYS] CFG LINK heartbeat=OFF retry=ON attempts=5 diag=OFF
2026-09-24T14:05:56.098+03:00 [s1] [I] /diag on
2026-09-24T14:05:56.154+03:00 [s1] [O] [SYS] DIAG ON frame=16B
2026-09-24T14:06:07.360+03:00 [s1] [O] [LNK OK]   RX  -66/9 Q100 TX  -65/10 Q0
2026-09-24T14:06:13.301+03:00 [s1] [O] [LNK OK]   RX  -67/9 Q100 TX  -66/11 Q0
2026-09-24T14:06:19.240+03:00 [s1] [O] [LNK OK]   RX  -67/11 Q100 TX  -67/8 Q0
2026-09-24T14:06:25.046+03:00 [s1] [O] [LNK OK]   RX  -67/11 Q100 TX  -66/8 Q0
2026-09-24T14:06:30.804+03:00 [s1] [O] [LNK OK]   RX  -67/11 Q100 TX  -66/8 Q0
2026-09-24T14:06:30.852+03:00 [s1] [O] [DIAG] 16B TX=5 RX=5 CRC=0 HDR=0 NRP=0 [30S] TX=5 RX=5 CRC=0 HDR=0 NRP=0 RQ=100 TQ=0
2026-09-24T14:06:36.927+03:00 [s1] [O] [LNK OK]   RX  -68/11 Q100 TX  -66/10 Q0
2026-09-24T14:06:42.731+03:00 [s1] [O] [LNK OK]   RX  -67/11 Q100 TX  -67/9 Q0
2026-09-24T14:06:48.806+03:00 [s1] [O] [LNK OK]   RX  -67/11 Q100 TX  -67/10 Q0
2026-09-24T14:06:54.745+03:00 [s1] [O] [LNK OK]   RX  -67/11 Q100 TX  -65/9 Q0
2026-09-24T14:07:00.551+03:00 [s1] [O] [LNK OK]   RX  -67/11 Q100 TX  -67/9 Q0
2026-09-24T14:07:00.821+03:00 [s1] [O] [DIAG] 16B TX=10 RX=10 CRC=0 HDR=0 NRP=0 [30S] TX=5 RX=5 CRC=0 HDR=0 NRP=0 RQ=100 TQ=0
2026-09-24T14:07:06.490+03:00 [s1] [O] [LNK OK]   RX  -68/11 Q100 TX  -66/9 Q0
2026-09-24T14:07:11.078+03:00 [s1] [I] /diag off
2026-09-24T14:07:11.167+03:00 [s1] [O] [SYS] DIAG OFF
2026-09-24T14:07:31.623+03:00 [s1] [I] /heartbeat off
2026-09-24T14:07:31.627+03:00 [s2] [I] /heartbeat off
2026-09-24T14:07:31.630+03:00 [s2] [I] /diag off
2026-09-24T14:07:31.680+03:00 [s2] [O] [SYS] HEARTBEAT OFF
2026-09-24T14:07:31.686+03:00 [s1] [O] [SYS] HEARTBEAT OFF
2026-09-24T14:07:31.727+03:00 [s2] [O] [SYS] DIAG already OFF
2026-09-24T14:07:46.942+03:00 [s1] [I] /echo-loop stop
2026-09-24T14:07:46.945+03:00 [s1] [I] /cancel all
2026-09-24T14:07:46.949+03:00 [s1] [I] /power 2
2026-09-24T14:07:46.952+03:00 [s2] [I] /echo-loop stop
2026-09-24T14:07:46.953+03:00 [s2] [I] /cancel all
2026-09-24T14:07:46.957+03:00 [s2] [I] /power 2
2026-09-24T14:07:47.029+03:00 [s2] [O] [SYS] DELIVERY CANCEL: nothing pending
2026-09-24T14:07:47.033+03:00 [s1] [O] [SYS] ECHO LOOP already stopped
2026-09-24T14:07:47.034+03:00 [s2] [O] [SYS] ECHO LOOP already stopped
2026-09-24T14:07:47.037+03:00 [s1] [O] [SYS] DELIVERY CANCEL: nothing pending
2026-09-24T14:07:47.039+03:00 [s1] [O] [SYS] POWER 2 dBm SAVED
2026-09-24T14:07:47.070+03:00 [s2] [O] [SYS] POWER 2 dBm SAVED
2026-09-24T14:08:00.589+03:00 [s1] [I] /config
2026-09-24T14:08:00.592+03:00 [s2] [I] /config
2026-09-24T14:08:00.664+03:00 [s2] [O] [SYS] CFG schema=2 storage=NVS freq_oob=OFF
2026-09-24T14:08:00.666+03:00 [s2] [O] [SYS] CFG RADIO power=2 dBm freq=470 MHz sf=12 bw=62.5 kHz
2026-09-24T14:08:00.670+03:00 [s1] [O] [SYS] CFG schema=2 storage=NVS freq_oob=OFF
2026-09-24T14:08:00.673+03:00 [s1] [O] [SYS] CFG RADIO power=2 dBm freq=470 MHz sf=12 bw=62.5 kHz
2026-09-24T14:08:00.675+03:00 [s1] [O] [SYS] CFG LINK heartbeat=OFF retry=ON attempts=5 diag=OFF
2026-09-24T14:08:00.706+03:00 [s2] [O] [SYS] CFG LINK heartbeat=OFF retry=ON attempts=5 diag=OFF
