2026-09-24T11:08:28.102+03:00 [s1] [O] [SYS] CHATTER NODE LoRa-Chatter-1B44
2026-09-24T11:08:33.120+03:00 [s2] [O] [SYS] CHATTER NODE LoRa-Chatter-72E0
2026-09-24T11:08:42.497+03:00 [s1] [I] /id
2026-09-24T11:08:42.499+03:00 [s2] [I] /id
2026-09-24T11:08:42.502+03:00 [s1] [I] /version
2026-09-24T11:08:42.503+03:00 [s2] [I] /version
2026-09-24T11:08:42.569+03:00 [s2] [O] [SYS] CHATTER NODE LoRa-Chatter-72E0
2026-09-24T11:08:42.573+03:00 [s2] [O] [SYS] FIRMWARE Chatter git=0fa01bd7a220d25101716bc84089a21e714739b9 state=clean env=esp32-s3-n16r8
2026-09-24T11:08:42.577+03:00 [s2] [O] [SYS] FIRMWARE IMAGE validation_sha256=9af98dffa689c6b29f657aca4269c463d0af017011e755b7d40053fc374211ef status=OK slot=0
2026-09-24T11:08:42.582+03:00 [s2] [O] [SYS] BUILD META toolchain_sha256=a087c73c0094f7d5c7bce96d3b44b5349361527190730cac76aaf8087289bbfb pio=6.2.0
2026-09-24T11:08:42.592+03:00 [s1] [O] [SYS] CHATTER NODE LoRa-Chatter-1B44
2026-09-24T11:08:42.596+03:00 [s1] [O] [SYS] FIRMWARE Chatter git=0fa01bd7a220d25101716bc84089a21e714739b9 state=clean env=esp32-s3-n16r8
2026-09-24T11:08:42.600+03:00 [s1] [O] [SYS] FIRMWARE IMAGE validation_sha256=9af98dffa689c6b29f657aca4269c463d0af017011e755b7d40053fc374211ef status=OK slot=0
2026-09-24T11:08:42.605+03:00 [s1] [O] [SYS] BUILD META toolchain_sha256=a087c73c0094f7d5c7bce96d3b44b5349361527190730cac76aaf8087289bbfb pio=6.2.0
2026-09-24T11:09:21.710+03:00 [s1] [I] /heartbeat off
2026-09-24T11:09:21.712+03:00 [s2] [I] /heartbeat off
2026-09-24T11:09:21.714+03:00 [s1] [I] /diag off
2026-09-24T11:09:21.717+03:00 [s2] [I] /diag off
2026-09-24T11:09:21.719+03:00 [s1] [I] /echo-loop stop
2026-09-24T11:09:21.720+03:00 [s2] [I] /echo-loop stop
2026-09-24T11:09:21.722+03:00 [s1] [I] /cancel all
2026-09-24T11:09:21.726+03:00 [s2] [I] /cancel all
2026-09-24T11:09:21.728+03:00 [s1] [I] /power 2
2026-09-24T11:09:21.730+03:00 [s2] [I] /power 2
2026-09-24T11:09:21.731+03:00 [s1] [I] /freq 470
2026-09-24T11:09:21.734+03:00 [s2] [I] /freq 470
2026-09-24T11:09:21.735+03:00 [s1] [I] /sf 12
2026-09-24T11:09:21.737+03:00 [s2] [I] /sf 12
2026-09-24T11:09:21.740+03:00 [s1] [I] /bw 125
2026-09-24T11:09:21.742+03:00 [s2] [I] /bw 125
2026-09-24T11:09:21.745+03:00 [s1] [I] /config
2026-09-24T11:09:21.746+03:00 [s2] [I] /config
2026-09-24T11:09:21.786+03:00 [s1] [O] [SYS] HEARTBEAT OFF
2026-09-24T11:09:21.790+03:00 [s1] [O] [SYS] DELIVERY CANCEL: nothing pending
2026-09-24T11:09:21.792+03:00 [s1] [O] [SYS] DIAG already OFF
2026-09-24T11:09:21.794+03:00 [s1] [O] [SYS] ECHO LOOP already stopped
2026-09-24T11:09:21.807+03:00 [s2] [O] [SYS] HEARTBEAT OFF
2026-09-24T11:09:21.815+03:00 [s2] [O] [SYS] DELIVERY CANCEL: nothing pending
2026-09-24T11:09:21.816+03:00 [s2] [O] [SYS] DIAG already OFF
2026-09-24T11:09:21.817+03:00 [s2] [O] [SYS] ECHO LOOP already stopped
2026-09-24T11:09:21.819+03:00 [s2] [O] [SYS] POWER 2 dBm SAVED
2026-09-24T11:09:21.819+03:00 [s2] [O] [SYS] FREQ 470 MHz SAVED
2026-09-24T11:09:21.832+03:00 [s1] [O] [SYS] POWER 2 dBm SAVED
2026-09-24T11:09:21.834+03:00 [s1] [O] [SYS] FREQ 470 MHz SAVED
2026-09-24T11:09:21.834+03:00 [s1] [O] [SYS] SF 12 SAVED
2026-09-24T11:09:21.853+03:00 [s2] [O] [SYS] SF 12 SAVED
2026-09-24T11:09:21.855+03:00 [s2] [O] [SYS] BW 125 kHz SAVED
2026-09-24T11:09:21.856+03:00 [s2] [O] [SYS] CFG schema=2 storage=NVS freq_oob=OFF
2026-09-24T11:09:21.860+03:00 [s2] [O] [SYS] CFG RADIO power=2 dBm freq=470 MHz sf=12 bw=125 kHz
2026-09-24T11:09:21.861+03:00 [s2] [O] [SYS] CFG LINK heartbeat=OFF retry=ON attempts=5 diag=OFF
2026-09-24T11:09:21.877+03:00 [s1] [O] [SYS] BW 125 kHz SAVED
2026-09-24T11:09:21.880+03:00 [s1] [O] [SYS] CFG schema=2 storage=NVS freq_oob=OFF
2026-09-24T11:09:21.882+03:00 [s1] [O] [SYS] CFG RADIO power=2 dBm freq=470 MHz sf=12 bw=125 kHz
2026-09-24T11:09:21.884+03:00 [s1] [O] [SYS] CFG LINK heartbeat=OFF retry=ON attempts=5 diag=OFF
2026-09-24T11:09:59.016+03:00 [s1] [I] /heartbeat on
2026-09-24T11:09:59.018+03:00 [s2] [I] /heartbeat on
2026-09-24T11:09:59.090+03:00 [s1] [O] [SYS] HEARTBEAT ON
2026-09-24T11:09:59.114+03:00 [s2] [O] [SYS] HEARTBEAT ON
2026-09-24T11:13:41.423+03:00 [s1] [I] /heartbeat off
2026-09-24T11:13:41.425+03:00 [s2] [I] /heartbeat off
2026-09-24T11:13:41.479+03:00 [s1] [O] [SYS] HEARTBEAT OFF
2026-09-24T11:13:41.502+03:00 [s2] [O] [SYS] HEARTBEAT OFF
2026-09-24T11:14:18.480+03:00 [s1] [I] /sf 7
2026-09-24T11:14:18.481+03:00 [s2] [I] /sf 7
2026-09-24T11:14:18.484+03:00 [s1] [I] /bw 500
2026-09-24T11:14:18.487+03:00 [s2] [I] /bw 500
2026-09-24T11:14:18.490+03:00 [s1] [I] /config
2026-09-24T11:14:18.491+03:00 [s2] [I] /config
2026-09-24T11:14:18.536+03:00 [s2] [O] [SYS] SF 7 SAVED
2026-09-24T11:14:18.559+03:00 [s1] [O] [SYS] SF 7 SAVED
2026-09-24T11:14:18.561+03:00 [s1] [O] [SYS] BW 500 kHz SAVED
2026-09-24T11:14:18.564+03:00 [s1] [O] [SYS] CFG schema=2 storage=NVS freq_oob=OFF
2026-09-24T11:14:18.567+03:00 [s1] [O] [SYS] CFG RADIO power=2 dBm freq=470 MHz sf=7 bw=500 kHz
2026-09-24T11:14:18.570+03:00 [s1] [O] [SYS] CFG LINK heartbeat=OFF retry=ON attempts=5 diag=OFF
2026-09-24T11:14:18.583+03:00 [s2] [O] [SYS] BW 500 kHz SAVED
2026-09-24T11:14:18.585+03:00 [s2] [O] [SYS] CFG schema=2 storage=NVS freq_oob=OFF
2026-09-24T11:14:18.587+03:00 [s2] [O] [SYS] CFG RADIO power=2 dBm freq=470 MHz sf=7 bw=500 kHz
2026-09-24T11:14:18.589+03:00 [s2] [O] [SYS] CFG LINK heartbeat=OFF retry=ON attempts=5 diag=OFF
2026-09-24T11:14:52.263+03:00 [s1] [I] /heartbeat on
2026-09-24T11:14:52.265+03:00 [s2] [I] /heartbeat on
2026-09-24T11:14:52.331+03:00 [s2] [O] [SYS] HEARTBEAT ON
2026-09-24T11:14:52.354+03:00 [s1] [O] [SYS] HEARTBEAT ON
2026-09-24T11:16:55.837+03:00 [s1] [I] /heartbeat off
2026-09-24T11:16:55.838+03:00 [s2] [I] /heartbeat off
2026-09-24T11:16:55.842+03:00 [s1] [I] /diag off
2026-09-24T11:16:55.843+03:00 [s2] [I] /diag off
2026-09-24T11:16:55.846+03:00 [s1] [I] /echo-loop stop
2026-09-24T11:16:55.849+03:00 [s2] [I] /echo-loop stop
2026-09-24T11:16:55.852+03:00 [s1] [I] /cancel all
2026-09-24T11:16:55.854+03:00 [s2] [I] /cancel all
2026-09-24T11:16:55.856+03:00 [s1] [I] /power 2
2026-09-24T11:16:55.858+03:00 [s2] [I] /power 2
2026-09-24T11:16:55.861+03:00 [s1] [I] /config
2026-09-24T11:16:55.864+03:00 [s2] [I] /config
2026-09-24T11:16:55.901+03:00 [s2] [O] [SYS] HEARTBEAT OFF
2026-09-24T11:16:55.903+03:00 [s2] [O] [SYS] DIAG already OFF
2026-09-24T11:16:55.904+03:00 [s2] [O] [SYS] ECHO LOOP already stopped
2026-09-24T11:16:55.923+03:00 [s1] [O] [SYS] HEARTBEAT OFF
2026-09-24T11:16:55.928+03:00 [s1] [O] [SYS] DELIVERY CANCEL: nothing pending
2026-09-24T11:16:55.929+03:00 [s1] [O] [SYS] DIAG already OFF
2026-09-24T11:16:55.930+03:00 [s1] [O] [SYS] ECHO LOOP already stopped
2026-09-24T11:16:55.931+03:00 [s1] [O] [SYS] POWER 2 dBm SAVED
2026-09-24T11:16:55.932+03:00 [s1] [O] [SYS] CFG schema=2 storage=NVS freq_oob=OFF
2026-09-24T11:16:55.935+03:00 [s1] [O] [SYS] CFG RADIO power=2 dBm freq=470 MHz sf=7 bw=500 kHz
2026-09-24T11:16:55.937+03:00 [s1] [O] [SYS] CFG LINK heartbeat=OFF retry=ON attempts=5 diag=OFF
2026-09-24T11:16:55.951+03:00 [s2] [O] [SYS] DELIVERY CANCEL: nothing pending
2026-09-24T11:16:55.952+03:00 [s2] [O] [SYS] POWER 2 dBm SAVED
2026-09-24T11:16:55.954+03:00 [s2] [O] [SYS] CFG schema=2 storage=NVS freq_oob=OFF
2026-09-24T11:16:55.955+03:00 [s2] [O] [SYS] CFG RADIO power=2 dBm freq=470 MHz sf=7 bw=500 kHz
2026-09-24T11:16:55.957+03:00 [s2] [O] [SYS] CFG LINK heartbeat=OFF retry=ON attempts=5 diag=OFF
