2026-09-24T11:51:15.002+03:00 [s1] [O] [SYS] CHATTER NODE LoRa-Chatter-1B44
2026-09-24T11:51:20.246+03:00 [s2] [O] [SYS] CHATTER NODE LoRa-Chatter-72E0
2026-09-24T11:51:42.791+03:00 [s1] [I] /id
2026-09-24T11:51:42.792+03:00 [s1] [I] /version
2026-09-24T11:51:42.794+03:00 [s2] [I] /id
2026-09-24T11:51:42.796+03:00 [s2] [I] /version
2026-09-24T11:51:42.856+03:00 [s1] [O] [SYS] CHATTER NODE LoRa-Chatter-1B44
2026-09-24T11:51:42.862+03:00 [s1] [O] [SYS] FIRMWARE Chatter git=0fa01bd7a220d25101716bc84089a21e714739b9 state=clean env=esp32-s3-n16r8
2026-09-24T11:51:42.879+03:00 [s2] [O] [SYS] CHATTER NODE LoRa-Chatter-72E0
2026-09-24T11:51:42.902+03:00 [s1] [O] [SYS] FIRMWARE IMAGE validation_sha256=9af98dffa689c6b29f657aca4269c463d0af017011e755b7d40053fc374211ef status=OK slot=0
2026-09-24T11:51:42.907+03:00 [s1] [O] [SYS] BUILD META toolchain_sha256=a087c73c0094f7d5c7bce96d3b44b5349361527190730cac76aaf8087289bbfb pio=6.2.0
2026-09-24T11:51:42.926+03:00 [s2] [O] [SYS] FIRMWARE Chatter git=0fa01bd7a220d25101716bc84089a21e714739b9 state=clean env=esp32-s3-n16r8
2026-09-24T11:51:42.931+03:00 [s2] [O] [SYS] FIRMWARE IMAGE validation_sha256=9af98dffa689c6b29f657aca4269c463d0af017011e755b7d40053fc374211ef status=OK slot=0
2026-09-24T11:51:42.936+03:00 [s2] [O] [SYS] BUILD META toolchain_sha256=a087c73c0094f7d5c7bce96d3b44b5349361527190730cac76aaf8087289bbfb pio=6.2.0
2026-09-24T11:52:25.656+03:00 [s1] [I] /heartbeat off
2026-09-24T11:52:25.658+03:00 [s1] [I] /diag off
2026-09-24T11:52:25.659+03:00 [s1] [I] /echo-loop stop
2026-09-24T11:52:25.661+03:00 [s1] [I] /cancel all
2026-09-24T11:52:25.663+03:00 [s1] [I] /power 2
2026-09-24T11:52:25.665+03:00 [s1] [I] /freq 470
2026-09-24T11:52:25.667+03:00 [s1] [I] /sf 7
2026-09-24T11:52:25.669+03:00 [s1] [I] /bw 500
2026-09-24T11:52:25.670+03:00 [s2] [I] /heartbeat off
2026-09-24T11:52:25.672+03:00 [s2] [I] /diag off
2026-09-24T11:52:25.674+03:00 [s2] [I] /echo-loop stop
2026-09-24T11:52:25.675+03:00 [s2] [I] /cancel all
2026-09-24T11:52:25.677+03:00 [s2] [I] /power 2
2026-09-24T11:52:25.677+03:00 [s2] [I] /freq 470
2026-09-24T11:52:25.679+03:00 [s2] [I] /sf 7
2026-09-24T11:52:25.681+03:00 [s2] [I] /bw 500
2026-09-24T11:52:25.742+03:00 [s1] [O] [SYS] HEARTBEAT OFF
2026-09-24T11:52:25.763+03:00 [s2] [O] [SYS] HEARTBEAT OFF
2026-09-24T11:52:25.786+03:00 [s1] [O] [SYS] DIAG already OFF
2026-09-24T11:52:25.792+03:00 [s1] [O] [SYS] DELIVERY CANCEL: nothing pending
2026-09-24T11:52:25.792+03:00 [s1] [O] [SYS] ECHO LOOP already stopped
2026-09-24T11:52:25.793+03:00 [s1] [O] [SYS] POWER 2 dBm SAVED
2026-09-24T11:52:25.794+03:00 [s1] [O] [SYS] FREQ 470 MHz SAVED
2026-09-24T11:52:25.795+03:00 [s1] [O] [SYS] SF 7 SAVED
2026-09-24T11:52:25.809+03:00 [s2] [O] [SYS] DIAG already OFF
2026-09-24T11:52:25.814+03:00 [s2] [O] [SYS] DELIVERY CANCEL: nothing pending
2026-09-24T11:52:25.815+03:00 [s2] [O] [SYS] ECHO LOOP already stopped
2026-09-24T11:52:25.816+03:00 [s2] [O] [SYS] POWER 2 dBm SAVED
2026-09-24T11:52:25.818+03:00 [s2] [O] [SYS] FREQ 470 MHz SAVED
2026-09-24T11:52:25.818+03:00 [s2] [O] [SYS] SF 7 SAVED
2026-09-24T11:52:41.033+03:00 [s1] [I] /config
2026-09-24T11:52:41.034+03:00 [s2] [I] /config
2026-09-24T11:52:41.087+03:00 [s1] [O] [SYS] CFG schema=2 storage=NVS freq_oob=OFF
2026-09-24T11:52:41.089+03:00 [s1] [O] [SYS] CFG RADIO power=2 dBm freq=470 MHz sf=7 bw=500 kHz
2026-09-24T11:52:41.092+03:00 [s1] [O] [SYS] CFG LINK heartbeat=OFF retry=ON attempts=5 diag=OFF
2026-09-24T11:52:41.109+03:00 [s2] [O] [SYS] CFG schema=2 storage=NVS freq_oob=OFF
2026-09-24T11:52:41.110+03:00 [s2] [O] [SYS] CFG RADIO power=2 dBm freq=470 MHz sf=7 bw=500 kHz
2026-09-24T11:52:41.114+03:00 [s2] [O] [SYS] CFG LINK heartbeat=OFF retry=ON attempts=5 diag=OFF
2026-09-24T11:53:12.984+03:00 [s2] [I] /heartbeat on
2026-09-24T11:53:13.058+03:00 [s2] [O] [SYS] HEARTBEAT ON
2026-09-24T11:53:44.926+03:00 [s1] [I] /diag size 225
2026-09-24T11:53:44.987+03:00 [s1] [O] [SYS] DIAG REJECTED: diagnostic mode is OFF
2026-09-24T11:54:08.855+03:00 [s1] [I] /diag on
2026-09-24T11:54:08.925+03:00 [s1] [O] [SYS] DIAG ON frame=16B
2026-09-24T11:54:10.637+03:00 [s1] [O] [LNK NRP]  RX  ---/--- Q22  TX  ---/--- Q72
2026-09-24T11:54:11.134+03:00 [s1] [O] [LNK OK]   RX  -60/6 Q22  TX  -58/5 Q75
2026-09-24T11:54:12.169+03:00 [s1] [O] [LNK OK]   RX  -60/6 Q25  TX  -59/6 Q75
2026-09-24T11:54:13.158+03:00 [s1] [O] [LNK OK]   RX  -60/6 Q28  TX  -59/5 Q75
2026-09-24T11:54:14.148+03:00 [s1] [O] [LNK OK]   RX  -60/6 Q31  TX  -59/5 Q75
2026-09-24T11:54:15.137+03:00 [s1] [O] [LNK OK]   RX  -60/5 Q34  TX  -59/5 Q75
2026-09-24T11:54:16.172+03:00 [s1] [O] [LNK OK]   RX  -59/5 Q38  TX  -59/5 Q75
2026-09-24T11:54:17.163+03:00 [s1] [O] [LNK OK]   RX  -60/6 Q41  TX  -59/6 Q75
2026-09-24T11:54:18.153+03:00 [s1] [O] [LNK OK]   RX  -60/5 Q44  TX  -59/6 Q75
2026-09-24T11:54:19.187+03:00 [s1] [O] [LNK OK]   RX  -60/5 Q47  TX  -59/5 Q75
2026-09-24T11:54:20.177+03:00 [s1] [O] [LNK OK]   RX  -59/5 Q50  TX  -59/6 Q75
2026-09-24T11:54:21.167+03:00 [s1] [O] [LNK OK]   RX  -60/5 Q50  TX  -59/6 Q75
2026-09-24T11:54:22.202+03:00 [s1] [O] [LNK OK]   RX  -59/5 Q53  TX  -59/5 Q75
2026-09-24T11:54:23.192+03:00 [s1] [O] [LNK OK]   RX  -59/5 Q53  TX  -59/6 Q75
2026-09-24T11:54:24.227+03:00 [s1] [O] [LNK OK]   RX  -60/5 Q53  TX  -59/6 Q75
2026-09-24T11:54:25.214+03:00 [s1] [O] [LNK OK]   RX  -60/6 Q53  TX  -59/5 Q75
2026-09-24T11:54:26.207+03:00 [s1] [O] [LNK OK]   RX  -59/5 Q53  TX  -59/5 Q75
2026-09-24T11:54:27.198+03:00 [s1] [O] [LNK OK]   RX  -59/5 Q53  TX  -59/5 Q75
2026-09-24T11:54:28.187+03:00 [s1] [O] [LNK OK]   RX  -60/5 Q56  TX  -59/6 Q75
2026-09-24T11:54:29.222+03:00 [s1] [O] [LNK OK]   RX  -59/5 Q59  TX  -58/5 Q75
2026-09-24T11:54:30.212+03:00 [s1] [O] [LNK OK]   RX  -60/5 Q63  TX  -59/5 Q75
2026-09-24T11:54:31.202+03:00 [s1] [O] [LNK OK]   RX  -60/5 Q66  TX  -59/6 Q75
2026-09-24T11:54:32.238+03:00 [s1] [O] [LNK OK]   RX  -60/5 Q69  TX  -59/5 Q75
2026-09-24T11:54:33.227+03:00 [s1] [O] [LNK OK]   RX  -60/5 Q72  TX  -59/5 Q75
2026-09-24T11:54:34.219+03:00 [s1] [O] [LNK OK]   RX  -59/5 Q75  TX  -59/6 Q75
2026-09-24T11:54:35.078+03:00 [s1] [I] /diag size 225
2026-09-24T11:54:35.207+03:00 [s1] [O] [SYS] DIAG SIZE BUSY: heartbeat transaction active
2026-09-24T11:54:35.209+03:00 [s1] [O] [LNK OK]   RX  -60/5 Q78  TX  -59/6 Q75
2026-09-24T11:54:36.242+03:00 [s1] [O] [LNK OK]   RX  -59/6 Q81  TX  -59/6 Q75
2026-09-24T11:54:37.232+03:00 [s1] [O] [LNK OK]   RX  -60/5 Q84  TX  -59/5 Q75
2026-09-24T11:54:38.269+03:00 [s1] [O] [LNK OK]   RX  -59/5 Q88  TX  -58/6 Q75
2026-09-24T11:54:38.898+03:00 [s1] [O] [DIAG] 16B TX=29 RX=28 CRC=0 HDR=0 NRP=1 [30S] TX=29 RX=28 CRC=0 HDR=0 NRP=1 RQ=53 TQ=75
2026-09-24T11:54:39.258+03:00 [s1] [O] [LNK OK]   RX  -59/6 Q91  TX  -59/5 Q75
2026-09-24T11:54:40.247+03:00 [s1] [O] [LNK OK]   RX  -59/5 Q94  TX  -59/5 Q75
2026-09-24T11:54:41.238+03:00 [s1] [O] [LNK OK]   RX  -60/6 Q97  TX  -59/6 Q75
2026-09-24T11:54:42.271+03:00 [s1] [O] [LNK OK]   RX  -59/5 Q100 TX  -59/5 Q75
2026-09-24T11:54:43.262+03:00 [s1] [O] [LNK OK]   RX  -60/6 Q100 TX  -59/5 Q75
2026-09-24T11:54:44.295+03:00 [s1] [O] [LNK OK]   RX  -60/5 Q100 TX  -59/5 Q75
2026-09-24T11:54:45.242+03:00 [s1] [O] [LNK OK]   RX  -59/5 Q100 TX  -59/5 Q75
2026-09-24T11:54:46.278+03:00 [s1] [O] [LNK OK]   RX  -60/6 Q100 TX  -59/6 Q75
2026-09-24T11:54:47.269+03:00 [s1] [O] [LNK OK]   RX  -59/5 Q100 TX  -59/5 Q75
2026-09-24T11:54:48.258+03:00 [s1] [O] [LNK OK]   RX  -60/5 Q100 TX  -59/5 Q75
2026-09-24T11:54:49.293+03:00 [s1] [O] [LNK OK]   RX  -59/5 Q100 TX  -59/5 Q75
2026-09-24T11:54:50.282+03:00 [s1] [O] [LNK OK]   RX  -60/5 Q100 TX  -59/5 Q75
2026-09-24T11:54:51.272+03:00 [s1] [O] [LNK OK]   RX  -59/5 Q100 TX  -59/5 Q75
2026-09-24T11:54:52.306+03:00 [s1] [O] [LNK OK]   RX  -60/5 Q100 TX  -59/6 Q75
2026-09-24T11:54:53.297+03:00 [s1] [O] [LNK OK]   RX  -60/5 Q100 TX  -59/5 Q75
2026-09-24T11:54:54.290+03:00 [s1] [O] [LNK OK]   RX  -59/5 Q100 TX  -59/6 Q75
2026-09-24T11:54:55.277+03:00 [s1] [O] [LNK OK]   RX  -59/5 Q100 TX  -59/5 Q75
2026-09-24T11:54:56.312+03:00 [s1] [O] [LNK OK]   RX  -59/6 Q100 TX  -59/5 Q75
2026-09-24T11:54:57.344+03:00 [s1] [O] [LNK OK]   RX  -60/5 Q100 TX  -58/5 Q75
2026-09-24T11:54:58.293+03:00 [s1] [O] [LNK OK]   RX  -60/5 Q100 TX  -59/6 Q75
2026-09-24T11:54:59.329+03:00 [s1] [O] [LNK OK]   RX  -59/5 Q100 TX  -59/6 Q75
2026-09-24T11:55:00.319+03:00 [s1] [O] [LNK OK]   RX  -60/6 Q100 TX  -59/5 Q75
2026-09-24T11:55:01.307+03:00 [s1] [O] [LNK OK]   RX  -59/5 Q100 TX  -59/5 Q75
2026-09-24T11:55:02.344+03:00 [s1] [O] [LNK OK]   RX  -59/5 Q100 TX  -59/6 Q75
2026-09-24T11:55:03.332+03:00 [s1] [O] [LNK OK]   RX  -59/5 Q100 TX  -59/6 Q75
2026-09-24T11:55:04.321+03:00 [s1] [O] [LNK OK]   RX  -60/5 Q100 TX  -59/5 Q75
2026-09-24T11:55:05.312+03:00 [s1] [O] [LNK OK]   RX  -59/5 Q100 TX  -59/6 Q75
2026-09-24T11:55:06.349+03:00 [s1] [O] [LNK OK]   RX  -60/5 Q100 TX  -59/5 Q75
2026-09-24T11:55:07.338+03:00 [s1] [O] [LNK OK]   RX  -59/5 Q100 TX  -59/5 Q75
2026-09-24T11:55:08.370+03:00 [s1] [O] [LNK OK]   RX  -61/5 Q100 TX  -59/5 Q75
2026-09-24T11:55:08.914+03:00 [s1] [O] [DIAG] 16B TX=59 RX=58 CRC=0 HDR=0 NRP=1 [30S] TX=30 RX=30 CRC=0 HDR=0 NRP=0 RQ=99 TQ=75
2026-09-24T11:55:09.363+03:00 [s1] [O] [LNK OK]   RX  -60/7 Q100 TX  -59/5 Q75
2026-09-24T11:55:10.354+03:00 [s1] [O] [LNK OK]   RX  -59/5 Q100 TX  -59/5 Q75
2026-09-24T11:55:11.342+03:00 [s1] [O] [LNK OK]   RX  -60/5 Q100 TX  -59/6 Q75
2026-09-24T11:55:12.378+03:00 [s1] [O] [LNK OK]   RX  -59/5 Q100 TX  -59/5 Q75
2026-09-24T11:55:12.462+03:00 [s1] [I] /diag size 225
2026-09-24T11:55:12.555+03:00 [s1] [O] [SYS] DIAG frame=225B
2026-09-24T11:55:13.952+03:00 [s1] [O] [LNK OK]   RX  -59/5 Q100 TX  -58/6 Q75
2026-09-24T11:55:15.436+03:00 [s1] [O] [LNK CRC]  RX  -58/3 Q97  TX  ---/--- Q75
2026-09-24T11:55:16.021+03:00 [s1] [O] [LNK OK]   RX  -58/5 Q97  TX  -58/5 Q75
2026-09-24T11:55:17.013+03:00 [s1] [O] [LNK OK]   RX  -58/5 Q97  TX  -58/6 Q75
2026-09-24T11:55:18.002+03:00 [s1] [O] [LNK OK]   RX  -58/5 Q97  TX  -58/5 Q75
2026-09-24T11:55:19.081+03:00 [s1] [O] [LNK OK]   RX  -58/6 Q97  TX  -58/5 Q75
2026-09-24T11:55:20.026+03:00 [s1] [O] [LNK OK]   RX  -58/6 Q97  TX  -58/5 Q75
2026-09-24T11:55:21.017+03:00 [s1] [O] [LNK OK]   RX  -58/5 Q97  TX  -58/5 Q75
2026-09-24T11:55:22.009+03:00 [s1] [O] [LNK OK]   RX  -58/5 Q97  TX  -58/5 Q75
2026-09-24T11:55:23.042+03:00 [s1] [O] [LNK OK]   RX  -58/5 Q97  TX  -58/5 Q75
2026-09-24T11:55:24.033+03:00 [s1] [O] [LNK OK]   RX  -58/5 Q97  TX  -58/5 Q75
2026-09-24T11:55:25.066+03:00 [s1] [O] [LNK OK]   RX  -58/5 Q97  TX  -58/6 Q75
2026-09-24T11:55:26.056+03:00 [s1] [O] [LNK OK]   RX  -58/5 Q97  TX  -58/5 Q75
2026-09-24T11:55:27.047+03:00 [s1] [O] [LNK OK]   RX  -58/6 Q97  TX  -58/5 Q75
2026-09-24T11:55:28.038+03:00 [s1] [O] [LNK OK]   RX  -59/5 Q97  TX  -58/5 Q75
2026-09-24T11:55:29.072+03:00 [s1] [O] [LNK OK]   RX  -58/5 Q97  TX  -58/5 Q75
2026-09-24T11:55:30.062+03:00 [s1] [O] [LNK OK]   RX  -58/5 Q97  TX  -58/5 Q75
2026-09-24T11:55:31.052+03:00 [s1] [O] [LNK OK]   RX  -58/5 Q97  TX  -58/5 Q75
2026-09-24T11:55:32.087+03:00 [s1] [O] [LNK OK]   RX  -58/5 Q97  TX  -58/6 Q75
2026-09-24T11:55:33.077+03:00 [s1] [O] [LNK OK]   RX  -58/6 Q97  TX  -58/5 Q75
2026-09-24T11:55:34.068+03:00 [s1] [O] [LNK OK]   RX  -58/5 Q97  TX  -58/5 Q75
2026-09-24T11:55:35.102+03:00 [s1] [O] [LNK OK]   RX  -58/5 Q97  TX  -58/5 Q75
2026-09-24T11:55:36.093+03:00 [s1] [O] [LNK OK]   RX  -57/5 Q97  TX  -58/5 Q75
2026-09-24T11:55:37.170+03:00 [s1] [O] [LNK OK]   RX  -58/6 Q97  TX  -58/5 Q75
2026-09-24T11:55:38.116+03:00 [s1] [O] [LNK OK]   RX  -58/5 Q97  TX  -58/5 Q75
2026-09-24T11:55:39.107+03:00 [s1] [O] [LNK OK]   RX  -58/5 Q97  TX  -58/5 Q75
2026-09-24T11:55:40.141+03:00 [s1] [O] [LNK OK]   RX  -58/5 Q97  TX  -58/5 Q75
2026-09-24T11:55:41.088+03:00 [s1] [O] [LNK OK]   RX  -58/5 Q97  TX  -58/5 Q75
2026-09-24T11:55:42.123+03:00 [s1] [O] [LNK OK]   RX  -58/5 Q97  TX  -58/5 Q75
2026-09-24T11:55:42.529+03:00 [s1] [O] [DIAG] 225B TX=92 RX=90 CRC=1 HDR=0 NRP=1 [30S] TX=29 RX=28 CRC=1 HDR=0 NRP=0 RQ=97 TQ=75
2026-09-24T11:55:43.112+03:00 [s1] [O] [LNK OK]   RX  -58/5 Q97  TX  -58/5 Q75
2026-09-24T11:55:44.102+03:00 [s1] [O] [LNK OK]   RX  -58/5 Q97  TX  -58/5 Q75
2026-09-24T11:55:45.135+03:00 [s1] [O] [LNK OK]   RX  -58/5 Q97  TX  -58/5 Q75
2026-09-24T11:55:46.127+03:00 [s1] [O] [LNK OK]   RX  -58/5 Q97  TX  -58/6 Q75
2026-09-24T11:55:47.118+03:00 [s1] [O] [LNK OK]   RX  -58/5 Q100 TX  -58/6 Q75
2026-09-24T11:55:48.107+03:00 [s1] [O] [LNK OK]   RX  -58/5 Q100 TX  -58/6 Q75
2026-09-24T11:55:49.143+03:00 [s1] [O] [LNK OK]   RX  -58/5 Q100 TX  -58/5 Q75
2026-09-24T11:55:50.132+03:00 [s1] [O] [LNK OK]   RX  -58/5 Q100 TX  -58/6 Q75
2026-09-24T11:55:50.523+03:00 [s2] [I] /config
2026-09-24T11:55:50.525+03:00 [s1] [I] /diag off
2026-09-24T11:55:50.605+03:00 [s2] [O] [SYS] CFG schema=2 storage=NVS freq_oob=OFF
2026-09-24T11:55:50.608+03:00 [s2] [O] [SYS] CFG RADIO power=2 dBm freq=470 MHz sf=7 bw=500 kHz
2026-09-24T11:55:50.611+03:00 [s2] [O] [SYS] CFG LINK heartbeat=ON retry=ON attempts=5 diag=OFF
2026-09-24T11:55:50.624+03:00 [s1] [O] [SYS] DIAG OFF
2026-09-24T11:56:50.765+03:00 [s1] [I] /config
2026-09-24T11:56:50.768+03:00 [s2] [I] /config
2026-09-24T11:56:50.836+03:00 [s1] [O] [SYS] CFG schema=2 storage=NVS freq_oob=OFF
2026-09-24T11:56:50.838+03:00 [s1] [O] [SYS] CFG RADIO power=2 dBm freq=470 MHz sf=7 bw=500 kHz
2026-09-24T11:56:50.841+03:00 [s1] [O] [SYS] CFG LINK heartbeat=OFF retry=ON attempts=5 diag=OFF
2026-09-24T11:56:50.858+03:00 [s2] [O] [SYS] CFG schema=2 storage=NVS freq_oob=OFF
2026-09-24T11:56:50.859+03:00 [s2] [O] [SYS] CFG RADIO power=2 dBm freq=470 MHz sf=7 bw=500 kHz
2026-09-24T11:56:50.863+03:00 [s2] [O] [SYS] CFG LINK heartbeat=ON retry=ON attempts=5 diag=OFF
2026-09-24T11:57:23.323+03:00 [s1] [I] /heartbeat off
2026-09-24T11:57:23.325+03:00 [s1] [I] /diag off
2026-09-24T11:57:23.328+03:00 [s1] [I] /echo-loop stop
2026-09-24T11:57:23.330+03:00 [s2] [I] /heartbeat off
2026-09-24T11:57:23.334+03:00 [s2] [I] /diag off
2026-09-24T11:57:23.335+03:00 [s2] [I] /echo-loop stop
2026-09-24T11:57:23.392+03:00 [s2] [O] [SYS] HEARTBEAT OFF
2026-09-24T11:57:23.393+03:00 [s2] [O] [SYS] DIAG already OFF
2026-09-24T11:57:23.395+03:00 [s2] [O] [SYS] ECHO LOOP already stopped
2026-09-24T11:57:23.412+03:00 [s1] [O] [SYS] HEARTBEAT OFF
2026-09-24T11:57:23.416+03:00 [s1] [O] [SYS] DIAG already OFF
2026-09-24T11:57:23.418+03:00 [s1] [O] [SYS] ECHO LOOP already stopped
2026-09-24T11:57:54.782+03:00 [s1] [I] /cancel all
2026-09-24T11:57:54.784+03:00 [s1] [I] /power 2
2026-09-24T11:57:54.787+03:00 [s1] [I] /config
2026-09-24T11:57:54.789+03:00 [s2] [I] /cancel all
2026-09-24T11:57:54.791+03:00 [s2] [I] /power 2
2026-09-24T11:57:54.793+03:00 [s2] [I] /config
2026-09-24T11:57:54.850+03:00 [s2] [O] [SYS] DELIVERY CANCEL: nothing pending
2026-09-24T11:57:54.851+03:00 [s2] [O] [SYS] POWER 2 dBm SAVED
2026-09-24T11:57:54.854+03:00 [s2] [O] [SYS] CFG schema=2 storage=NVS freq_oob=OFF
2026-09-24T11:57:54.855+03:00 [s2] [O] [SYS] CFG RADIO power=2 dBm freq=470 MHz sf=7 bw=500 kHz
2026-09-24T11:57:54.858+03:00 [s2] [O] [SYS] CFG LINK heartbeat=OFF retry=ON attempts=5 diag=OFF
2026-09-24T11:57:54.872+03:00 [s1] [O] [SYS] DELIVERY CANCEL: nothing pending
2026-09-24T11:57:54.873+03:00 [s1] [O] [SYS] POWER 2 dBm SAVED
2026-09-24T11:57:54.876+03:00 [s1] [O] [SYS] CFG schema=2 storage=NVS freq_oob=OFF
2026-09-24T11:57:54.878+03:00 [s1] [O] [SYS] CFG RADIO power=2 dBm freq=470 MHz sf=7 bw=500 kHz
2026-09-24T11:57:54.880+03:00 [s1] [O] [SYS] CFG LINK heartbeat=OFF retry=ON attempts=5 diag=OFF
