2026-09-18T13:06:41.125+03:00 [s1] [O] [SYS] CHATTER NODE LoRa-Chatter-72E0
2026-09-18T13:06:41.135+03:00 [s2] [O] [SYS] CHATTER NODE LoRa-Chatter-1B44
2026-09-18T13:06:45.872+03:00 [s3] [O] [SYS] CHATTER NODE LoRa-Chatter-1B44
2026-09-18T13:06:45.943+03:00 [s2] [O] [SYS] CHATTER NODE LoRa-Chatter-1B44
2026-09-18T13:06:50.738+03:00 [s4] [O] [SYS] CHATTER NODE LoRa-Chatter-72E0
2026-09-18T13:06:50.743+03:00 [s1] [O] [SYS] CHATTER NODE LoRa-Chatter-72E0
2026-09-18T13:06:55.900+03:00 [s1] [I] /id
2026-09-18T13:06:55.901+03:00 [s2] [I] /id
2026-09-18T13:06:55.902+03:00 [s3] [I] /id
2026-09-18T13:06:55.902+03:00 [s4] [I] /id
2026-09-18T13:06:55.911+03:00 [s4] [O] [SYS] CHATTER NODE LoRa-Chatter-72E0
2026-09-18T13:06:55.952+03:00 [s1] [O] [SYS] CHATTER NODE LoRa-Chatter-72E0
2026-09-18T13:06:55.952+03:00 [s1] [O] [SYS] CHATTER NODE LoRa-Chatter-72E0
2026-09-18T13:06:55.956+03:00 [s4] [O] [SYS] CHATTER NODE LoRa-Chatter-72E0
2026-09-18T13:06:55.961+03:00 [s2] [O] [SYS] CHATTER NODE LoRa-Chatter-1B44
2026-09-18T13:06:55.961+03:00 [s2] [O] [SYS] CHATTER NODE LoRa-Chatter-1B44
2026-09-18T13:06:55.996+03:00 [s3] [O] [SYS] CHATTER NODE LoRa-Chatter-1B44
2026-09-18T13:06:56.041+03:00 [s3] [O] [SYS] CHATTER NODE LoRa-Chatter-1B44
2026-09-18T13:07:50.244+03:00 [s1] [I] /help
2026-09-18T13:07:50.244+03:00 [s2] [I] /help
2026-09-18T13:07:50.245+03:00 [s1] [I] /chat
2026-09-18T13:07:50.245+03:00 [s2] [I] /chat
2026-09-18T13:07:50.245+03:00 [s3] [I] /chat
2026-09-18T13:07:50.246+03:00 [s4] [I] /chat
2026-09-18T13:07:50.246+03:00 [s1] [I] /both
2026-09-18T13:07:50.267+03:00 [s3] [O] 
2026-09-18T13:07:50.267+03:00 [s3] [O] [SYS] CHATTER HELP
2026-09-18T13:07:50.268+03:00 [s2] [O] 
2026-09-18T13:07:50.268+03:00 [s2] [O] [SYS] CHATTER HELP
2026-09-18T13:07:50.268+03:00 [s2] [O] [SYS] CHATTER NODE LoRa-Chatter-1B44
2026-09-18T13:07:50.268+03:00 [s2] [O] [SYS] CHAT OUTPUT:
2026-09-18T13:07:50.268+03:00 [s3] [O] [SYS] CHATTER NODE LoRa-Chatter-1B44
2026-09-18T13:07:50.270+03:00 [s4] [O] 
2026-09-18T13:07:50.270+03:00 [s4] [O] [SYS] CHATTER HELP
2026-09-18T13:07:50.271+03:00 [s4] [O] [SYS] CHATTER NODE LoRa-Chatter-72E0
2026-09-18T13:07:50.272+03:00 [s4] [O] [SYS] CHAT OUTPUT:
2026-09-18T13:07:50.275+03:00 [s4] [O] [SYS]   > text                       local USER TX confirmed
2026-09-18T13:07:50.277+03:00 [s4] [O] [SYS]   < [RSSI/SNR Q%] text         USER received from peer
2026-09-18T13:07:50.280+03:00 [s4] [O] [SYS]   > [ECHO TX] text             local echo TX confirmed
2026-09-18T13:07:50.282+03:00 [s4] [O] [SYS]   < [ECHO RSSI/SNR Q%] text    matching echo reply received
2026-09-18T13:07:50.295+03:00 [s1] [O] 
2026-09-18T13:07:50.295+03:00 [s1] [O] [SYS] CHATTER HELP
2026-09-18T13:07:50.295+03:00 [s1] [O] [SYS] CHATTER NODE LoRa-Chatter-72E0
2026-09-18T13:07:50.295+03:00 [s1] [O] [SYS] CHAT OUTPUT:
2026-09-18T13:07:50.295+03:00 [s1] [O] [SYS]   > text                       local USER TX confirmed
2026-09-18T13:07:50.295+03:00 [s1] [O] [SYS]   < [RSSI/SNR Q%] text         USER received from peer
2026-09-18T13:07:50.295+03:00 [s1] [O] [SYS]   > [ECHO TX] text             local echo TX confirmed
2026-09-18T13:07:50.295+03:00 [s1] [O] [SYS]   < [ECHO RSSI/SNR Q%] text    matching echo reply received
2026-09-18T13:07:50.295+03:00 [s1] [O] [SYS]   [ECHO] NO RESPONSE           matching echo reply timed out
2026-09-18T13:07:50.295+03:00 [s1] [O] [SYS]   delivery retry details       TELEMETRY only
2026-09-18T13:07:50.295+03:00 [s1] [O] [SYS]   RSSI=dBm, SNR=dB, Q=rolling receive quality %
2026-09-18T13:07:50.304+03:00 [s2] [O] [SYS]   > text                       local USER TX confirmed
2026-09-18T13:07:50.304+03:00 [s2] [O] [SYS]   < [RSSI/SNR Q%] text         USER received from peer
2026-09-18T13:07:50.304+03:00 [s2] [O] [SYS]   > [ECHO TX] text             local echo TX confirmed
2026-09-18T13:07:50.304+03:00 [s2] [O] [SYS]   < [ECHO RSSI/SNR Q%] text    matching echo reply received
2026-09-18T13:07:50.304+03:00 [s2] [O] [SYS]   [ECHO] NO RESPONSE           matching echo reply timed out
2026-09-18T13:07:50.304+03:00 [s2] [O] [SYS]   delivery retry details       TELEMETRY only
2026-09-18T13:07:50.304+03:00 [s2] [O] [SYS]   RSSI=dBm, SNR=dB, Q=rolling receive quality %
2026-09-18T13:07:50.304+03:00 [s2] [O] [SYS] HUMAN CONSOLE MODES:
2026-09-18T13:07:50.304+03:00 [s2] [O] [SYS]   CHAT       chat + SYSTEM
2026-09-18T13:07:50.304+03:00 [s2] [O] [SYS]   TELEMETRY  telemetry + SYSTEM
2026-09-18T13:07:50.313+03:00 [s3] [O] [SYS] CHAT OUTPUT:
2026-09-18T13:07:50.317+03:00 [s4] [O] [SYS]   [ECHO] NO RESPONSE           matching echo reply timed out
2026-09-18T13:07:50.318+03:00 [s4] [O] [SYS]   delivery retry details       TELEMETRY only
2026-09-18T13:07:50.320+03:00 [s4] [O] [SYS]   RSSI=dBm, SNR=dB, Q=rolling receive quality %
2026-09-18T13:07:50.339+03:00 [s1] [O] [SYS] HUMAN CONSOLE MODES:
2026-09-18T13:07:50.339+03:00 [s1] [O] [SYS]   CHAT       chat + SYSTEM
2026-09-18T13:07:50.339+03:00 [s1] [O] [SYS]   TELEMETRY  telemetry + SYSTEM
2026-09-18T13:07:50.339+03:00 [s1] [O] [SYS]   BOTH       chat + telemetry + SYSTEM
2026-09-18T13:07:50.339+03:00 [s1] [O] [SYS]   BLE 0004 machine telemetry is independent when subscribed
2026-09-18T13:07:50.339+03:00 [s1] [O] [SYS]   current=CHAT echo=OFF
2026-09-18T13:07:50.339+03:00 [s1] [O] [SYS] COMMANDS:
2026-09-18T13:07:50.339+03:00 [s1] [O] [SYS]   /help       show this help
2026-09-18T13:07:50.339+03:00 [s1] [O] [SYS]   /id         show node identity
2026-09-18T13:07:50.339+03:00 [s1] [O] [SYS]   /chat       human console CHAT
2026-09-18T13:07:50.339+03:00 [s1] [O] [SYS]   /tele       human console TELEMETRY
2026-09-18T13:07:50.339+03:00 [s1] [O] [SYS]   /both       human console BOTH
2026-09-18T13:07:50.339+03:00 [s1] [O] [SYS]   /echo       toggle echo mode
2026-09-18T13:07:50.349+03:00 [s2] [O] [SYS]   BOTH       chat + telemetry + SYSTEM
2026-09-18T13:07:50.349+03:00 [s2] [O] [SYS]   BLE 0004 machine telemetry is independent when subscribed
2026-09-18T13:07:50.349+03:00 [s2] [O] [SYS]   current=CHAT echo=OFF
2026-09-18T13:07:50.349+03:00 [s2] [O] [SYS] COMMANDS:
2026-09-18T13:07:50.349+03:00 [s2] [O] [SYS]   /help       show this help
2026-09-18T13:07:50.349+03:00 [s2] [O] [SYS]   /id         show node identity
2026-09-18T13:07:50.349+03:00 [s2] [O] [SYS]   /chat       human console CHAT
2026-09-18T13:07:50.349+03:00 [s2] [O] [SYS]   /tele       human console TELEMETRY
2026-09-18T13:07:50.349+03:00 [s2] [O] [SYS]   /both       human console BOTH
2026-09-18T13:07:50.349+03:00 [s2] [O] [SYS]   /echo       toggle echo mode
2026-09-18T13:07:50.349+03:00 [s2] [O] [SYS]   /cancel     stop current USER delivery/retries
2026-09-18T13:07:50.349+03:00 [s2] [O] [SYS]   /cancel all stop current USER and discard queued USERs
2026-09-18T13:07:50.349+03:00 [s2] [O] [SYS]   /reboot     reboot ESP32 controller
2026-09-18T13:07:50.357+03:00 [s3] [O] [SYS]   > text                       local USER TX confirmed
2026-09-18T13:07:50.362+03:00 [s4] [O] [SYS] HUMAN CONSOLE MODES:
2026-09-18T13:07:50.363+03:00 [s4] [O] [SYS]   CHAT       chat + SYSTEM
2026-09-18T13:07:50.365+03:00 [s4] [O] [SYS]   TELEMETRY  telemetry + SYSTEM
2026-09-18T13:07:50.367+03:00 [s4] [O] [SYS]   BOTH       chat + telemetry + SYSTEM
2026-09-18T13:07:50.369+03:00 [s4] [O] [SYS]   BLE 0004 machine telemetry is independent when subscribed
2026-09-18T13:07:50.369+03:00 [s4] [O] [SYS]   current=CHAT echo=OFF
2026-09-18T13:07:50.370+03:00 [s4] [O] [SYS] COMMANDS:
2026-09-18T13:07:50.372+03:00 [s4] [O] [SYS]   /help       show this help
2026-09-18T13:07:50.372+03:00 [s4] [O] [SYS]   /id         show node identity
2026-09-18T13:07:50.373+03:00 [s4] [O] [SYS]   /chat       human console CHAT
2026-09-18T13:07:50.377+03:00 [s4] [O] [SYS]   /tele       human console TELEMETRY
2026-09-18T13:07:50.378+03:00 [s4] [O] [SYS]   /both       human console BOTH
2026-09-18T13:07:50.401+03:00 [s3] [O] [SYS]   < [RSSI/SNR Q%] text         USER received from peer
2026-09-18T13:07:50.406+03:00 [s4] [O] [SYS]   /echo       toggle echo mode
2026-09-18T13:07:50.407+03:00 [s4] [O] [SYS]   /cancel     stop current USER delivery/retries
2026-09-18T13:07:50.411+03:00 [s4] [O] [SYS]   /cancel all stop current USER and discard queued USERs
2026-09-18T13:07:50.413+03:00 [s4] [O] [SYS]   /reboot     reboot ESP32 controller
2026-09-18T13:07:50.414+03:00 [s4] [O] [SYS] RAW CONTROLS (HEX):
2026-09-18T13:07:50.415+03:00 [s4] [O] [SYS]   14 31=CHAT  14 32=TELEMETRY  14 33=BOTH  14 65=ECHO toggle
2026-09-18T13:07:50.417+03:00 [s4] [O] [SYS] OUTPUT CHAT
2026-09-18T13:07:50.419+03:00 [s4] [O] [SYS] OUTPUT CHAT
2026-09-18T13:07:50.420+03:00 [s4] [O] 
2026-09-18T13:07:50.421+03:00 [s4] [O] OUTPUT MODE source=1 state=BOTH
2026-09-18T13:07:50.424+03:00 [s4] [O] [SYS] OUTPUT BOTH
2026-09-18T13:07:50.447+03:00 [s3] [O] [SYS]   > [ECHO TX] text             local echo TX confirmed
2026-09-18T13:07:50.493+03:00 [s3] [O] [SYS]   < [ECHO RSSI/SNR Q%] text    matching echo reply received
2026-09-18T13:07:50.539+03:00 [s3] [O] [SYS]   [ECHO] NO RESPONSE           matching echo reply timed out
2026-09-18T13:07:50.540+03:00 [s1] [O] [SYS]   /cancel     stop current USER delivery/retries
2026-09-18T13:07:50.540+03:00 [s1] [O] [SYS]   /cancel all stop current USER and discard queued USERs
2026-09-18T13:07:50.540+03:00 [s1] [O] [SYS]   /reboot     reboot ESP32 controller
2026-09-18T13:07:50.540+03:00 [s1] [O] [SYS] RAW CONTROLS (HEX):
2026-09-18T13:07:50.540+03:00 [s1] [O] [SYS]   14 31=CHAT  14 32=TELEMETRY  14 33=BOTH  14 65=ECHO toggle
2026-09-18T13:07:50.540+03:00 [s1] [O] [SYS] OUTPUT CHAT
2026-09-18T13:07:50.540+03:00 [s1] [O] [SYS] OUTPUT CHAT
2026-09-18T13:07:50.540+03:00 [s1] [O] 
2026-09-18T13:07:50.540+03:00 [s1] [O] OUTPUT MODE source=1 state=BOTH
2026-09-18T13:07:50.540+03:00 [s1] [O] [SYS] OUTPUT BOTH
2026-09-18T13:07:50.550+03:00 [s2] [O] [SYS] RAW CONTROLS (HEX):
2026-09-18T13:07:50.550+03:00 [s2] [O] [SYS]   14 31=CHAT  14 32=TELEMETRY  14 33=BOTH  14 65=ECHO toggle
2026-09-18T13:07:50.550+03:00 [s2] [O] [SYS] OUTPUT CHAT
2026-09-18T13:07:50.550+03:00 [s2] [O] [SYS] OUTPUT CHAT
2026-09-18T13:07:50.583+03:00 [s3] [O] [SYS]   delivery retry details       TELEMETRY only
2026-09-18T13:07:50.628+03:00 [s3] [O] [SYS]   RSSI=dBm, SNR=dB, Q=rolling receive quality %
2026-09-18T13:07:50.672+03:00 [s3] [O] [SYS] HUMAN CONSOLE MODES:
2026-09-18T13:07:50.716+03:00 [s3] [O] [SYS]   CHAT       chat + SYSTEM
2026-09-18T13:07:50.717+03:00 [s3] [O] [SYS]   TELEMETRY  telemetry + SYSTEM
2026-09-18T13:07:50.763+03:00 [s3] [O] [SYS]   BOTH       chat + telemetry + SYSTEM
2026-09-18T13:07:50.808+03:00 [s3] [O] [SYS]   BLE 0004 machine telemetry is independent when subscribed
2026-09-18T13:07:50.852+03:00 [s3] [O] [SYS]   current=CHAT echo=OFF
2026-09-18T13:07:50.853+03:00 [s3] [O] [SYS] COMMANDS:
2026-09-18T13:07:50.899+03:00 [s3] [O] [SYS]   /help       show this help
2026-09-18T13:07:50.942+03:00 [s3] [O] [SYS]   /id         show node identity
2026-09-18T13:07:50.945+03:00 [s3] [O] [SYS]   /chat       human console CHAT
2026-09-18T13:07:50.988+03:00 [s3] [O] [SYS]   /tele       human console TELEMETRY
2026-09-18T13:07:51.032+03:00 [s3] [O] [SYS]   /both       human console BOTH
2026-09-18T13:07:51.033+03:00 [s3] [O] [SYS]   /echo       toggle echo mode
2026-09-18T13:07:51.079+03:00 [s3] [O] [SYS]   /cancel     stop current USER delivery/retries
2026-09-18T13:07:51.166+03:00 [s3] [O] [SYS]   /cancel all stop current USER and discard queued USERs
2026-09-18T13:07:51.168+03:00 [s3] [O] [SYS]   /reboot     reboot ESP32 controller
2026-09-18T13:07:51.213+03:00 [s3] [O] [SYS] RAW CONTROLS (HEX):
2026-09-18T13:07:51.257+03:00 [s3] [O] [SYS]   14 31=CHAT  14 32=TELEMETRY  14 33=BOTH  14 65=ECHO toggle
2026-09-18T13:07:51.302+03:00 [s3] [O] [SYS] OUTPUT CHAT
2026-09-18T13:07:51.391+03:00 [s3] [O] [SYS] OUTPUT CHAT
2026-09-18T13:08:24.013+03:00 [s1] [I] CANCEL9_CURRENT_20260918_001_XXXXXXXXXXXXXXXXXXXXXXXXXXXXXXXXXXXXXXXXXXXXXXXXXXXXXXXXXXXXXXXXXXXXXXXXXXXXXXXXXXXXXXXXXXXXXXXXXXXXXXXXXXXXXXXXXXXXXXXXXXXXXXXXXXXXXXXXXXXXXXXXXXXXXXXXXXXXXX
2026-09-18T13:08:24.068+03:00 [s4] [O] DELIVERY QUEUED source=1 bytes=187 waiting=1/8 in_flight=0
2026-09-18T13:08:24.209+03:00 [s1] [O] DELIVERY QUEUED source=1 bytes=187 waiting=1/8 in_flight=0
2026-09-18T13:08:29.561+03:00 [s4] [I] /cancel
2026-09-18T13:08:31.265+03:00 [s4] [O] 
2026-09-18T13:08:31.311+03:00 [s4] [O] TX USER seq=0 frame=199B user=187B attempt=1/5 OK time=7219 ms
2026-09-18T13:08:31.320+03:00 [s4] [O] > CANCEL9_CURRENT_20260918_001_XXXXXXXXXXXXXXXXXXXXXXXXXXXXXXXXXXXXXXXXXXXXXXXXXXXXXXXXXXXXXXXXXXXXXXXXXXXXXXXXXXXXXXXXXXXXXXXXXXXXXXXXXXXXXXXXXXXXXXXXXXXXXXXXXXXXXXXXXXXXXXXXXXXXXXXXXXXXXX
2026-09-18T13:08:31.322+03:00 [s4] [O] DELIVERY WAIT_ACK user=909C/0 attempt=1/5 timeout=1856ms queue=0
2026-09-18T13:08:31.326+03:00 [s4] [O] DELIVERY CANCEL user=909C/0 attempts=1 status=unknown queue_removed=0
2026-09-18T13:08:31.330+03:00 [s4] [O] [SYS] DELIVERY CANCELLED: status unknown
2026-09-18T13:08:31.422+03:00 [s1] [O] 
2026-09-18T13:08:31.422+03:00 [s1] [O] TX USER seq=0 frame=199B user=187B attempt=1/5 OK time=7219 ms
2026-09-18T13:08:31.422+03:00 [s1] [O] > CANCEL9_CURRENT_20260918_001_XXXXXXXXXXXXXXXXXXXXXXXXXXXXXXXXXXXXXXXXXXXXXXXXXXXXXXXXXXXXXXXXXXXXXXXXXXXXXXXXXXXXXXXXXXXXXXXXXXXXXXXXXXXXXXXXXXXXXXXXXXXXXXXXXXXXXXXXXXXXXXXXXXXXXXXXXXXXXX
2026-09-18T13:08:31.422+03:00 [s1] [O] DELIVERY WAIT_ACK user=909C/0 attempt=1/5 timeout=1856ms queue=0
2026-09-18T13:08:31.422+03:00 [s1] [O] DELIVERY CANCEL user=909C/0 attempts=1 status=unknown queue_removed=0
2026-09-18T13:08:31.422+03:00 [s1] [O] [SYS] DELIVERY CANCELLED: status unknown
2026-09-18T13:08:31.423+03:00 [s2] [O] < [-18/+12 Q100] CANCEL9_CURRENT_20260918_001_XXXXXXXXXXXXXXXXXXXXXXXXXXXXXXXXXXXXXXXXXXXXXXXXXXXXXXXXXXXXXXXXXXXXXXXXXXXXXXXXXXXXXXXXXXXXXXXXXXXXXXXXXXXXXXXXXXXXXXXXXXXXXXXXXXXXXXXXXXXXXXXXXXXXXXXXXXXXXX
2026-09-18T13:08:31.531+03:00 [s3] [O] < [-18/+12 Q100] CANCEL9_CURRENT_20260918_001_XXXXXXXXXXXXXXXXXXXXXXXXXXXXXXXXXXXXXXXXXXXXXXXXXXXXXXXXXXXXXXXXXXXXXXXXXXXXXXXXXXXXXXXXXXXXXXXXXXXXXXXXXXXXXXXXXXXXXXXXXXXXXXXXXXXXXXXXXXXXXXXXXXXXXXXXXXXXXX
2026-09-18T13:08:32.711+03:00 [s4] [O] PEER_REPORT our_seq=0 RSSI=-18 dBm SNR=+12 dB Q=100%
2026-09-18T13:08:32.712+03:00 [s4] [O] 
2026-09-18T13:08:32.716+03:00 [s4] [O] RX ACK session=2ECB seq=0 ack_to=909C/0 frame=14B RSSI=-14.0 dBm SNR=+8.5 dB Q=100%
2026-09-18T13:08:32.752+03:00 [s4] [O] ACK UNMATCHED ack_to=909C/0 pending=none
2026-09-18T13:08:32.827+03:00 [s1] [O] PEER_REPORT our_seq=0 RSSI=-18 dBm SNR=+12 dB Q=100%
2026-09-18T13:08:32.827+03:00 [s1] [O] 
2026-09-18T13:08:32.827+03:00 [s1] [O] RX ACK session=2ECB seq=0 ack_to=909C/0 frame=14B RSSI=-14.0 dBm SNR=+8.5 dB Q=100%
2026-09-18T13:08:32.827+03:00 [s1] [O] ACK UNMATCHED ack_to=909C/0 pending=none
2026-09-18T13:08:42.923+03:00 [s4] [O] 
2026-09-18T13:08:42.928+03:00 [s4] [O] SESSION t=3540s TX ok=1 user=1 echo_req=0 echo_rep=0 hb=0(idle=0) err=0 started=1 RX ok=1 user=0 echo_req=0 echo_rep=0 hb=0 crc=0 hdr=0 bad=1 readerr=0 reports=1 Q=100% drops=0 fatal=0
2026-09-18T13:08:42.937+03:00 [s4] [O] SESSION COURTESY window=9123ms peer_release=0 expired=0 yielding=0
2026-09-18T13:08:42.965+03:00 [s4] [O] SESSION DIO0_TX affected=0/1 episodes=0 avg_all=0.00 avg_affected=0.00 high_polls=0
2026-09-18T13:08:42.973+03:00 [s4] [O] SESSION RX_POLL polls=3526828 rxdone=2 interval=1000us DIO0_RX false_high_ep=0 high_polls=0 rxdone_low=0 isr=disabled
2026-09-18T13:08:43.046+03:00 [s1] [O] 
2026-09-18T13:08:43.046+03:00 [s1] [O] SESSION t=3540s TX ok=1 user=1 echo_req=0 echo_rep=0 hb=0(idle=0) err=0 started=1 RX ok=1 user=0 echo_req=0 echo_rep=0 hb=0 crc=0 hdr=0 bad=1 readerr=0 reports=1 Q=100% drops=0 fatal=0
2026-09-18T13:08:43.046+03:00 [s1] [O] SESSION COURTESY window=9123ms peer_release=0 expired=0 yielding=0
2026-09-18T13:08:43.046+03:00 [s1] [O] SESSION DIO0_TX affected=0/1 episodes=0 avg_all=0.00 avg_affected=0.00 high_polls=0
2026-09-18T13:08:43.046+03:00 [s1] [O] SESSION RX_POLL polls=3526828 rxdone=2 interval=1000us DIO0_RX false_high_ep=0 high_polls=0 rxdone_low=0 isr=disabled
2026-09-18T13:09:20.782+03:00 [s1] [I] CANCEL11_CURRENT_20260918_001_XXXXXXXXXXXXXXXXXXXXXXXXXXXXXXXXXXXXXXXXXXXXXXXXXXXXXXXXXXXXXXXXXXXXXXXXXXXXXXXXXXXXXXXXXXXXXXXXXXXXXXXXXXXXXXXXXXXXXXXXXXXXXXXXXXXXXXXXXXXXXXXXXXXXXXXXXXXXXX
2026-09-18T13:09:20.811+03:00 [s4] [O] DELIVERY QUEUED source=1 bytes=188 waiting=1/8 in_flight=0
2026-09-18T13:09:20.919+03:00 [s1] [O] DELIVERY QUEUED source=1 bytes=188 waiting=1/8 in_flight=0
2026-09-18T13:09:26.927+03:00 [s4] [I] CANCEL11_QUEUE1_20260918_001
2026-09-18T13:09:26.927+03:00 [s4] [I] CANCEL11_QUEUE2_20260918_001
2026-09-18T13:09:28.057+03:00 [s4] [O] 
2026-09-18T13:09:28.059+03:00 [s4] [O] TX USER seq=1 frame=200B user=188B attempt=1/5 OK time=7219 ms
2026-09-18T13:09:28.067+03:00 [s4] [O] > CANCEL11_CURRENT_20260918_001_XXXXXXXXXXXXXXXXXXXXXXXXXXXXXXXXXXXXXXXXXXXXXXXXXXXXXXXXXXXXXXXXXXXXXXXXXXXXXXXXXXXXXXXXXXXXXXXXXXXXXXXXXXXXXXXXXXXXXXXXXXXXXXXXXXXXXXXXXXXXXXXXXXXXXXXXXXXXXX
2026-09-18T13:09:28.068+03:00 [s4] [O] DELIVERY WAIT_ACK user=909C/1 attempt=1/5 timeout=1856ms queue=0
2026-09-18T13:09:28.104+03:00 [s4] [O] DELIVERY QUEUED source=2 bytes=28 waiting=1/8 in_flight=1
2026-09-18T13:09:28.106+03:00 [s4] [O] DELIVERY QUEUED source=2 bytes=28 waiting=2/8 in_flight=1
2026-09-18T13:09:28.132+03:00 [s2] [O] < [-18/+11 Q100] CANCEL11_CURRENT_20260918_001_XXXXXXXXXXXXXXXXXXXXXXXXXXXXXXXXXXXXXXXXXXXXXXXXXXXXXXXXXXXXXXXXXXXXXXXXXXXXXXXXXXXXXXXXXXXXXXXXXXXXXXXXXXXXXXXXXXXXXXXXXXXXXXXXXXXXXXXXXXXXXXXXXXXXXXXXXXXXXX
2026-09-18T13:09:28.132+03:00 [s1] [O] 
2026-09-18T13:09:28.132+03:00 [s1] [O] TX USER seq=1 frame=200B user=188B attempt=1/5 OK time=7219 ms
2026-09-18T13:09:28.132+03:00 [s1] [O] > CANCEL11_CURRENT_20260918_001_XXXXXXXXXXXXXXXXXXXXXXXXXXXXXXXXXXXXXXXXXXXXXXXXXXXXXXXXXXXXXXXXXXXXXXXXXXXXXXXXXXXXXXXXXXXXXXXXXXXXXXXXXXXXXXXXXXXXXXXXXXXXXXXXXXXXXXXXXXXXXXXXXXXXXXXXXXXXXX
2026-09-18T13:09:28.132+03:00 [s1] [O] DELIVERY WAIT_ACK user=909C/1 attempt=1/5 timeout=1856ms queue=0
2026-09-18T13:09:28.132+03:00 [s1] [O] DELIVERY QUEUED source=2 bytes=28 waiting=1/8 in_flight=1
2026-09-18T13:09:28.132+03:00 [s1] [O] DELIVERY QUEUED source=2 bytes=28 waiting=2/8 in_flight=1
2026-09-18T13:09:28.364+03:00 [s3] [O] < [-18/+11 Q100] CANCEL11_CURRENT_20260918_001_XXXXXXXXXXXXXXXXXXXXXXXXXXXXXXXXXXXXXXXXXXXXXXXXXXXXXXXXXXXXXXXXXXXXXXXXXXXXXXXXXXXXXXXXXXXXXXXXXXXXXXXXXXXXXXXXXXXXXXXXXXXXXXXXXXXXXXXXXXXXXXXXXXXXXXXXXXXXXX
2026-09-18T13:09:29.452+03:00 [s4] [O] PEER_REPORT our_seq=1 RSSI=-18 dBm SNR=+11 dB Q=100%
2026-09-18T13:09:29.455+03:00 [s4] [O] 
2026-09-18T13:09:29.498+03:00 [s4] [O] RX ACK session=2ECB seq=1 ack_to=909C/1 frame=14B RSSI=-14.0 dBm SNR=+8.8 dB Q=100%
2026-09-18T13:09:29.504+03:00 [s4] [O] DELIVERY ACK user=909C/1 attempts=1/5 elapsed=1429ms queue=2
2026-09-18T13:09:29.536+03:00 [s1] [O] PEER_REPORT our_seq=1 RSSI=-18 dBm SNR=+11 dB Q=100%
2026-09-18T13:09:29.536+03:00 [s1] [O] 
2026-09-18T13:09:29.536+03:00 [s1] [O] RX ACK session=2ECB seq=1 ack_to=909C/1 frame=14B RSSI=-14.0 dBm SNR=+8.8 dB Q=100%
2026-09-18T13:09:29.536+03:00 [s1] [O] DELIVERY ACK user=909C/1 attempts=1/5 elapsed=1429ms queue=2
2026-09-18T13:09:31.474+03:00 [s4] [O] 
2026-09-18T13:09:31.476+03:00 [s4] [O] TX USER seq=2 frame=40B user=28B attempt=1/5 OK time=1976 ms
2026-09-18T13:09:31.484+03:00 [s4] [O] > CANCEL11_QUEUE1_20260918_001
2026-09-18T13:09:31.485+03:00 [s4] [O] DELIVERY WAIT_ACK user=909C/2 attempt=1/5 timeout=1856ms queue=1
2026-09-18T13:09:31.539+03:00 [s2] [O] < [-19/+12 Q100] CANCEL11_QUEUE1_20260918_001
2026-09-18T13:09:31.539+03:00 [s1] [O] 
2026-09-18T13:09:31.539+03:00 [s1] [O] TX USER seq=2 frame=40B user=28B attempt=1/5 OK time=1976 ms
2026-09-18T13:09:31.539+03:00 [s1] [O] > CANCEL11_QUEUE1_20260918_001
2026-09-18T13:09:31.539+03:00 [s1] [O] DELIVERY WAIT_ACK user=909C/2 attempt=1/5 timeout=1856ms queue=1
2026-09-18T13:09:31.650+03:00 [s3] [O] < [-19/+12 Q100] CANCEL11_QUEUE1_20260918_001
2026-09-18T13:09:32.870+03:00 [s4] [O] PEER_REPORT our_seq=2 RSSI=-19 dBm SNR=+12 dB Q=100%
2026-09-18T13:09:32.873+03:00 [s4] [O] 
2026-09-18T13:09:32.875+03:00 [s4] [O] RX ACK session=2ECB seq=2 ack_to=909C/2 frame=14B RSSI=-13.0 dBm SNR=+7.2 dB Q=100%
2026-09-18T13:09:32.881+03:00 [s4] [O] DELIVERY ACK user=909C/2 attempts=1/5 elapsed=1428ms queue=1
2026-09-18T13:09:32.942+03:00 [s1] [O] PEER_REPORT our_seq=2 RSSI=-19 dBm SNR=+12 dB Q=100%
2026-09-18T13:09:32.942+03:00 [s1] [O] 
2026-09-18T13:09:32.942+03:00 [s1] [O] RX ACK session=2ECB seq=2 ack_to=909C/2 frame=14B RSSI=-13.0 dBm SNR=+7.2 dB Q=100%
2026-09-18T13:09:32.942+03:00 [s1] [O] DELIVERY ACK user=909C/2 attempts=1/5 elapsed=1428ms queue=1
2026-09-18T13:09:34.896+03:00 [s4] [O] 
2026-09-18T13:09:34.899+03:00 [s4] [O] TX USER seq=3 frame=40B user=28B attempt=1/5 OK time=1976 ms
2026-09-18T13:09:34.901+03:00 [s4] [O] > CANCEL11_QUEUE2_20260918_001
2026-09-18T13:09:34.904+03:00 [s4] [O] DELIVERY WAIT_ACK user=909C/3 attempt=1/5 timeout=1856ms queue=0
2026-09-18T13:09:34.944+03:00 [s2] [O] < [-19/+10 Q100] CANCEL11_QUEUE2_20260918_001
2026-09-18T13:09:34.947+03:00 [s1] [O] 
2026-09-18T13:09:34.947+03:00 [s1] [O] TX USER seq=3 frame=40B user=28B attempt=1/5 OK time=1976 ms
2026-09-18T13:09:34.947+03:00 [s1] [O] > CANCEL11_QUEUE2_20260918_001
2026-09-18T13:09:34.947+03:00 [s1] [O] DELIVERY WAIT_ACK user=909C/3 attempt=1/5 timeout=1856ms queue=0
2026-09-18T13:09:34.980+03:00 [s3] [O] < [-19/+10 Q100] CANCEL11_QUEUE2_20260918_001
2026-09-18T13:09:36.291+03:00 [s4] [O] PEER_REPORT our_seq=3 RSSI=-19 dBm SNR=+10 dB Q=100%
2026-09-18T13:09:36.296+03:00 [s4] [O] 
2026-09-18T13:09:36.298+03:00 [s4] [O] RX ACK session=2ECB seq=3 ack_to=909C/3 frame=14B RSSI=-14.0 dBm SNR=+8.8 dB Q=100%
2026-09-18T13:09:36.302+03:00 [s4] [O] DELIVERY ACK user=909C/3 attempts=1/5 elapsed=1427ms queue=0
2026-09-18T13:09:36.350+03:00 [s1] [O] PEER_REPORT our_seq=3 RSSI=-19 dBm SNR=+10 dB Q=100%
2026-09-18T13:09:36.350+03:00 [s1] [O] 
2026-09-18T13:09:36.350+03:00 [s1] [O] RX ACK session=2ECB seq=3 ack_to=909C/3 frame=14B RSSI=-14.0 dBm SNR=+8.8 dB Q=100%
2026-09-18T13:09:36.350+03:00 [s1] [O] DELIVERY ACK user=909C/3 attempts=1/5 elapsed=1427ms queue=0
2026-09-18T13:09:42.906+03:00 [s4] [O] 
2026-09-18T13:09:42.912+03:00 [s4] [O] SESSION t=3600s TX ok=4 user=4 echo_req=0 echo_rep=0 hb=0(idle=0) err=0 started=4 RX ok=4 user=0 echo_req=0 echo_rep=0 hb=0 crc=0 hdr=0 bad=1 readerr=0 reports=4 Q=100% drops=0 fatal=0
2026-09-18T13:09:42.920+03:00 [s4] [O] SESSION COURTESY window=9123ms peer_release=0 expired=0 yielding=0
2026-09-18T13:09:42.954+03:00 [s4] [O] SESSION DIO0_TX affected=0/4 episodes=0 avg_all=0.00 avg_affected=0.00 high_polls=0
2026-09-18T13:09:42.959+03:00 [s4] [O] SESSION RX_POLL polls=3575272 rxdone=5 interval=1000us DIO0_RX false_high_ep=0 high_polls=0 rxdone_low=0 isr=disabled
2026-09-18T13:09:42.961+03:00 [s1] [O] 
2026-09-18T13:09:42.961+03:00 [s1] [O] SESSION t=3600s TX ok=4 user=4 echo_req=0 echo_rep=0 hb=0(idle=0) err=0 started=4 RX ok=4 user=0 echo_req=0 echo_rep=0 hb=0 crc=0 hdr=0 bad=1 readerr=0 reports=4 Q=100% drops=0 fatal=0
2026-09-18T13:09:42.961+03:00 [s1] [O] SESSION COURTESY window=9123ms peer_release=0 expired=0 yielding=0
2026-09-18T13:09:42.961+03:00 [s1] [O] SESSION DIO0_TX affected=0/4 episodes=0 avg_all=0.00 avg_affected=0.00 high_polls=0
2026-09-18T13:09:42.961+03:00 [s1] [O] SESSION RX_POLL polls=3575272 rxdone=5 interval=1000us DIO0_RX false_high_ep=0 high_polls=0 rxdone_low=0 isr=disabled
2026-09-18T13:09:58.552+03:00 [s4] [I] /cancel all
2026-09-18T13:09:58.588+03:00 [s1] [O] DELIVERY CANCEL ALL pending=none queue_removed=0
2026-09-18T13:09:58.588+03:00 [s1] [O] [SYS] DELIVERY CANCEL: nothing pending
2026-09-18T13:09:58.610+03:00 [s4] [O] DELIVERY CANCEL ALL pending=none queue_removed=0
2026-09-18T13:09:58.614+03:00 [s4] [O] [SYS] DELIVERY CANCEL: nothing pending
2026-09-18T13:10:42.656+03:00 [s1] [I] /chat
2026-09-18T13:10:42.657+03:00 [s2] [I] /chat
2026-09-18T13:10:42.664+03:00 [s4] [O] [SYS] OUTPUT CHAT
2026-09-18T13:10:42.668+03:00 [s2] [O] [SYS] OUTPUT CHAT
2026-09-18T13:10:42.668+03:00 [s1] [O] [SYS] OUTPUT CHAT
2026-09-18T13:10:42.705+03:00 [s3] [O] [SYS] OUTPUT CHAT
