2026-09-27T00:43:12.944+03:00 [s1] [O] [SYS] CHATTER NODE LoRa-Chatter-1B44
2026-09-27T00:43:17.769+03:00 [s2] [O] [SYS] CHATTER NODE LoRa-Chatter-72E0
2026-09-27T00:43:30.588+03:00 [s1] [I] /id
2026-09-27T00:43:30.589+03:00 [s1] [I] /version
2026-09-27T00:43:30.589+03:00 [s1] [I] /config
2026-09-27T00:43:30.589+03:00 [s2] [I] /id
2026-09-27T00:43:30.590+03:00 [s2] [I] /version
2026-09-27T00:43:30.591+03:00 [s2] [I] /config
2026-09-27T00:43:30.678+03:00 [s1] [O] [SYS] CHATTER NODE LoRa-Chatter-1B44
2026-09-27T00:43:30.681+03:00 [s2] [O] [SYS] CHATTER NODE LoRa-Chatter-72E0
2026-09-27T00:43:30.685+03:00 [s2] [O] [SYS] FIRMWARE Chatter git=b76ffa04ab47a3f344b8270159ab274256f6ff62 state=dirty env=esp32-s3-n16r8
2026-09-27T00:43:30.687+03:00 [s2] [O] [SYS] FIRMWARE IMAGE validation_sha256=5b197539057946356cb9b379aafaaaef9487b501452d5c50c6adc9abc6aeea88 status=OK slot=0
2026-09-27T00:43:30.690+03:00 [s2] [O] [SYS] BUILD META toolchain_sha256=a087c73c0094f7d5c7bce96d3b44b5349361527190730cac76aaf8087289bbfb pio=6.2.0
2026-09-27T00:43:30.695+03:00 [s2] [O] [SYS] CFG schema=2 storage=NVS freq_oob=OFF
2026-09-27T00:43:30.698+03:00 [s2] [O] [SYS] CFG RADIO power=2 dBm freq=470 MHz sf=7 bw=500 kHz
2026-09-27T00:43:30.699+03:00 [s2] [O] [SYS] CFG LINK heartbeat=OFF retry=ON attempts=5 diag=OFF
2026-09-27T00:43:30.765+03:00 [s1] [O] [SYS] FIRMWARE Chatter git=b76ffa04ab47a3f344b8270159ab274256f6ff62 state=dirty env=esp32-s3-n16r8
2026-09-27T00:43:30.854+03:00 [s1] [O] [SYS] FIRMWARE IMAGE validation_sha256=5b197539057946356cb9b379aafaaaef9487b501452d5c50c6adc9abc6aeea88 status=OK slot=0
2026-09-27T00:43:30.947+03:00 [s1] [O] [SYS] BUILD META toolchain_sha256=a087c73c0094f7d5c7bce96d3b44b5349361527190730cac76aaf8087289bbfb pio=6.2.0
2026-09-27T00:43:30.989+03:00 [s1] [O] [SYS] CFG schema=2 storage=NVS freq_oob=OFF
2026-09-27T00:43:30.990+03:00 [s1] [O] [SYS] CFG RADIO power=2 dBm freq=470 MHz sf=7 bw=500 kHz
2026-09-27T00:43:31.034+03:00 [s1] [O] [SYS] CFG LINK heartbeat=OFF retry=ON attempts=5 diag=OFF
2026-09-27T00:43:41.443+03:00 [s1] [I] /heartbeat off
2026-09-27T00:43:41.444+03:00 [s1] [I] /diag off
2026-09-27T00:43:41.445+03:00 [s1] [I] /echo-loop stop
2026-09-27T00:43:41.446+03:00 [s2] [I] /heartbeat off
2026-09-27T00:43:41.447+03:00 [s2] [I] /diag off
2026-09-27T00:43:41.450+03:00 [s2] [I] /echo-loop stop
2026-09-27T00:43:41.521+03:00 [s1] [O] [SYS] HEARTBEAT OFF
2026-09-27T00:43:41.522+03:00 [s1] [O] [SYS] DIAG already OFF
2026-09-27T00:43:41.524+03:00 [s2] [O] [SYS] HEARTBEAT OFF
2026-09-27T00:43:41.525+03:00 [s2] [O] [SYS] DIAG already OFF
2026-09-27T00:43:41.566+03:00 [s1] [O] [SYS] ECHO LOOP already stopped
2026-09-27T00:43:41.571+03:00 [s2] [O] [SYS] ECHO LOOP already stopped
2026-09-27T00:43:49.862+03:00 [s1] [I] /cancel all
2026-09-27T00:43:49.863+03:00 [s2] [I] /cancel all
2026-09-27T00:43:49.943+03:00 [s2] [O] [SYS] DELIVERY CANCEL: nothing pending
2026-09-27T00:43:49.979+03:00 [s1] [O] [SYS] DELIVERY CANCEL: nothing pending
2026-09-27T00:43:58.944+03:00 [s1] [I] /config
2026-09-27T00:43:58.947+03:00 [s2] [I] /config
2026-09-27T00:43:59.029+03:00 [s1] [O] [SYS] CFG schema=2 storage=NVS freq_oob=OFF
2026-09-27T00:43:59.031+03:00 [s1] [O] [SYS] CFG RADIO power=2 dBm freq=470 MHz sf=7 bw=500 kHz
2026-09-27T00:43:59.034+03:00 [s1] [O] [SYS] CFG LINK heartbeat=OFF retry=ON attempts=5 diag=OFF
2026-09-27T00:43:59.081+03:00 [s2] [O] [SYS] CFG schema=2 storage=NVS freq_oob=OFF
2026-09-27T00:43:59.082+03:00 [s2] [O] [SYS] CFG RADIO power=2 dBm freq=470 MHz sf=7 bw=500 kHz
2026-09-27T00:43:59.082+03:00 [s2] [O] [SYS] CFG LINK heartbeat=OFF retry=ON attempts=5 diag=OFF
2026-09-27T00:45:23.860+03:00 [s1] [I] /power 2
2026-09-27T00:45:23.861+03:00 [s1] [I] /freq 470
2026-09-27T00:45:23.862+03:00 [s2] [I] /power 2
2026-09-27T00:45:23.864+03:00 [s2] [I] /freq 470
2026-09-27T00:45:23.993+03:00 [s1] [O] [SYS] POWER 2 dBm SAVED
2026-09-27T00:45:23.993+03:00 [s1] [O] [SYS] FREQ 470 MHz SAVED
2026-09-27T00:45:23.995+03:00 [s2] [O] [SYS] POWER 2 dBm SAVED
2026-09-27T00:45:23.996+03:00 [s2] [O] [SYS] FREQ 470 MHz SAVED
2026-09-27T00:45:34.135+03:00 [s1] [I] /config
2026-09-27T00:45:34.136+03:00 [s2] [I] /config
2026-09-27T00:45:34.204+03:00 [s1] [O] [SYS] CFG schema=2 storage=NVS freq_oob=OFF
2026-09-27T00:45:34.207+03:00 [s1] [O] [SYS] CFG RADIO power=2 dBm freq=470 MHz sf=7 bw=500 kHz
2026-09-27T00:45:34.208+03:00 [s1] [O] [SYS] CFG LINK heartbeat=OFF retry=ON attempts=5 diag=OFF
2026-09-27T00:45:34.256+03:00 [s2] [O] [SYS] CFG schema=2 storage=NVS freq_oob=OFF
2026-09-27T00:45:34.260+03:00 [s2] [O] [SYS] CFG RADIO power=2 dBm freq=470 MHz sf=7 bw=500 kHz
2026-09-27T00:45:34.260+03:00 [s2] [O] [SYS] CFG LINK heartbeat=OFF retry=ON attempts=5 diag=OFF
2026-09-27T00:47:47.815+03:00 [s1] [I] A
2026-09-27T00:47:47.913+03:00 [s1] [O] > A
2026-09-27T00:47:48.044+03:00 [s2] [O] < [-43/5 Q100] A
2026-09-27T00:47:51.154+03:00 [s1] [I] A
2026-09-27T00:47:51.239+03:00 [s1] [O] > A
2026-09-27T00:47:51.290+03:00 [s2] [O] < [-41/5 Q100] A
2026-09-27T00:47:54.474+03:00 [s1] [I] A
2026-09-27T00:47:54.570+03:00 [s1] [O] > A
2026-09-27T00:47:54.620+03:00 [s2] [O] < [-40/5 Q100] A
2026-09-27T00:47:57.787+03:00 [s1] [I] A
2026-09-27T00:47:57.852+03:00 [s1] [O] > A
2026-09-27T00:47:57.905+03:00 [s2] [O] < [-44/5 Q100] A
2026-09-27T00:48:01.101+03:00 [s1] [I] A
2026-09-27T00:48:01.186+03:00 [s1] [O] > A
2026-09-27T00:48:01.238+03:00 [s2] [O] < [-40/-0 Q100] A
2026-09-27T00:48:04.422+03:00 [s1] [I] A
2026-09-27T00:48:04.514+03:00 [s1] [O] > A
2026-09-27T00:48:04.564+03:00 [s2] [O] < [-42/3 Q100] A
2026-09-27T00:48:07.736+03:00 [s1] [I] A
2026-09-27T00:48:07.799+03:00 [s1] [O] > A
2026-09-27T00:48:07.850+03:00 [s2] [O] < [-41/3 Q100] A
2026-09-27T00:48:11.046+03:00 [s1] [I] A
2026-09-27T00:48:11.133+03:00 [s2] [O] < [-37/2 Q100] A
2026-09-27T00:48:11.261+03:00 [s1] [O] > A
2026-09-27T00:48:14.360+03:00 [s1] [I] A
2026-09-27T00:48:14.413+03:00 [s1] [O] > A
2026-09-27T00:48:14.463+03:00 [s2] [O] < [-41/5 Q100] A
2026-09-27T00:48:17.672+03:00 [s1] [I] A
2026-09-27T00:48:17.744+03:00 [s1] [O] > A
2026-09-27T00:48:17.795+03:00 [s2] [O] < [-40/5 Q100] A
2026-09-27T00:48:20.983+03:00 [s2] [I] B
2026-09-27T00:48:21.080+03:00 [s2] [O] > B
2026-09-27T00:48:21.160+03:00 [s1] [O] < [-44/5 Q100] B
2026-09-27T00:48:24.300+03:00 [s2] [I] B
2026-09-27T00:48:24.364+03:00 [s2] [O] > B
2026-09-27T00:48:24.446+03:00 [s1] [O] < [-41/5 Q100] B
2026-09-27T00:48:27.613+03:00 [s2] [I] B
2026-09-27T00:48:27.694+03:00 [s2] [O] > B
2026-09-27T00:48:27.824+03:00 [s1] [O] < [-46/5 Q100] B
2026-09-27T00:48:30.930+03:00 [s2] [I] B
2026-09-27T00:48:31.022+03:00 [s1] [O] < [-45/5 Q100] B
2026-09-27T00:48:31.072+03:00 [s2] [O] > B
2026-09-27T00:48:34.247+03:00 [s2] [I] B
2026-09-27T00:48:34.308+03:00 [s1] [O] < [-45/6 Q100] B
2026-09-27T00:48:34.357+03:00 [s2] [O] > B
2026-09-27T00:48:37.556+03:00 [s2] [I] B
2026-09-27T00:48:37.639+03:00 [s1] [O] < [-44/5 Q100] B
2026-09-27T00:48:37.685+03:00 [s2] [O] > B
2026-09-27T00:48:40.870+03:00 [s2] [I] B
2026-09-27T00:48:40.925+03:00 [s2] [O] > B
2026-09-27T00:48:41.006+03:00 [s1] [O] < [-44/5 Q100] B
2026-09-27T00:48:44.181+03:00 [s2] [I] B
2026-09-27T00:48:44.299+03:00 [s2] [O] > B
2026-09-27T00:48:44.336+03:00 [s1] [O] < [-44/5 Q100] B
2026-09-27T00:48:47.493+03:00 [s2] [I] B
2026-09-27T00:48:47.582+03:00 [s1] [O] < [-43/5 Q100] B
2026-09-27T00:48:47.632+03:00 [s2] [O] > B
2026-09-27T00:48:50.805+03:00 [s2] [I] B
2026-09-27T00:48:50.866+03:00 [s1] [O] < [-45/5 Q100] B
2026-09-27T00:48:50.915+03:00 [s2] [O] > B
2026-09-27T00:48:54.122+03:00 [s1] [I] S0A11XXX
2026-09-27T00:48:54.195+03:00 [s1] [O] > S0A11XXX
2026-09-27T00:48:54.258+03:00 [s2] [O] < [-43/5 Q100] S0A11XXX
2026-09-27T00:48:57.433+03:00 [s1] [I] S0A12XXX
2026-09-27T00:48:57.526+03:00 [s1] [O] > S0A12XXX
2026-09-27T00:48:57.575+03:00 [s2] [O] < [-41/4 Q100] S0A12XXX
2026-09-27T00:49:00.745+03:00 [s1] [I] S0A13XXX
2026-09-27T00:49:00.820+03:00 [s2] [O] < [-42/5 Q100] S0A13XXX
2026-09-27T00:49:00.944+03:00 [s1] [O] > S0A13XXX
2026-09-27T00:49:04.059+03:00 [s2] [I] S0B11XXX
2026-09-27T00:49:04.231+03:00 [s1] [O] < [-44/5 Q100] S0B11XXX
2026-09-27T00:49:04.237+03:00 [s2] [O] > S0B11XXX
2026-09-27T00:49:07.377+03:00 [s2] [I] S0B12XXX
2026-09-27T00:49:07.434+03:00 [s2] [O] > S0B12XXX
2026-09-27T00:49:07.513+03:00 [s1] [O] < [-44/5 Q100] S0B12XXX
2026-09-27T00:49:10.694+03:00 [s2] [I] S0B13XXX
2026-09-27T00:49:10.760+03:00 [s2] [O] > S0B13XXX
2026-09-27T00:49:10.842+03:00 [s1] [O] < [-42/6 Q100] S0B13XXX
2026-09-27T00:49:14.008+03:00 [s1] [I] S0A21XXXXXXXXXXX
2026-09-27T00:49:14.133+03:00 [s1] [O] > S0A21XXXXXXXXXXX
2026-09-27T00:49:14.182+03:00 [s2] [O] < [-41/4 Q100] S0A21XXXXXXXXXXX
2026-09-27T00:49:17.324+03:00 [s1] [I] S0A22XXXXXXXXXXX
2026-09-27T00:49:17.424+03:00 [s1] [O] > S0A22XXXXXXXXXXX
2026-09-27T00:49:17.470+03:00 [s2] [O] < [-41/4 Q100] S0A22XXXXXXXXXXX
2026-09-27T00:49:20.640+03:00 [s1] [I] S0A23XXXXXXXXXXX
2026-09-27T00:49:20.704+03:00 [s1] [O] > S0A23XXXXXXXXXXX
2026-09-27T00:49:20.754+03:00 [s2] [O] < [-42/5 Q100] S0A23XXXXXXXXXXX
2026-09-27T00:49:23.950+03:00 [s2] [I] S0B21XXXXXXXXXXX
2026-09-27T00:49:24.033+03:00 [s1] [O] < [-43/5 Q100] S0B21XXXXXXXXXXX
2026-09-27T00:49:24.087+03:00 [s2] [O] > S0B21XXXXXXXXXXX
2026-09-27T00:49:27.266+03:00 [s2] [I] S0B22XXXXXXXXXXX
2026-09-27T00:49:27.323+03:00 [s2] [O] > S0B22XXXXXXXXXXX
2026-09-27T00:49:27.404+03:00 [s1] [O] < [-43/5 Q100] S0B22XXXXXXXXXXX
2026-09-27T00:49:30.588+03:00 [s2] [I] S0B23XXXXXXXXXXX
2026-09-27T00:49:30.693+03:00 [s2] [O] > S0B23XXXXXXXXXXX
2026-09-27T00:49:30.738+03:00 [s1] [O] < [-44/6 Q100] S0B23XXXXXXXXXXX
2026-09-27T00:49:33.904+03:00 [s1] [I] S0A31XXXXXXXXXXXXXXXXXXXXXXXXXXX
2026-09-27T00:49:33.979+03:00 [s1] [O] > S0A31XXXXXXXXXXXXXXXXXXXXXXXXXXX
2026-09-27T00:49:34.029+03:00 [s2] [O] < [-43/5 Q100] S0A31XXXXXXXXXXXXXXXXXXXXXXXXXXX
2026-09-27T00:49:37.216+03:00 [s1] [I] S0A32XXXXXXXXXXXXXXXXXXXXXXXXXXX
2026-09-27T00:49:37.308+03:00 [s1] [O] > S0A32XXXXXXXXXXXXXXXXXXXXXXXXXXX
2026-09-27T00:49:37.360+03:00 [s2] [O] < [-43/5 Q100] S0A32XXXXXXXXXXXXXXXXXXXXXXXXXXX
2026-09-27T00:49:40.531+03:00 [s1] [I] S0A33XXXXXXXXXXXXXXXXXXXXXXXXXXX
2026-09-27T00:49:40.596+03:00 [s1] [O] > S0A33XXXXXXXXXXXXXXXXXXXXXXXXXXX
2026-09-27T00:49:40.687+03:00 [s2] [O] < [-43/5 Q100] S0A33XXXXXXXXXXXXXXXXXXXXXXXXXXX
2026-09-27T00:49:43.843+03:00 [s2] [I] S0B31XXXXXXXXXXXXXXXXXXXXXXXXXXX
2026-09-27T00:49:43.971+03:00 [s2] [O] > S0B31XXXXXXXXXXXXXXXXXXXXXXXXXXX
2026-09-27T00:49:44.057+03:00 [s1] [O] < [-43/5 Q100] S0B31XXXXXXXXXXXXXXXXXXXXXXXXXXX
2026-09-27T00:49:47.157+03:00 [s2] [I] S0B32XXXXXXXXXXXXXXXXXXXXXXXXXXX
2026-09-27T00:49:47.260+03:00 [s2] [O] > S0B32XXXXXXXXXXXXXXXXXXXXXXXXXXX
2026-09-27T00:49:47.341+03:00 [s1] [O] < [-44/5 Q100] S0B32XXXXXXXXXXXXXXXXXXXXXXXXXXX
2026-09-27T00:49:50.469+03:00 [s2] [I] S0B33XXXXXXXXXXXXXXXXXXXXXXXXXXX
2026-09-27T00:49:50.545+03:00 [s2] [O] > S0B33XXXXXXXXXXXXXXXXXXXXXXXXXXX
2026-09-27T00:49:50.625+03:00 [s1] [O] < [-44/5 Q100] S0B33XXXXXXXXXXXXXXXXXXXXXXXXXXX
2026-09-27T00:49:53.787+03:00 [s1] [I] S0A41XXXXXXXXXXXXXXXXXXXXXXXXXXXXXXXXXXXXXXXXXXXXXXXXXXXXXXXXXXX
2026-09-27T00:49:53.915+03:00 [s2] [O] < [-43/6 Q100] S0A41XXXXXXXXXXXXXXXXXXXXXXXXXXXXXXXXXXXXXXXXXXXXXXXXXXXXXXXXXXX
2026-09-27T00:49:54.000+03:00 [s1] [O] > S0A41XXXXXXXXXXXXXXXXXXXXXXXXXXXXXXXXXXXXXXXXXXXXXXXXXXXXXXXXXXX
2026-09-27T00:49:57.102+03:00 [s1] [I] S0A42XXXXXXXXXXXXXXXXXXXXXXXXXXXXXXXXXXXXXXXXXXXXXXXXXXXXXXXXXXX
2026-09-27T00:49:57.247+03:00 [s2] [O] < [-43/6 Q100] S0A42XXXXXXXXXXXXXXXXXXXXXXXXXXXXXXXXXXXXXXXXXXXXXXXXXXXXXXXXXXX
2026-09-27T00:49:57.286+03:00 [s1] [O] > S0A42XXXXXXXXXXXXXXXXXXXXXXXXXXXXXXXXXXXXXXXXXXXXXXXXXXXXXXXXXXX
2026-09-27T00:50:00.421+03:00 [s1] [I] S0A43XXXXXXXXXXXXXXXXXXXXXXXXXXXXXXXXXXXXXXXXXXXXXXXXXXXXXXXXXXX
2026-09-27T00:50:00.528+03:00 [s1] [O] > S0A43XXXXXXXXXXXXXXXXXXXXXXXXXXXXXXXXXXXXXXXXXXXXXXXXXXXXXXXXXXX
2026-09-27T00:50:00.583+03:00 [s2] [O] < [-43/6 Q100] S0A43XXXXXXXXXXXXXXXXXXXXXXXXXXXXXXXXXXXXXXXXXXXXXXXXXXXXXXXXXXX
2026-09-27T00:50:03.733+03:00 [s2] [I] S0B41XXXXXXXXXXXXXXXXXXXXXXXXXXXXXXXXXXXXXXXXXXXXXXXXXXXXXXXXXXX
2026-09-27T00:50:03.906+03:00 [s2] [O] > S0B41XXXXXXXXXXXXXXXXXXXXXXXXXXXXXXXXXXXXXXXXXXXXXXXXXXXXXXXXXXX
2026-09-27T00:50:04.035+03:00 [s1] [O] < [-43/6 Q100] S0B41XXXXXXXXXXXXXXXXXXXXXXXXXXXXXXXXXXXXXXXXXXXXXXXXXXXXXXXXXXX
2026-09-27T00:50:07.045+03:00 [s2] [I] S0B42XXXXXXXXXXXXXXXXXXXXXXXXXXXXXXXXXXXXXXXXXXXXXXXXXXXXXXXXXXX
2026-09-27T00:50:07.149+03:00 [s2] [O] > S0B42XXXXXXXXXXXXXXXXXXXXXXXXXXXXXXXXXXXXXXXXXXXXXXXXXXXXXXXXXXX
2026-09-27T00:50:07.275+03:00 [s1] [O] < [-43/6 Q100] S0B42XXXXXXXXXXXXXXXXXXXXXXXXXXXXXXXXXXXXXXXXXXXXXXXXXXXXXXXXXXX
2026-09-27T00:50:10.360+03:00 [s2] [I] S0B43XXXXXXXXXXXXXXXXXXXXXXXXXXXXXXXXXXXXXXXXXXXXXXXXXXXXXXXXXXX
2026-09-27T00:50:10.479+03:00 [s2] [O] > S0B43XXXXXXXXXXXXXXXXXXXXXXXXXXXXXXXXXXXXXXXXXXXXXXXXXXXXXXXXXXX
2026-09-27T00:50:10.604+03:00 [s1] [O] < [-44/6 Q100] S0B43XXXXXXXXXXXXXXXXXXXXXXXXXXXXXXXXXXXXXXXXXXXXXXXXXXXXXXXXXXX
2026-09-27T00:50:13.673+03:00 [s1] [I] S0A51XXXXXXXXXXXXXXXXXXXXXXXXXXXXXXXXXXXXXXXXXXXXXXXXXXXXXXXXXXXXXXXXXXXXXXXXXXXXXXXXXXXXXXXXXXX
2026-09-27T00:50:13.804+03:00 [s1] [O] > S0A51XXXXXXXXXXXXXXXXXXXXXXXXXXXXXXXXXXXXXXXXXXXXXXXXXXXXXXXXXXXXXXXXXXXXXXXXXXXXXXXXXXXXXXXXXXX
2026-09-27T00:50:13.856+03:00 [s2] [O] < [-42/5 Q100] S0A51XXXXXXXXXXXXXXXXXXXXXXXXXXXXXXXXXXXXXXXXXXXXXXXXXXXXXXXXXXXXXXXXXXXXXXXXXXXXXXXXXXXXXXXXXXX
2026-09-27T00:50:16.986+03:00 [s1] [I] S0A52XXXXXXXXXXXXXXXXXXXXXXXXXXXXXXXXXXXXXXXXXXXXXXXXXXXXXXXXXXXXXXXXXXXXXXXXXXXXXXXXXXXXXXXXXXX
2026-09-27T00:50:17.091+03:00 [s1] [O] > S0A52XXXXXXXXXXXXXXXXXXXXXXXXXXXXXXXXXXXXXXXXXXXXXXXXXXXXXXXXXXXXXXXXXXXXXXXXXXXXXXXXXXXXXXXXXXX
2026-09-27T00:50:17.146+03:00 [s2] [O] < [-41/5 Q100] S0A52XXXXXXXXXXXXXXXXXXXXXXXXXXXXXXXXXXXXXXXXXXXXXXXXXXXXXXXXXXXXXXXXXXXXXXXXXXXXXXXXXXXXXXXXXXX
2026-09-27T00:50:20.296+03:00 [s1] [I] S0A53XXXXXXXXXXXXXXXXXXXXXXXXXXXXXXXXXXXXXXXXXXXXXXXXXXXXXXXXXXXXXXXXXXXXXXXXXXXXXXXXXXXXXXXXXXX
2026-09-27T00:50:20.420+03:00 [s1] [O] > S0A53XXXXXXXXXXXXXXXXXXXXXXXXXXXXXXXXXXXXXXXXXXXXXXXXXXXXXXXXXXXXXXXXXXXXXXXXXXXXXXXXXXXXXXXXXXX
2026-09-27T00:50:20.473+03:00 [s2] [O] < [-43/5 Q100] S0A53XXXXXXXXXXXXXXXXXXXXXXXXXXXXXXXXXXXXXXXXXXXXXXXXXXXXXXXXXXXXXXXXXXXXXXXXXXXXXXXXXXXXXXXXXXX
2026-09-27T00:50:23.608+03:00 [s2] [I] S0B51XXXXXXXXXXXXXXXXXXXXXXXXXXXXXXXXXXXXXXXXXXXXXXXXXXXXXXXXXXXXXXXXXXXXXXXXXXXXXXXXXXXXXXXXXXX
2026-09-27T00:50:23.709+03:00 [s2] [O] > S0B51XXXXXXXXXXXXXXXXXXXXXXXXXXXXXXXXXXXXXXXXXXXXXXXXXXXXXXXXXXXXXXXXXXXXXXXXXXXXXXXXXXXXXXXXXXX
2026-09-27T00:50:23.836+03:00 [s1] [O] < [-43/5 Q100] S0B51XXXXXXXXXXXXXXXXXXXXXXXXXXXXXXXXXXXXXXXXXXXXXXXXXXXXXXXXXXXXXXXXXXXXXXXXXXXXXXXXXXXXXXXXXXX
2026-09-27T00:50:26.922+03:00 [s2] [I] S0B52XXXXXXXXXXXXXXXXXXXXXXXXXXXXXXXXXXXXXXXXXXXXXXXXXXXXXXXXXXXXXXXXXXXXXXXXXXXXXXXXXXXXXXXXXXX
2026-09-27T00:50:27.043+03:00 [s2] [O] > S0B52XXXXXXXXXXXXXXXXXXXXXXXXXXXXXXXXXXXXXXXXXXXXXXXXXXXXXXXXXXXXXXXXXXXXXXXXXXXXXXXXXXXXXXXXXXX
2026-09-27T00:50:27.167+03:00 [s1] [O] < [-43/6 Q100] S0B52XXXXXXXXXXXXXXXXXXXXXXXXXXXXXXXXXXXXXXXXXXXXXXXXXXXXXXXXXXXXXXXXXXXXXXXXXXXXXXXXXXXXXXXXXXX
2026-09-27T00:50:30.236+03:00 [s2] [I] S0B53XXXXXXXXXXXXXXXXXXXXXXXXXXXXXXXXXXXXXXXXXXXXXXXXXXXXXXXXXXXXXXXXXXXXXXXXXXXXXXXXXXXXXXXXXXX
2026-09-27T00:50:30.369+03:00 [s2] [O] > S0B53XXXXXXXXXXXXXXXXXXXXXXXXXXXXXXXXXXXXXXXXXXXXXXXXXXXXXXXXXXXXXXXXXXXXXXXXXXXXXXXXXXXXXXXXXXX
2026-09-27T00:50:30.500+03:00 [s1] [O] < [-43/6 Q100] S0B53XXXXXXXXXXXXXXXXXXXXXXXXXXXXXXXXXXXXXXXXXXXXXXXXXXXXXXXXXXXXXXXXXXXXXXXXXXXXXXXXXXXXXXXXXXX
2026-09-27T00:50:33.555+03:00 [s1] [I] S0A61XXXXXXXXXXXXXXXXXXXXXXXXXXXXXXXXXXXXXXXXXXXXXXXXXXXXXXXXXXXXXXXXXXXXXXXXXXXXXXXXXXXXXXXXXXXXXXXXXXXXXXXXXXXXXXXXXXXXXXXXXXX
2026-09-27T00:50:33.697+03:00 [s1] [O] > S0A61XXXXXXXXXXXXXXXXXXXXXXXXXXXXXXXXXXXXXXXXXXXXXXXXXXXXXXXXXXXXXXXXXXXXXXXXXXXXXXXXXXXXXXXXXXXXXXXXXXXXXXXXXXXXXXXXXXXXXXXXXXX
2026-09-27T00:50:33.749+03:00 [s2] [O] < [-42/5 Q100] S0A61XXXXXXXXXXXXXXXXXXXXXXXXXXXXXXXXXXXXXXXXXXXXXXXXXXXXXXXXXXXXXXXXXXXXXXXXXXXXXXXXXXXXXXXXXXXXXXXXXXXXXXXXXXXXXXXXXXXXXXXXXXX
2026-09-27T00:50:36.867+03:00 [s1] [I] S0A62XXXXXXXXXXXXXXXXXXXXXXXXXXXXXXXXXXXXXXXXXXXXXXXXXXXXXXXXXXXXXXXXXXXXXXXXXXXXXXXXXXXXXXXXXXXXXXXXXXXXXXXXXXXXXXXXXXXXXXXXXXX
2026-09-27T00:50:36.983+03:00 [s1] [O] > S0A62XXXXXXXXXXXXXXXXXXXXXXXXXXXXXXXXXXXXXXXXXXXXXXXXXXXXXXXXXXXXXXXXXXXXXXXXXXXXXXXXXXXXXXXXXXXXXXXXXXXXXXXXXXXXXXXXXXXXXXXXXXX
2026-09-27T00:50:37.034+03:00 [s2] [O] < [-43/5 Q100] S0A62XXXXXXXXXXXXXXXXXXXXXXXXXXXXXXXXXXXXXXXXXXXXXXXXXXXXXXXXXXXXXXXXXXXXXXXXXXXXXXXXXXXXXXXXXXXXXXXXXXXXXXXXXXXXXXXXXXXXXXXXXXX
2026-09-27T00:50:40.177+03:00 [s1] [I] S0A63XXXXXXXXXXXXXXXXXXXXXXXXXXXXXXXXXXXXXXXXXXXXXXXXXXXXXXXXXXXXXXXXXXXXXXXXXXXXXXXXXXXXXXXXXXXXXXXXXXXXXXXXXXXXXXXXXXXXXXXXXXX
2026-09-27T00:50:40.311+03:00 [s1] [O] > S0A63XXXXXXXXXXXXXXXXXXXXXXXXXXXXXXXXXXXXXXXXXXXXXXXXXXXXXXXXXXXXXXXXXXXXXXXXXXXXXXXXXXXXXXXXXXXXXXXXXXXXXXXXXXXXXXXXXXXXXXXXXXX
2026-09-27T00:50:40.365+03:00 [s2] [O] < [-42/5 Q100] S0A63XXXXXXXXXXXXXXXXXXXXXXXXXXXXXXXXXXXXXXXXXXXXXXXXXXXXXXXXXXXXXXXXXXXXXXXXXXXXXXXXXXXXXXXXXXXXXXXXXXXXXXXXXXXXXXXXXXXXXXXXXXX
2026-09-27T00:50:43.496+03:00 [s2] [I] S0B61XXXXXXXXXXXXXXXXXXXXXXXXXXXXXXXXXXXXXXXXXXXXXXXXXXXXXXXXXXXXXXXXXXXXXXXXXXXXXXXXXXXXXXXXXXXXXXXXXXXXXXXXXXXXXXXXXXXXXXXXXXX
2026-09-27T00:50:43.604+03:00 [s2] [O] > S0B61XXXXXXXXXXXXXXXXXXXXXXXXXXXXXXXXXXXXXXXXXXXXXXXXXXXXXXXXXXXXXXXXXXXXXXXXXXXXXXXXXXXXXXXXXXXXXXXXXXXXXXXXXXXXXXXXXXXXXXXXXXX
2026-09-27T00:50:43.775+03:00 [s1] [O] < [-43/5 Q100] S0B61XXXXXXXXXXXXXXXXXXXXXXXXXXXXXXXXXXXXXXXXXXXXXXXXXXXXXXXXXXXXXXXXXXXXXXXXXXXXXXXXXXXXXXXXXXXXXXXXXXXXXXXXXXXXXXXXXXXXXXXXXXX
2026-09-27T00:50:46.806+03:00 [s2] [I] S0B62XXXXXXXXXXXXXXXXXXXXXXXXXXXXXXXXXXXXXXXXXXXXXXXXXXXXXXXXXXXXXXXXXXXXXXXXXXXXXXXXXXXXXXXXXXXXXXXXXXXXXXXXXXXXXXXXXXXXXXXXXXX
2026-09-27T00:50:46.966+03:00 [s1] [O] < [-43/5 Q100] S0B62XXXXXXXXXXXXXXXXXXXXXXXXXXXXXXXXXXXXXXXXXXXXXXXXXXXXXXXXXXXXXXXXXXXXXXXXXXXXXXXXXXXXXXXXXXXXXXXXXXXXXXXXXXXXXXXXXXXXXXXXXXX
2026-09-27T00:50:46.978+03:00 [s2] [O] > S0B62XXXXXXXXXXXXXXXXXXXXXXXXXXXXXXXXXXXXXXXXXXXXXXXXXXXXXXXXXXXXXXXXXXXXXXXXXXXXXXXXXXXXXXXXXXXXXXXXXXXXXXXXXXXXXXXXXXXXXXXXXXX
2026-09-27T00:50:50.116+03:00 [s2] [I] S0B63XXXXXXXXXXXXXXXXXXXXXXXXXXXXXXXXXXXXXXXXXXXXXXXXXXXXXXXXXXXXXXXXXXXXXXXXXXXXXXXXXXXXXXXXXXXXXXXXXXXXXXXXXXXXXXXXXXXXXXXXXXX
2026-09-27T00:50:50.302+03:00 [s2] [O] > S0B63XXXXXXXXXXXXXXXXXXXXXXXXXXXXXXXXXXXXXXXXXXXXXXXXXXXXXXXXXXXXXXXXXXXXXXXXXXXXXXXXXXXXXXXXXXXXXXXXXXXXXXXXXXXXXXXXXXXXXXXXXXX
2026-09-27T00:50:50.432+03:00 [s1] [O] < [-44/5 Q100] S0B63XXXXXXXXXXXXXXXXXXXXXXXXXXXXXXXXXXXXXXXXXXXXXXXXXXXXXXXXXXXXXXXXXXXXXXXXXXXXXXXXXXXXXXXXXXXXXXXXXXXXXXXXXXXXXXXXXXXXXXXXXXX
2026-09-27T00:50:53.433+03:00 [s1] [I] S0A71XXXXXXXXXXXXXXXXXXXXXXXXXXXXXXXXXXXXXXXXXXXXXXXXXXXXXXXXXXXXXXXXXXXXXXXXXXXXXXXXXXXXXXXXXXXXXXXXXXXXXXXXXXXXXXXXXXXXXXXXXXXXXXXXXXXXXXXXXXXXXXXXXXXXXXXXXXX
2026-09-27T00:50:53.593+03:00 [s2] [O] < [-42/5 Q100] S0A71XXXXXXXXXXXXXXXXXXXXXXXXXXXXXXXXXXXXXXXXXXXXXXXXXXXXXXXXXXXXXXXXXXXXXXXXXXXXXXXXXXXXXXXXXXXXXXXXXXXXXXXXXXXXXXXXXXXXXXXXXXXXXXXXXXXXXXXXXXXXXXXXXXXXXXXXXXX
2026-09-27T00:50:53.675+03:00 [s1] [O] > S0A71XXXXXXXXXXXXXXXXXXXXXXXXXXXXXXXXXXXXXXXXXXXXXXXXXXXXXXXXXXXXXXXXXXXXXXXXXXXXXXXXXXXXXXXXXXXXXXXXXXXXXXXXXXXXXXXXXXXXXXXXXXXXXXXXXXXXXXXXXXXXXXXXXXXXXXXXXXX
2026-09-27T00:50:56.749+03:00 [s1] [I] S0A72XXXXXXXXXXXXXXXXXXXXXXXXXXXXXXXXXXXXXXXXXXXXXXXXXXXXXXXXXXXXXXXXXXXXXXXXXXXXXXXXXXXXXXXXXXXXXXXXXXXXXXXXXXXXXXXXXXXXXXXXXXXXXXXXXXXXXXXXXXXXXXXXXXXXXXXXXXX
2026-09-27T00:50:56.920+03:00 [s2] [O] < [-42/5 Q100] S0A72XXXXXXXXXXXXXXXXXXXXXXXXXXXXXXXXXXXXXXXXXXXXXXXXXXXXXXXXXXXXXXXXXXXXXXXXXXXXXXXXXXXXXXXXXXXXXXXXXXXXXXXXXXXXXXXXXXXXXXXXXXXXXXXXXXXXXXXXXXXXXXXXXXXXXXXXXXX
2026-09-27T00:50:57.003+03:00 [s1] [O] > S0A72XXXXXXXXXXXXXXXXXXXXXXXXXXXXXXXXXXXXXXXXXXXXXXXXXXXXXXXXXXXXXXXXXXXXXXXXXXXXXXXXXXXXXXXXXXXXXXXXXXXXXXXXXXXXXXXXXXXXXXXXXXXXXXXXXXXXXXXXXXXXXXXXXXXXXXXXXXX
2026-09-27T00:51:00.067+03:00 [s1] [I] S0A73XXXXXXXXXXXXXXXXXXXXXXXXXXXXXXXXXXXXXXXXXXXXXXXXXXXXXXXXXXXXXXXXXXXXXXXXXXXXXXXXXXXXXXXXXXXXXXXXXXXXXXXXXXXXXXXXXXXXXXXXXXXXXXXXXXXXXXXXXXXXXXXXXXXXXXXXXXX
2026-09-27T00:51:00.252+03:00 [s2] [O] < [-42/6 Q100] S0A73XXXXXXXXXXXXXXXXXXXXXXXXXXXXXXXXXXXXXXXXXXXXXXXXXXXXXXXXXXXXXXXXXXXXXXXXXXXXXXXXXXXXXXXXXXXXXXXXXXXXXXXXXXXXXXXXXXXXXXXXXXXXXXXXXXXXXXXXXXXXXXXXXXXXXXXXXXX
2026-09-27T00:51:00.334+03:00 [s1] [O] > S0A73XXXXXXXXXXXXXXXXXXXXXXXXXXXXXXXXXXXXXXXXXXXXXXXXXXXXXXXXXXXXXXXXXXXXXXXXXXXXXXXXXXXXXXXXXXXXXXXXXXXXXXXXXXXXXXXXXXXXXXXXXXXXXXXXXXXXXXXXXXXXXXXXXXXXXXXXXXX
2026-09-27T00:51:03.384+03:00 [s2] [I] S0B71XXXXXXXXXXXXXXXXXXXXXXXXXXXXXXXXXXXXXXXXXXXXXXXXXXXXXXXXXXXXXXXXXXXXXXXXXXXXXXXXXXXXXXXXXXXXXXXXXXXXXXXXXXXXXXXXXXXXXXXXXXXXXXXXXXXXXXXXXXXXXXXXXXXXXXXXXXX
2026-09-27T00:51:03.589+03:00 [s2] [O] > S0B71XXXXXXXXXXXXXXXXXXXXXXXXXXXXXXXXXXXXXXXXXXXXXXXXXXXXXXXXXXXXXXXXXXXXXXXXXXXXXXXXXXXXXXXXXXXXXXXXXXXXXXXXXXXXXXXXXXXXXXXXXXXXXXXXXXXXXXXXXXXXXXXXXXXXXXXXXXX
2026-09-27T00:51:03.665+03:00 [s1] [O] < [-44/5 Q100] S0B71XXXXXXXXXXXXXXXXXXXXXXXXXXXXXXXXXXXXXXXXXXXXXXXXXXXXXXXXXXXXXXXXXXXXXXXXXXXXXXXXXXXXXXXXXXXXXXXXXXXXXXXXXXXXXXXXXXXXXXXXXXXXXXXXXXXXXXXXXXXXXXXXXXXXXXXXXXX
2026-09-27T00:51:06.699+03:00 [s2] [I] S0B72XXXXXXXXXXXXXXXXXXXXXXXXXXXXXXXXXXXXXXXXXXXXXXXXXXXXXXXXXXXXXXXXXXXXXXXXXXXXXXXXXXXXXXXXXXXXXXXXXXXXXXXXXXXXXXXXXXXXXXXXXXXXXXXXXXXXXXXXXXXXXXXXXXXXXXXXXXX
2026-09-27T00:51:06.909+03:00 [s2] [O] > S0B72XXXXXXXXXXXXXXXXXXXXXXXXXXXXXXXXXXXXXXXXXXXXXXXXXXXXXXXXXXXXXXXXXXXXXXXXXXXXXXXXXXXXXXXXXXXXXXXXXXXXXXXXXXXXXXXXXXXXXXXXXXXXXXXXXXXXXXXXXXXXXXXXXXXXXXXXXXX
2026-09-27T00:51:06.997+03:00 [s1] [O] < [-43/5 Q100] S0B72XXXXXXXXXXXXXXXXXXXXXXXXXXXXXXXXXXXXXXXXXXXXXXXXXXXXXXXXXXXXXXXXXXXXXXXXXXXXXXXXXXXXXXXXXXXXXXXXXXXXXXXXXXXXXXXXXXXXXXXXXXXXXXXXXXXXXXXXXXXXXXXXXXXXXXXXXXX
2026-09-27T00:51:10.015+03:00 [s2] [I] S0B73XXXXXXXXXXXXXXXXXXXXXXXXXXXXXXXXXXXXXXXXXXXXXXXXXXXXXXXXXXXXXXXXXXXXXXXXXXXXXXXXXXXXXXXXXXXXXXXXXXXXXXXXXXXXXXXXXXXXXXXXXXXXXXXXXXXXXXXXXXXXXXXXXXXXXXXXXXX
2026-09-27T00:51:10.201+03:00 [s2] [O] > S0B73XXXXXXXXXXXXXXXXXXXXXXXXXXXXXXXXXXXXXXXXXXXXXXXXXXXXXXXXXXXXXXXXXXXXXXXXXXXXXXXXXXXXXXXXXXXXXXXXXXXXXXXXXXXXXXXXXXXXXXXXXXXXXXXXXXXXXXXXXXXXXXXXXXXXXXXXXXX
2026-09-27T00:51:10.366+03:00 [s1] [O] < [-43/5 Q100] S0B73XXXXXXXXXXXXXXXXXXXXXXXXXXXXXXXXXXXXXXXXXXXXXXXXXXXXXXXXXXXXXXXXXXXXXXXXXXXXXXXXXXXXXXXXXXXXXXXXXXXXXXXXXXXXXXXXXXXXXXXXXXXXXXXXXXXXXXXXXXXXXXXXXXXXXXXXXXX
2026-09-27T00:51:13.326+03:00 [s1] [I] S0A81XXXXXXXXXXXXXXXXXXXXXXXXXXXXXXXXXXXXXXXXXXXXXXXXXXXXXXXXXXXXXXXXXXXXXXXXXXXXXXXXXXXXXXXXXXXXXXXXXXXXXXXXXXXXXXXXXXXXXXXXXXXXXXXXXXXXXXXXXXXXXXXXXXXXXXXXXXXXXXXXXXXXXXXXXXXXXXX
2026-09-27T00:51:13.484+03:00 [s2] [O] < [-42/5 Q100] S0A81XXXXXXXXXXXXXXXXXXXXXXXXXXXXXXXXXXXXXXXXXXXXXXXXXXXXXXXXXXXXXXXXXXXXXXXXXXXXXXXXXXXXXXXXXXXXXXXXXXXXXXXXXXXXXXXXXXXXXXXXXXXXXXXXXXXXXXXXXXXXXXXXXXXXXXXXXXXXXXXXXXXXXXXXXXXXXXX
2026-09-27T00:51:13.608+03:00 [s1] [O] > S0A81XXXXXXXXXXXXXXXXXXXXXXXXXXXXXXXXXXXXXXXXXXXXXXXXXXXXXXXXXXXXXXXXXXXXXXXXXXXXXXXXXXXXXXXXXXXXXXXXXXXXXXXXXXXXXXXXXXXXXXXXXXXXXXXXXXXXXXXXXXXXXXXXXXXXXXXXXXXXXXXXXXXXXXXXXXXXXXX
2026-09-27T00:51:16.644+03:00 [s1] [I] S0A82XXXXXXXXXXXXXXXXXXXXXXXXXXXXXXXXXXXXXXXXXXXXXXXXXXXXXXXXXXXXXXXXXXXXXXXXXXXXXXXXXXXXXXXXXXXXXXXXXXXXXXXXXXXXXXXXXXXXXXXXXXXXXXXXXXXXXXXXXXXXXXXXXXXXXXXXXXXXXXXXXXXXXXXXXXXXXXX
2026-09-27T00:51:16.820+03:00 [s2] [O] < [-42/6 Q100] S0A82XXXXXXXXXXXXXXXXXXXXXXXXXXXXXXXXXXXXXXXXXXXXXXXXXXXXXXXXXXXXXXXXXXXXXXXXXXXXXXXXXXXXXXXXXXXXXXXXXXXXXXXXXXXXXXXXXXXXXXXXXXXXXXXXXXXXXXXXXXXXXXXXXXXXXXXXXXXXXXXXXXXXXXXXXXXXXXX
2026-09-27T00:51:16.982+03:00 [s1] [O] > S0A82XXXXXXXXXXXXXXXXXXXXXXXXXXXXXXXXXXXXXXXXXXXXXXXXXXXXXXXXXXXXXXXXXXXXXXXXXXXXXXXXXXXXXXXXXXXXXXXXXXXXXXXXXXXXXXXXXXXXXXXXXXXXXXXXXXXXXXXXXXXXXXXXXXXXXXXXXXXXXXXXXXXXXXXXXXXXXXX
2026-09-27T00:51:19.957+03:00 [s1] [I] S0A83XXXXXXXXXXXXXXXXXXXXXXXXXXXXXXXXXXXXXXXXXXXXXXXXXXXXXXXXXXXXXXXXXXXXXXXXXXXXXXXXXXXXXXXXXXXXXXXXXXXXXXXXXXXXXXXXXXXXXXXXXXXXXXXXXXXXXXXXXXXXXXXXXXXXXXXXXXXXXXXXXXXXXXXXXXXXXXX
2026-09-27T00:51:20.145+03:00 [s2] [O] < [-42/5 Q100] S0A83XXXXXXXXXXXXXXXXXXXXXXXXXXXXXXXXXXXXXXXXXXXXXXXXXXXXXXXXXXXXXXXXXXXXXXXXXXXXXXXXXXXXXXXXXXXXXXXXXXXXXXXXXXXXXXXXXXXXXXXXXXXXXXXXXXXXXXXXXXXXXXXXXXXXXXXXXXXXXXXXXXXXXXXXXXXXXXX
2026-09-27T00:51:20.315+03:00 [s1] [O] > S0A83XXXXXXXXXXXXXXXXXXXXXXXXXXXXXXXXXXXXXXXXXXXXXXXXXXXXXXXXXXXXXXXXXXXXXXXXXXXXXXXXXXXXXXXXXXXXXXXXXXXXXXXXXXXXXXXXXXXXXXXXXXXXXXXXXXXXXXXXXXXXXXXXXXXXXXXXXXXXXXXXXXXXXXXXXXXXXXX
2026-09-27T00:51:23.278+03:00 [s2] [I] S0B81XXXXXXXXXXXXXXXXXXXXXXXXXXXXXXXXXXXXXXXXXXXXXXXXXXXXXXXXXXXXXXXXXXXXXXXXXXXXXXXXXXXXXXXXXXXXXXXXXXXXXXXXXXXXXXXXXXXXXXXXXXXXXXXXXXXXXXXXXXXXXXXXXXXXXXXXXXXXXXXXXXXXXXXXXXXXXXX
2026-09-27T00:51:23.433+03:00 [s2] [O] > S0B81XXXXXXXXXXXXXXXXXXXXXXXXXXXXXXXXXXXXXXXXXXXXXXXXXXXXXXXXXXXXXXXXXXXXXXXXXXXXXXXXXXXXXXXXXXXXXXXXXXXXXXXXXXXXXXXXXXXXXXXXXXXXXXXXXXXXXXXXXXXXXXXXXXXXXXXXXXXXXXXXXXXXXXXXXXXXXXX
2026-09-27T00:51:23.645+03:00 [s1] [O] < [-43/6 Q100] S0B81XXXXXXXXXXXXXXXXXXXXXXXXXXXXXXXXXXXXXXXXXXXXXXXXXXXXXXXXXXXXXXXXXXXXXXXXXXXXXXXXXXXXXXXXXXXXXXXXXXXXXXXXXXXXXXXXXXXXXXXXXXXXXXXXXXXXXXXXXXXXXXXXXXXXXXXXXXXXXXXXXXXXXXXXXXXXXXX
2026-09-27T00:51:26.595+03:00 [s2] [I] S0B82XXXXXXXXXXXXXXXXXXXXXXXXXXXXXXXXXXXXXXXXXXXXXXXXXXXXXXXXXXXXXXXXXXXXXXXXXXXXXXXXXXXXXXXXXXXXXXXXXXXXXXXXXXXXXXXXXXXXXXXXXXXXXXXXXXXXXXXXXXXXXXXXXXXXXXXXXXXXXXXXXXXXXXXXXXXXXXX
2026-09-27T00:51:26.763+03:00 [s2] [O] > S0B82XXXXXXXXXXXXXXXXXXXXXXXXXXXXXXXXXXXXXXXXXXXXXXXXXXXXXXXXXXXXXXXXXXXXXXXXXXXXXXXXXXXXXXXXXXXXXXXXXXXXXXXXXXXXXXXXXXXXXXXXXXXXXXXXXXXXXXXXXXXXXXXXXXXXXXXXXXXXXXXXXXXXXXXXXXXXXXX
2026-09-27T00:51:26.972+03:00 [s1] [O] < [-44/6 Q100] S0B82XXXXXXXXXXXXXXXXXXXXXXXXXXXXXXXXXXXXXXXXXXXXXXXXXXXXXXXXXXXXXXXXXXXXXXXXXXXXXXXXXXXXXXXXXXXXXXXXXXXXXXXXXXXXXXXXXXXXXXXXXXXXXXXXXXXXXXXXXXXXXXXXXXXXXXXXXXXXXXXXXXXXXXXXXXXXXXX
2026-09-27T00:51:29.906+03:00 [s2] [I] S0B83XXXXXXXXXXXXXXXXXXXXXXXXXXXXXXXXXXXXXXXXXXXXXXXXXXXXXXXXXXXXXXXXXXXXXXXXXXXXXXXXXXXXXXXXXXXXXXXXXXXXXXXXXXXXXXXXXXXXXXXXXXXXXXXXXXXXXXXXXXXXXXXXXXXXXXXXXXXXXXXXXXXXXXXXXXXXXXX
2026-09-27T00:51:30.098+03:00 [s2] [O] > S0B83XXXXXXXXXXXXXXXXXXXXXXXXXXXXXXXXXXXXXXXXXXXXXXXXXXXXXXXXXXXXXXXXXXXXXXXXXXXXXXXXXXXXXXXXXXXXXXXXXXXXXXXXXXXXXXXXXXXXXXXXXXXXXXXXXXXXXXXXXXXXXXXXXXXXXXXXXXXXXXXXXXXXXXXXXXXXXXX
2026-09-27T00:51:30.303+03:00 [s1] [O] < [-44/6 Q100] S0B83XXXXXXXXXXXXXXXXXXXXXXXXXXXXXXXXXXXXXXXXXXXXXXXXXXXXXXXXXXXXXXXXXXXXXXXXXXXXXXXXXXXXXXXXXXXXXXXXXXXXXXXXXXXXXXXXXXXXXXXXXXXXXXXXXXXXXXXXXXXXXXXXXXXXXXXXXXXXXXXXXXXXXXXXXXXXXXX
2026-09-27T00:51:33.222+03:00 [s1] [I] S0A91XXXXXXXXXXXXXXXXXXXXXXXXXXXXXXXXXXXXXXXXXXXXXXXXXXXXXXXXXXXXXXXXXXXXXXXXXXXXXXXXXXXXXXXXXXXXXXXXXXXXXXXXXXXXXXXXXXXXXXXXXXXXXXXXXXXXXXXXXXXXXXXXXXXXXXXXXXXXXXXXXXXXXXXXXXXXXXXXXXXXXXXXXXXXXXXXXXX
2026-09-27T00:51:33.416+03:00 [s1] [O] > S0A91XXXXXXXXXXXXXXXXXXXXXXXXXXXXXXXXXXXXXXXXXXXXXXXXXXXXXXXXXXXXXXXXXXXXXXXXXXXXXXXXXXXXXXXXXXXXXXXXXXXXXXXXXXXXXXXXXXXXXXXXXXXXXXXXXXXXXXXXXXXXXXXXXXXXXXXXXXXXXXXXXXXXXXXXXXXXXXXXXXXXXXXXXXXXXXXXXXX
2026-09-27T00:51:33.471+03:00 [s2] [O] < [-42/5 Q100] S0A91XXXXXXXXXXXXXXXXXXXXXXXXXXXXXXXXXXXXXXXXXXXXXXXXXXXXXXXXXXXXXXXXXXXXXXXXXXXXXXXXXXXXXXXXXXXXXXXXXXXXXXXXXXXXXXXXXXXXXXXXXXXXXXXXXXXXXXXXXXXXXXXXXXXXXXXXXXXXXXXXXXXXXXXXXXXXXXXXXXXXXXXXXXXXXXXXXXX
2026-09-27T00:51:36.537+03:00 [s1] [I] S0A92XXXXXXXXXXXXXXXXXXXXXXXXXXXXXXXXXXXXXXXXXXXXXXXXXXXXXXXXXXXXXXXXXXXXXXXXXXXXXXXXXXXXXXXXXXXXXXXXXXXXXXXXXXXXXXXXXXXXXXXXXXXXXXXXXXXXXXXXXXXXXXXXXXXXXXXXXXXXXXXXXXXXXXXXXXXXXXXXXXXXXXXXXXXXXXXXXXX
2026-09-27T00:51:36.705+03:00 [s1] [O] > S0A92XXXXXXXXXXXXXXXXXXXXXXXXXXXXXXXXXXXXXXXXXXXXXXXXXXXXXXXXXXXXXXXXXXXXXXXXXXXXXXXXXXXXXXXXXXXXXXXXXXXXXXXXXXXXXXXXXXXXXXXXXXXXXXXXXXXXXXXXXXXXXXXXXXXXXXXXXXXXXXXXXXXXXXXXXXXXXXXXXXXXXXXXXXXXXXXXXXX
2026-09-27T00:51:36.753+03:00 [s2] [O] < [-42/-1 Q100] S0A92XXXXXXXXXXXXXXXXXXXXXXXXXXXXXXXXXXXXXXXXXXXXXXXXXXXXXXXXXXXXXXXXXXXXXXXXXXXXXXXXXXXXXXXXXXXXXXXXXXXXXXXXXXXXXXXXXXXXXXXXXXXXXXXXXXXXXXXXXXXXXXXXXXXXXXXXXXXXXXXXXXXXXXXXXXXXXXXXXXXXXXXXXXXXXXXXXXX
2026-09-27T00:51:39.856+03:00 [s1] [I] S0A93XXXXXXXXXXXXXXXXXXXXXXXXXXXXXXXXXXXXXXXXXXXXXXXXXXXXXXXXXXXXXXXXXXXXXXXXXXXXXXXXXXXXXXXXXXXXXXXXXXXXXXXXXXXXXXXXXXXXXXXXXXXXXXXXXXXXXXXXXXXXXXXXXXXXXXXXXXXXXXXXXXXXXXXXXXXXXXXXXXXXXXXXXXXXXXXXXXX
2026-09-27T00:51:40.034+03:00 [s1] [O] > S0A93XXXXXXXXXXXXXXXXXXXXXXXXXXXXXXXXXXXXXXXXXXXXXXXXXXXXXXXXXXXXXXXXXXXXXXXXXXXXXXXXXXXXXXXXXXXXXXXXXXXXXXXXXXXXXXXXXXXXXXXXXXXXXXXXXXXXXXXXXXXXXXXXXXXXXXXXXXXXXXXXXXXXXXXXXXXXXXXXXXXXXXXXXXXXXXXXXXX
2026-09-27T00:51:40.084+03:00 [s2] [O] < [-41/-0 Q100] S0A93XXXXXXXXXXXXXXXXXXXXXXXXXXXXXXXXXXXXXXXXXXXXXXXXXXXXXXXXXXXXXXXXXXXXXXXXXXXXXXXXXXXXXXXXXXXXXXXXXXXXXXXXXXXXXXXXXXXXXXXXXXXXXXXXXXXXXXXXXXXXXXXXXXXXXXXXXXXXXXXXXXXXXXXXXXXXXXXXXXXXXXXXXXXXXXXXXXX
2026-09-27T00:51:43.173+03:00 [s2] [I] S0B91XXXXXXXXXXXXXXXXXXXXXXXXXXXXXXXXXXXXXXXXXXXXXXXXXXXXXXXXXXXXXXXXXXXXXXXXXXXXXXXXXXXXXXXXXXXXXXXXXXXXXXXXXXXXXXXXXXXXXXXXXXXXXXXXXXXXXXXXXXXXXXXXXXXXXXXXXXXXXXXXXXXXXXXXXXXXXXXXXXXXXXXXXXXXXXXXXXX
2026-09-27T00:51:43.368+03:00 [s2] [O] > S0B91XXXXXXXXXXXXXXXXXXXXXXXXXXXXXXXXXXXXXXXXXXXXXXXXXXXXXXXXXXXXXXXXXXXXXXXXXXXXXXXXXXXXXXXXXXXXXXXXXXXXXXXXXXXXXXXXXXXXXXXXXXXXXXXXXXXXXXXXXXXXXXXXXXXXXXXXXXXXXXXXXXXXXXXXXXXXXXXXXXXXXXXXXXXXXXXXXXX
2026-09-27T00:51:43.668+03:00 [s1] [O] < [-43/5 Q100] S0B91XXXXXXXXXXXXXXXXXXXXXXXXXXXXXXXXXXXXXXXXXXXXXXXXXXXXXXXXXXXXXXXXXXXXXXXXXXXXXXXXXXXXXXXXXXXXXXXXXXXXXXXXXXXXXXXXXXXXXXXXXXXXXXXXXXXXXXXXXXXXXXXXXXXXXXXXXXXXXXXXXXXXXXXXXXXXXXXXXXXXXXXXXXXXXXXXXXX
2026-09-27T00:51:46.486+03:00 [s2] [I] S0B92XXXXXXXXXXXXXXXXXXXXXXXXXXXXXXXXXXXXXXXXXXXXXXXXXXXXXXXXXXXXXXXXXXXXXXXXXXXXXXXXXXXXXXXXXXXXXXXXXXXXXXXXXXXXXXXXXXXXXXXXXXXXXXXXXXXXXXXXXXXXXXXXXXXXXXXXXXXXXXXXXXXXXXXXXXXXXXXXXXXXXXXXXXXXXXXXXXX
2026-09-27T00:51:46.650+03:00 [s2] [O] > S0B92XXXXXXXXXXXXXXXXXXXXXXXXXXXXXXXXXXXXXXXXXXXXXXXXXXXXXXXXXXXXXXXXXXXXXXXXXXXXXXXXXXXXXXXXXXXXXXXXXXXXXXXXXXXXXXXXXXXXXXXXXXXXXXXXXXXXXXXXXXXXXXXXXXXXXXXXXXXXXXXXXXXXXXXXXXXXXXXXXXXXXXXXXXXXXXXXXXX
2026-09-27T00:51:46.863+03:00 [s1] [O] < [-44/5 Q100] S0B92XXXXXXXXXXXXXXXXXXXXXXXXXXXXXXXXXXXXXXXXXXXXXXXXXXXXXXXXXXXXXXXXXXXXXXXXXXXXXXXXXXXXXXXXXXXXXXXXXXXXXXXXXXXXXXXXXXXXXXXXXXXXXXXXXXXXXXXXXXXXXXXXXXXXXXXXXXXXXXXXXXXXXXXXXXXXXXXXXXXXXXXXXXXXXXXXXXX
2026-09-27T00:51:49.797+03:00 [s2] [I] S0B93XXXXXXXXXXXXXXXXXXXXXXXXXXXXXXXXXXXXXXXXXXXXXXXXXXXXXXXXXXXXXXXXXXXXXXXXXXXXXXXXXXXXXXXXXXXXXXXXXXXXXXXXXXXXXXXXXXXXXXXXXXXXXXXXXXXXXXXXXXXXXXXXXXXXXXXXXXXXXXXXXXXXXXXXXXXXXXXXXXXXXXXXXXXXXXXXXXX
2026-09-27T00:51:49.982+03:00 [s2] [O] > S0B93XXXXXXXXXXXXXXXXXXXXXXXXXXXXXXXXXXXXXXXXXXXXXXXXXXXXXXXXXXXXXXXXXXXXXXXXXXXXXXXXXXXXXXXXXXXXXXXXXXXXXXXXXXXXXXXXXXXXXXXXXXXXXXXXXXXXXXXXXXXXXXXXXXXXXXXXXXXXXXXXXXXXXXXXXXXXXXXXXXXXXXXXXXXXXXXXXXX
2026-09-27T00:51:50.283+03:00 [s1] [O] < [-43/5 Q100] S0B93XXXXXXXXXXXXXXXXXXXXXXXXXXXXXXXXXXXXXXXXXXXXXXXXXXXXXXXXXXXXXXXXXXXXXXXXXXXXXXXXXXXXXXXXXXXXXXXXXXXXXXXXXXXXXXXXXXXXXXXXXXXXXXXXXXXXXXXXXXXXXXXXXXXXXXXXXXXXXXXXXXXXXXXXXXXXXXXXXXXXXXXXXXXXXXXXXXX
2026-09-27T00:51:53.106+03:00 [s1] [I] /sf 8
2026-09-27T00:51:53.162+03:00 [s1] [O] [SYS] SF 8 SAVED
2026-09-27T00:51:54.209+03:00 [s2] [I] /sf 8
2026-09-27T00:51:54.292+03:00 [s2] [O] [SYS] SF 8 SAVED
2026-09-27T00:55:00.483+03:00 [s1] [I] /cancel all
2026-09-27T00:55:00.485+03:00 [s2] [I] /cancel all
2026-09-27T00:55:00.543+03:00 [s1] [O] [SYS] DELIVERY CANCEL: nothing pending
2026-09-27T00:55:00.636+03:00 [s2] [O] [SYS] DELIVERY CANCEL: nothing pending
2026-09-27T00:55:09.472+03:00 [s1] [I] /config
2026-09-27T00:55:09.475+03:00 [s2] [I] /config
2026-09-27T00:55:09.544+03:00 [s1] [O] [SYS] CFG schema=2 storage=NVS freq_oob=OFF
2026-09-27T00:55:09.544+03:00 [s1] [O] [SYS] CFG RADIO power=2 dBm freq=470 MHz sf=8 bw=500 kHz
2026-09-27T00:55:09.545+03:00 [s1] [O] [SYS] CFG LINK heartbeat=OFF retry=ON attempts=5 diag=OFF
2026-09-27T00:55:09.590+03:00 [s2] [O] [SYS] CFG schema=2 storage=NVS freq_oob=OFF
2026-09-27T00:55:09.592+03:00 [s2] [O] [SYS] CFG RADIO power=2 dBm freq=470 MHz sf=8 bw=500 kHz
2026-09-27T00:55:09.593+03:00 [s2] [O] [SYS] CFG LINK heartbeat=OFF retry=ON attempts=5 diag=OFF
