2026-09-23T20:08:32.962+03:00 [s1] [O] [SYS] CHATTER NODE LoRa-Chatter-1B44
2026-09-23T20:08:38.135+03:00 [s2] [O] [SYS] CHATTER NODE LoRa-Chatter-72E0
2026-09-23T20:08:54.424+03:00 [s1] [I] /id
2026-09-23T20:08:54.425+03:00 [s2] [I] /id
2026-09-23T20:08:54.429+03:00 [s1] [I] /version
2026-09-23T20:08:54.430+03:00 [s2] [I] /version
2026-09-23T20:08:54.518+03:00 [s2] [O] [SYS] CHATTER NODE LoRa-Chatter-72E0
2026-09-23T20:08:54.519+03:00 [s1] [O] [SYS] CHATTER NODE LoRa-Chatter-1B44
2026-09-23T20:08:54.522+03:00 [s1] [O] [SYS] FIRMWARE Chatter git=8b62d6c4d50577da6a8927e52f123645d63f24a5 state=clean env=esp32-s3-n16r8
2026-09-23T20:08:54.528+03:00 [s1] [O] [SYS] FIRMWARE IMAGE validation_sha256=e4496cf74cd55ff0b06b9a3f82c613d6c64173b6f7ff12db0c954aee2ec46162 status=OK slot=0
2026-09-23T20:08:54.533+03:00 [s1] [O] [SYS] BUILD META toolchain_sha256=a087c73c0094f7d5c7bce96d3b44b5349361527190730cac76aaf8087289bbfb pio=6.2.0
2026-09-23T20:08:54.564+03:00 [s2] [O] [SYS] FIRMWARE Chatter git=8b62d6c4d50577da6a8927e52f123645d63f24a5 state=clean env=esp32-s3-n16r8
2026-09-23T20:08:54.569+03:00 [s2] [O] [SYS] FIRMWARE IMAGE validation_sha256=e4496cf74cd55ff0b06b9a3f82c613d6c64173b6f7ff12db0c954aee2ec46162 status=OK slot=0
2026-09-23T20:08:54.573+03:00 [s2] [O] [SYS] BUILD META toolchain_sha256=a087c73c0094f7d5c7bce96d3b44b5349361527190730cac76aaf8087289bbfb pio=6.2.0
2026-09-23T20:09:22.399+03:00 [s1] [I] /heartbeat off
2026-09-23T20:09:22.401+03:00 [s1] [I] /diag off
2026-09-23T20:09:22.402+03:00 [s1] [I] /echo-loop stop
2026-09-23T20:09:22.404+03:00 [s1] [I] /cancel all
2026-09-23T20:09:22.406+03:00 [s1] [I] /power 2
2026-09-23T20:09:22.409+03:00 [s1] [I] /freq 470
2026-09-23T20:09:22.410+03:00 [s1] [I] /sf 12
2026-09-23T20:09:22.411+03:00 [s1] [I] /bw 125
2026-09-23T20:09:22.413+03:00 [s1] [I] /config
2026-09-23T20:09:22.414+03:00 [s2] [I] /heartbeat off
2026-09-23T20:09:22.419+03:00 [s2] [I] /diag off
2026-09-23T20:09:22.420+03:00 [s2] [I] /echo-loop stop
2026-09-23T20:09:22.422+03:00 [s2] [I] /cancel all
2026-09-23T20:09:22.424+03:00 [s2] [I] /power 2
2026-09-23T20:09:22.425+03:00 [s2] [I] /freq 470
2026-09-23T20:09:22.428+03:00 [s2] [I] /sf 12
2026-09-23T20:09:22.429+03:00 [s2] [I] /bw 125
2026-09-23T20:09:22.431+03:00 [s2] [I] /config
2026-09-23T20:09:22.469+03:00 [s1] [O] [SYS] HEARTBEAT OFF
2026-09-23T20:09:22.472+03:00 [s1] [O] [SYS] DELIVERY CANCEL: nothing pending
2026-09-23T20:09:22.473+03:00 [s1] [O] [SYS] DIAG already OFF
2026-09-23T20:09:22.475+03:00 [s1] [O] [SYS] ECHO LOOP already stopped
2026-09-23T20:09:22.476+03:00 [s1] [O] [SYS] POWER 2 dBm SAVED
2026-09-23T20:09:22.477+03:00 [s1] [O] [SYS] FREQ 470 MHz SAVED
2026-09-23T20:09:22.482+03:00 [s1] [O] [SYS] CFG schema=2 storage=NVS freq_oob=OFF
2026-09-23T20:09:22.509+03:00 [s2] [O] [SYS] HEARTBEAT OFF
2026-09-23T20:09:22.511+03:00 [s2] [O] [SYS] DIAG already OFF
2026-09-23T20:09:22.514+03:00 [s2] [O] [SYS] ECHO LOOP already stopped
2026-09-23T20:09:22.557+03:00 [s1] [O] [SYS] CFG RADIO power=2 dBm freq=470 MHz sf=12 bw=125 kHz
2026-09-23T20:09:22.562+03:00 [s1] [O] [SYS] CFG LINK heartbeat=OFF retry=ON attempts=5 diag=OFF
2026-09-23T20:09:22.600+03:00 [s2] [O] [SYS] DELIVERY CANCEL: nothing pending
2026-09-23T20:09:22.648+03:00 [s2] [O] [SYS] POWER 2 dBm SAVED
2026-09-23T20:09:22.649+03:00 [s2] [O] [SYS] FREQ 470 MHz SAVED
2026-09-23T20:09:22.650+03:00 [s2] [O] [SYS] SF 12 SAVED
2026-09-23T20:09:22.651+03:00 [s2] [O] [SYS] BW 125 kHz SAVED
2026-09-23T20:09:50.617+03:00 [s1] [I] /sf 12
2026-09-23T20:09:50.619+03:00 [s1] [I] /bw 125
2026-09-23T20:09:50.621+03:00 [s1] [I] /config
2026-09-23T20:09:50.622+03:00 [s2] [I] /config
2026-09-23T20:09:50.685+03:00 [s2] [O] [SYS] CFG schema=2 storage=NVS freq_oob=OFF
2026-09-23T20:09:50.686+03:00 [s1] [O] [SYS] SF 12 SAVED
2026-09-23T20:09:50.687+03:00 [s1] [O] [SYS] BW 125 kHz SAVED
2026-09-23T20:09:50.689+03:00 [s1] [O] [SYS] CFG schema=2 storage=NVS freq_oob=OFF
2026-09-23T20:09:50.692+03:00 [s1] [O] [SYS] CFG RADIO power=2 dBm freq=470 MHz sf=12 bw=125 kHz
2026-09-23T20:09:50.693+03:00 [s1] [O] [SYS] CFG LINK heartbeat=OFF retry=ON attempts=5 diag=OFF
2026-09-23T20:09:50.731+03:00 [s2] [O] [SYS] CFG RADIO power=2 dBm freq=470 MHz sf=12 bw=125 kHz
2026-09-23T20:09:50.733+03:00 [s2] [O] [SYS] CFG LINK heartbeat=OFF retry=ON attempts=5 diag=OFF
2026-09-23T20:10:22.936+03:00 [s1] [I] /heartbeat on
2026-09-23T20:10:22.937+03:00 [s2] [I] /heartbeat on
2026-09-23T20:10:23.000+03:00 [s1] [O] [SYS] HEARTBEAT ON
2026-09-23T20:10:23.001+03:00 [s2] [O] [SYS] HEARTBEAT ON
2026-09-23T20:12:48.794+03:00 [s1] [I] /heartbeat off
2026-09-23T20:12:48.796+03:00 [s2] [I] /heartbeat off
2026-09-23T20:12:48.863+03:00 [s2] [O] [SYS] HEARTBEAT OFF
2026-09-23T20:12:48.865+03:00 [s1] [O] [SYS] HEARTBEAT OFF
2026-09-23T20:13:16.928+03:00 [s1] [I] /diag off
2026-09-23T20:13:16.930+03:00 [s1] [I] /echo-loop stop
2026-09-23T20:13:16.931+03:00 [s1] [I] /cancel all
2026-09-23T20:13:16.934+03:00 [s1] [I] /power 2
2026-09-23T20:13:16.936+03:00 [s1] [I] /config
2026-09-23T20:13:16.994+03:00 [s1] [O] [SYS] DIAG already OFF
2026-09-23T20:13:16.998+03:00 [s1] [O] [SYS] DELIVERY CANCEL: nothing pending
2026-09-23T20:13:16.999+03:00 [s1] [O] [SYS] ECHO LOOP already stopped
2026-09-23T20:13:17.000+03:00 [s1] [O] [SYS] POWER 2 dBm SAVED
2026-09-23T20:13:17.002+03:00 [s1] [O] [SYS] CFG schema=2 storage=NVS freq_oob=OFF
2026-09-23T20:13:17.004+03:00 [s1] [O] [SYS] CFG RADIO power=2 dBm freq=470 MHz sf=12 bw=125 kHz
2026-09-23T20:13:17.008+03:00 [s1] [O] [SYS] CFG LINK heartbeat=OFF retry=ON attempts=5 diag=OFF
2026-09-23T20:13:45.562+03:00 [s2] [I] /diag off
2026-09-23T20:13:45.564+03:00 [s2] [I] /echo-loop stop
2026-09-23T20:13:45.566+03:00 [s2] [I] /cancel all
2026-09-23T20:13:45.567+03:00 [s2] [I] /power 2
2026-09-23T20:13:45.568+03:00 [s2] [I] /config
2026-09-23T20:13:45.616+03:00 [s2] [O] [SYS] DIAG already OFF
2026-09-23T20:13:45.663+03:00 [s2] [O] [SYS] DELIVERY CANCEL: nothing pending
2026-09-23T20:13:45.664+03:00 [s2] [O] [SYS] ECHO LOOP already stopped
2026-09-23T20:13:45.665+03:00 [s2] [O] [SYS] POWER 2 dBm SAVED
2026-09-23T20:13:45.705+03:00 [s2] [O] [SYS] CFG schema=2 storage=NVS freq_oob=OFF
2026-09-23T20:13:45.750+03:00 [s2] [O] [SYS] CFG RADIO power=2 dBm freq=470 MHz sf=12 bw=125 kHz
2026-09-23T20:13:45.795+03:00 [s2] [O] [SYS] CFG LINK heartbeat=OFF retry=ON attempts=5 diag=OFF
