2026-09-22T08:58:30.554+03:00 [s1] [O] [SYS] CHATTER NODE LoRa-Chatter-1B44
2026-09-22T08:58:40.428+03:00 [s2] [O] [SYS] CHATTER NODE LoRa-Chatter-72E0
2026-09-22T08:59:10.435+03:00 [s1] [I] /version
2026-09-22T08:59:10.436+03:00 [s2] [I] /version
2026-09-22T08:59:10.514+03:00 [s1] [O] [SYS] FIRMWARE Chatter git=6c08084891f4940dcbe804c0c4ef26feea9b4eb5 state=clean env=esp32-s3-n16r8
2026-09-22T08:59:10.519+03:00 [s1] [O] [SYS] FIRMWARE IMAGE validation_sha256=740e4cf6fcbcd2679b26265aff0f058087844d927d39459a5ee1bd45e86f891d status=OK slot=0
2026-09-22T08:59:10.523+03:00 [s1] [O] [SYS] BUILD META toolchain_sha256=d837e37bb188244de843b7c03ea81f34e501d879a501cb5342129e2338eeb4af pio=6.2.0
2026-09-22T08:59:10.534+03:00 [s2] [O] [SYS] FIRMWARE Chatter git=6c08084891f4940dcbe804c0c4ef26feea9b4eb5 state=clean env=esp32-s3-n16r8
2026-09-22T08:59:10.542+03:00 [s2] [O] [SYS] FIRMWARE IMAGE validation_sha256=740e4cf6fcbcd2679b26265aff0f058087844d927d39459a5ee1bd45e86f891d status=OK slot=0
2026-09-22T08:59:10.545+03:00 [s2] [O] [SYS] BUILD META toolchain_sha256=d837e37bb188244de843b7c03ea81f34e501d879a501cb5342129e2338eeb4af pio=6.2.0
2026-09-22T09:20:50.535+03:00 [s1] [O] [SYS] CHATTER NODE LoRa-Chatter-1B44
2026-09-22T09:21:02.483+03:00 [s2] [O] [SYS] CHATTER NODE LoRa-Chatter-72E0
2026-09-22T09:21:14.499+03:00 [s1] [I] /id
2026-09-22T09:21:14.500+03:00 [s2] [I] /id
2026-09-22T09:21:14.503+03:00 [s1] [I] /version
2026-09-22T09:21:14.505+03:00 [s2] [I] /version
2026-09-22T09:21:14.565+03:00 [s1] [O] [SYS] CHATTER NODE LoRa-Chatter-1B44
2026-09-22T09:21:14.567+03:00 [s1] [O] [SYS] FIRMWARE Chatter git=608f1cd26d76a1b02d3401cbd17a9b4c9ab44716 state=clean env=esp32-s3-n16r8
2026-09-22T09:21:14.574+03:00 [s1] [O] [SYS] FIRMWARE IMAGE validation_sha256=0c3d69eed3557864bfb0004dc2b03364debc5146bfb49c82d50e388fdcc0c159 status=OK slot=0
2026-09-22T09:21:14.578+03:00 [s1] [O] [SYS] BUILD META toolchain_sha256=35a726b162162417e419c64b54b8b7719ff8786a3db12e8f3906120177f2d833 pio=6.2.0
2026-09-22T09:21:14.588+03:00 [s2] [O] [SYS] CHATTER NODE LoRa-Chatter-72E0
2026-09-22T09:21:14.592+03:00 [s2] [O] [SYS] FIRMWARE Chatter git=608f1cd26d76a1b02d3401cbd17a9b4c9ab44716 state=clean env=esp32-s3-n16r8
2026-09-22T09:21:14.597+03:00 [s2] [O] [SYS] FIRMWARE IMAGE validation_sha256=0c3d69eed3557864bfb0004dc2b03364debc5146bfb49c82d50e388fdcc0c159 status=OK slot=0
2026-09-22T09:21:14.601+03:00 [s2] [O] [SYS] BUILD META toolchain_sha256=35a726b162162417e419c64b54b8b7719ff8786a3db12e8f3906120177f2d833 pio=6.2.0
2026-09-22T09:22:28.986+03:00 [s1] [I] /heartbeat off
2026-09-22T09:22:28.988+03:00 [s1] [I] /diag off
2026-09-22T09:22:28.990+03:00 [s1] [I] /echo-loop stop
2026-09-22T09:22:28.991+03:00 [s2] [I] /heartbeat off
2026-09-22T09:22:28.993+03:00 [s2] [I] /diag off
2026-09-22T09:22:28.995+03:00 [s2] [I] /echo-loop stop
2026-09-22T09:22:28.996+03:00 [s1] [I] /power 2
2026-09-22T09:22:28.999+03:00 [s2] [I] /power 2
2026-09-22T09:22:29.001+03:00 [s1] [I] /config
2026-09-22T09:22:29.002+03:00 [s2] [I] /config
2026-09-22T09:22:29.040+03:00 [s1] [O] [SYS] HEARTBEAT OFF
2026-09-22T09:22:29.041+03:00 [s1] [O] [SYS] DIAG already OFF
2026-09-22T09:22:29.061+03:00 [s2] [O] [SYS] HEARTBEAT OFF
2026-09-22T09:22:29.065+03:00 [s2] [O] [SYS] DIAG already OFF
2026-09-22T09:22:29.067+03:00 [s2] [O] [SYS] ECHO LOOP already stopped
2026-09-22T09:22:29.067+03:00 [s2] [O] [SYS] POWER 2 dBm SAVED
2026-09-22T09:22:29.068+03:00 [s2] [O] [SYS] CFG schema=2 storage=NVS freq_oob=OFF
2026-09-22T09:22:29.069+03:00 [s2] [O] [SYS] CFG RADIO power=2 dBm freq=470 MHz sf=12 bw=125 kHz
2026-09-22T09:22:29.071+03:00 [s2] [O] [SYS] CFG LINK heartbeat=OFF retry=ON attempts=5 diag=OFF
2026-09-22T09:22:29.085+03:00 [s1] [O] [SYS] ECHO LOOP already stopped
2026-09-22T09:22:29.087+03:00 [s1] [O] [SYS] POWER 2 dBm SAVED
2026-09-22T09:22:29.089+03:00 [s1] [O] [SYS] CFG schema=2 storage=NVS freq_oob=OFF
2026-09-22T09:22:29.091+03:00 [s1] [O] [SYS] CFG RADIO power=2 dBm freq=470 MHz sf=12 bw=125 kHz
2026-09-22T09:22:29.093+03:00 [s1] [O] [SYS] CFG LINK heartbeat=OFF retry=ON attempts=5 diag=OFF
2026-09-22T09:23:39.665+03:00 [s1] [I] ACKLOSS-BASE-A2B-20260922T000000Z
2026-09-22T09:23:41.853+03:00 [s1] [O] > ACKLOSS-BASE-A2B-20260922T000000Z
2026-09-22T09:23:41.877+03:00 [s2] [O] < [-28/+8 Q0] ACKLOSS-BASE-A2B-20260922T000000Z
2026-09-22T09:24:52.904+03:00 [s2] [I] ACKLOSS-BASE-B2A-20260922T000000Z
2026-09-22T09:24:55.091+03:00 [s2] [O] > ACKLOSS-BASE-B2A-20260922T000000Z
2026-09-22T09:24:55.118+03:00 [s1] [O] < [-27/+9 Q100] ACKLOSS-BASE-B2A-20260922T000000Z
2026-09-22T09:26:13.921+03:00 [s1] [I] /heartbeat off
2026-09-22T09:26:13.922+03:00 [s1] [I] /diag off
2026-09-22T09:26:13.924+03:00 [s1] [I] /echo-loop stop
2026-09-22T09:26:13.925+03:00 [s1] [I] /power 2
2026-09-22T09:26:13.927+03:00 [s1] [I] /config
2026-09-22T09:26:13.928+03:00 [s2] [I] /heartbeat off
2026-09-22T09:26:13.931+03:00 [s2] [I] /diag off
2026-09-22T09:26:13.932+03:00 [s2] [I] /echo-loop stop
2026-09-22T09:26:13.933+03:00 [s2] [I] /power 2
2026-09-22T09:26:13.934+03:00 [s2] [I] /config
2026-09-22T09:26:13.996+03:00 [s1] [O] [SYS] HEARTBEAT OFF
2026-09-22T09:26:13.998+03:00 [s1] [O] [SYS] DIAG already OFF
2026-09-22T09:26:13.998+03:00 [s1] [O] [SYS] ECHO LOOP already stopped
2026-09-22T09:26:14.000+03:00 [s1] [O] [SYS] POWER 2 dBm SAVED
2026-09-22T09:26:14.002+03:00 [s1] [O] [SYS] CFG schema=2 storage=NVS freq_oob=OFF
2026-09-22T09:26:14.003+03:00 [s1] [O] [SYS] CFG RADIO power=2 dBm freq=470 MHz sf=12 bw=125 kHz
2026-09-22T09:26:14.005+03:00 [s1] [O] [SYS] CFG LINK heartbeat=OFF retry=ON attempts=5 diag=OFF
2026-09-22T09:26:14.017+03:00 [s2] [O] [SYS] HEARTBEAT OFF
2026-09-22T09:26:14.018+03:00 [s2] [O] [SYS] DIAG already OFF
2026-09-22T09:26:14.020+03:00 [s2] [O] [SYS] ECHO LOOP already stopped
2026-09-22T09:26:14.021+03:00 [s2] [O] [SYS] POWER 2 dBm SAVED
2026-09-22T09:26:14.023+03:00 [s2] [O] [SYS] CFG schema=2 storage=NVS freq_oob=OFF
2026-09-22T09:26:14.025+03:00 [s2] [O] [SYS] CFG RADIO power=2 dBm freq=470 MHz sf=12 bw=125 kHz
2026-09-22T09:26:14.027+03:00 [s2] [O] [SYS] CFG LINK heartbeat=OFF retry=ON attempts=5 diag=OFF
