2026-09-18T14:20:04.761+03:00 [s1] [I] /id
2026-09-18T14:20:04.959+03:00 [s1] [O] [SYS] CHATTER NODE LoRa-Chatter-72E0
2026-09-18T14:20:04.959+03:00 [s1] [O] [SYS] CHATTER NODE LoRa-Chatter-72E0
2026-09-18T14:20:04.971+03:00 [s2] [I] /id
2026-09-18T14:20:05.171+03:00 [s2] [O] [SYS] CHATTER NODE LoRa-Chatter-1B44
2026-09-18T14:20:05.171+03:00 [s2] [O] [SYS] CHATTER NODE LoRa-Chatter-1B44
2026-09-18T14:20:05.172+03:00 [s1] [I] /help
2026-09-18T14:20:05.218+03:00 [s1] [O] 
2026-09-18T14:20:05.218+03:00 [s1] [O] [SYS] CHATTER HELP
2026-09-18T14:20:05.218+03:00 [s1] [O] [SYS] CHATTER NODE LoRa-Chatter-72E0
2026-09-18T14:20:05.218+03:00 [s1] [O] [SYS] CHAT OUTPUT:
2026-09-18T14:20:05.218+03:00 [s1] [O] [SYS]   > text                       local USER TX confirmed
2026-09-18T14:20:05.218+03:00 [s1] [O] [SYS]   < [RSSI/SNR Q%] text         USER received from peer
2026-09-18T14:20:05.218+03:00 [s1] [O] [SYS]   > [ECHO TX] text             local echo TX confirmed
2026-09-18T14:20:05.218+03:00 [s1] [O] [SYS]   < [ECHO RSSI/SNR Q%] text    matching echo reply received
2026-09-18T14:20:05.218+03:00 [s1] [O] [SYS]   [ECHO] NO RESPONSE           matching echo reply timed out
2026-09-18T14:20:05.218+03:00 [s1] [O] [SYS]   delivery retry details       TELEMETRY only
2026-09-18T14:20:05.218+03:00 [s1] [O] [SYS]   RSSI=dBm, SNR=dB, Q=rolling receive quality %
2026-09-18T14:20:05.263+03:00 [s1] [O] [SYS] HUMAN CONSOLE MODES:
2026-09-18T14:20:05.263+03:00 [s1] [O] [SYS]   CHAT       chat + SYSTEM
2026-09-18T14:20:05.263+03:00 [s1] [O] [SYS]   TELEMETRY  telemetry + SYSTEM
2026-09-18T14:20:05.263+03:00 [s1] [O] [SYS]   BOTH       chat + telemetry + SYSTEM
2026-09-18T14:20:05.263+03:00 [s1] [O] [SYS]   BLE 0004 machine telemetry is independent when subscribed
2026-09-18T14:20:05.263+03:00 [s1] [O] [SYS]   current=CHAT echo=OFF
2026-09-18T14:20:05.263+03:00 [s1] [O] [SYS] COMMANDS:
2026-09-18T14:20:05.263+03:00 [s1] [O] [SYS]   /help       show this help
2026-09-18T14:20:05.263+03:00 [s1] [O] [SYS]   /id         show node identity
2026-09-18T14:20:05.263+03:00 [s1] [O] [SYS]   /chat       human console CHAT
2026-09-18T14:20:05.263+03:00 [s1] [O] [SYS]   /tele       human console TELEMETRY
2026-09-18T14:20:05.263+03:00 [s1] [O] [SYS]   /both       human console BOTH
2026-09-18T14:20:05.263+03:00 [s1] [O] [SYS]   /echo       toggle echo mode
2026-09-18T14:20:05.267+03:00 [s2] [I] /help
2026-09-18T14:20:05.314+03:00 [s2] [O] 
2026-09-18T14:20:05.314+03:00 [s2] [O] [SYS] CHATTER HELP
2026-09-18T14:20:05.314+03:00 [s2] [O] [SYS] CHATTER NODE LoRa-Chatter-1B44
2026-09-18T14:20:05.314+03:00 [s2] [O] [SYS] CHAT OUTPUT:
2026-09-18T14:20:05.314+03:00 [s2] [O] [SYS]   > text                       local USER TX confirmed
2026-09-18T14:20:05.314+03:00 [s2] [O] [SYS]   < [RSSI/SNR Q%] text         USER received from peer
2026-09-18T14:20:05.314+03:00 [s2] [O] [SYS]   > [ECHO TX] text             local echo TX confirmed
2026-09-18T14:20:05.314+03:00 [s2] [O] [SYS]   < [ECHO RSSI/SNR Q%] text    matching echo reply received
2026-09-18T14:20:05.314+03:00 [s2] [O] [SYS]   [ECHO] NO RESPONSE           matching echo reply timed out
2026-09-18T14:20:05.314+03:00 [s2] [O] [SYS]   delivery retry details       TELEMETRY only
2026-09-18T14:20:05.314+03:00 [s2] [O] [SYS]   RSSI=dBm, SNR=dB, Q=rolling receive quality %
2026-09-18T14:20:05.358+03:00 [s2] [O] [SYS] HUMAN CONSOLE MODES:
2026-09-18T14:20:05.358+03:00 [s2] [O] [SYS]   CHAT       chat + SYSTEM
2026-09-18T14:20:05.358+03:00 [s2] [O] [SYS]   TELEMETRY  telemetry + SYSTEM
2026-09-18T14:20:05.358+03:00 [s2] [O] [SYS]   BOTH       chat + telemetry + SYSTEM
2026-09-18T14:20:05.358+03:00 [s2] [O] [SYS]   BLE 0004 machine telemetry is independent when subscribed
2026-09-18T14:20:05.358+03:00 [s2] [O] [SYS]   current=CHAT echo=OFF
2026-09-18T14:20:05.358+03:00 [s2] [O] [SYS] COMMANDS:
2026-09-18T14:20:05.358+03:00 [s2] [O] [SYS]   /help       show this help
2026-09-18T14:20:05.358+03:00 [s2] [O] [SYS]   /id         show node identity
2026-09-18T14:20:05.358+03:00 [s2] [O] [SYS]   /chat       human console CHAT
2026-09-18T14:20:05.358+03:00 [s2] [O] [SYS]   /tele       human console TELEMETRY
2026-09-18T14:20:05.358+03:00 [s2] [O] [SYS]   /both       human console BOTH
2026-09-18T14:20:05.358+03:00 [s2] [O] [SYS]   /echo       toggle echo mode
2026-09-18T14:20:05.465+03:00 [s1] [O] [SYS]   /cancel     stop current USER delivery/retries
2026-09-18T14:20:05.465+03:00 [s1] [O] [SYS]   /cancel all stop current USER and discard queued USERs
2026-09-18T14:20:05.465+03:00 [s1] [O] [SYS]   /reboot     reboot ESP32 controller
2026-09-18T14:20:05.465+03:00 [s1] [O] [SYS] RAW CONTROLS (HEX):
2026-09-18T14:20:05.465+03:00 [s1] [O] [SYS]   14 31=CHAT  14 32=TELEMETRY  14 33=BOTH  14 65=ECHO toggle
2026-09-18T14:20:05.560+03:00 [s2] [O] [SYS]   /cancel     stop current USER delivery/retries
2026-09-18T14:20:05.560+03:00 [s2] [O] [SYS]   /cancel all stop current USER and discard queued USERs
2026-09-18T14:20:05.560+03:00 [s2] [O] [SYS]   /reboot     reboot ESP32 controller
2026-09-18T14:20:05.560+03:00 [s2] [O] [SYS] RAW CONTROLS (HEX):
2026-09-18T14:20:05.560+03:00 [s2] [O] [SYS]   14 31=CHAT  14 32=TELEMETRY  14 33=BOTH  14 65=ECHO toggle
2026-09-18T14:20:12.193+03:00 [s3] [I] /id
2026-09-18T14:20:12.276+03:00 [s1] [O] [SYS] CHATTER NODE LoRa-Chatter-72E0
2026-09-18T14:20:12.283+03:00 [s3] [O] [SYS] CHATTER NODE LoRa-Chatter-72E0
2026-09-18T14:20:19.220+03:00 [s4] [I] /id
2026-09-18T14:20:19.310+03:00 [s4] [O] [SYS] CHATTER NODE LoRa-Chatter-1B44
2026-09-18T14:20:19.312+03:00 [s1] [I] /cancel all
2026-09-18T14:20:19.382+03:00 [s2] [O] [SYS] CHATTER NODE LoRa-Chatter-1B44
2026-09-18T14:20:19.393+03:00 [s3] [O] [SYS] DELIVERY CANCEL: nothing pending
2026-09-18T14:20:19.488+03:00 [s1] [O] [SYS] DELIVERY CANCEL: nothing pending
2026-09-18T14:20:19.489+03:00 [s2] [I] /cancel all
2026-09-18T14:20:19.534+03:00 [s4] [O] [SYS] DELIVERY CANCEL: nothing pending
2026-09-18T14:20:19.583+03:00 [s2] [O] [SYS] DELIVERY CANCEL: nothing pending
2026-09-18T14:20:19.583+03:00 [s2] [I] /chat
2026-09-18T14:20:19.623+03:00 [s4] [O] [SYS] OUTPUT CHAT
2026-09-18T14:20:19.783+03:00 [s2] [O] [SYS] OUTPUT CHAT
2026-09-18T14:20:19.784+03:00 [s1] [I] /both
2026-09-18T14:20:19.798+03:00 [s3] [O] 
2026-09-18T14:20:19.798+03:00 [s3] [O] OUTPUT MODE source=1 state=BOTH
2026-09-18T14:20:19.842+03:00 [s3] [O] [SYS] OUTPUT BOTH
2026-09-18T14:20:19.889+03:00 [s1] [O] 
2026-09-18T14:20:19.889+03:00 [s1] [O] OUTPUT MODE source=1 state=BOTH
2026-09-18T14:20:19.889+03:00 [s1] [O] [SYS] OUTPUT BOTH
2026-09-18T14:20:19.889+03:00 [s1] [I] CANCEL11_CURRENT_20260918T112019Z_XXXXXXXXXXXXXXXXXXXXXXXXXXXXXXXXXXXXXXXXXXXXXXXXXXXXXXXXXXXXXXXXXXXXXXXXXXXXXXXXXXXXXXXXXXXXXXXXXXXXXXXXXXXXXXXXXXXXXXXXXXXXXXXXXXXXXXXXXXXXXXXXXXXXXXXXXX
2026-09-18T14:20:19.933+03:00 [s3] [O] DELIVERY QUEUED source=1 bytes=188 waiting=1/8 in_flight=0
2026-09-18T14:20:20.089+03:00 [s1] [O] DELIVERY QUEUED source=1 bytes=188 waiting=1/8 in_flight=0
2026-09-18T14:20:20.090+03:00 [s3] [I] CANCEL11_QUEUE1_20260918T112019Z
2026-09-18T14:20:20.090+03:00 [s3] [I] CANCEL11_QUEUE2_20260918T112019Z
2026-09-18T14:20:27.177+03:00 [s3] [O] 
2026-09-18T14:20:27.180+03:00 [s3] [O] TX USER seq=4 frame=200B user=188B attempt=1/5 OK time=7220 ms
2026-09-18T14:20:27.187+03:00 [s3] [O] > CANCEL11_CURRENT_20260918T112019Z_XXXXXXXXXXXXXXXXXXXXXXXXXXXXXXXXXXXXXXXXXXXXXXXXXXXXXXXXXXXXXXXXXXXXXXXXXXXXXXXXXXXXXXXXXXXXXXXXXXXXXXXXXXXXXXXXXXXXXXXXXXXXXXXXXXXXXXXXXXXXXXXXXXXXXXXXXX
2026-09-18T14:20:27.190+03:00 [s3] [O] DELIVERY WAIT_ACK user=909C/4 attempt=1/5 timeout=1856ms queue=0
2026-09-18T14:20:27.193+03:00 [s2] [O] < [-17/+10 Q100] CANCEL11_CURRENT_20260918T112019Z_XXXXXXXXXXXXXXXXXXXXXXXXXXXXXXXXXXXXXXXXXXXXXXXXXXXXXXXXXXXXXXXXXXXXXXXXXXXXXXXXXXXXXXXXXXXXXXXXXXXXXXXXXXXXXXXXXXXXXXXXXXXXXXXXXXXXXXXXXXXXXXXXXXXXXXXXXX
2026-09-18T14:20:27.223+03:00 [s3] [O] DELIVERY QUEUED source=2 bytes=32 waiting=1/8 in_flight=1
2026-09-18T14:20:27.227+03:00 [s3] [O] DELIVERY QUEUED source=2 bytes=32 waiting=2/8 in_flight=1
2026-09-18T14:20:27.283+03:00 [s4] [O] < [-17/+10 Q100] CANCEL11_CURRENT_20260918T112019Z_XXXXXXXXXXXXXXXXXXXXXXXXXXXXXXXXXXXXXXXXXXXXXXXXXXXXXXXXXXXXXXXXXXXXXXXXXXXXXXXXXXXXXXXXXXXXXXXXXXXXXXXXXXXXXXXXXXXXXXXXXXXXXXXXXXXXXXXXXXXXXXXXXXXXXXXXXX
2026-09-18T14:20:27.298+03:00 [s1] [O] 
2026-09-18T14:20:27.298+03:00 [s1] [O] TX USER seq=4 frame=200B user=188B attempt=1/5 OK time=7220 ms
2026-09-18T14:20:27.298+03:00 [s1] [O] > CANCEL11_CURRENT_20260918T112019Z_XXXXXXXXXXXXXXXXXXXXXXXXXXXXXXXXXXXXXXXXXXXXXXXXXXXXXXXXXXXXXXXXXXXXXXXXXXXXXXXXXXXXXXXXXXXXXXXXXXXXXXXXXXXXXXXXXXXXXXXXXXXXXXXXXXXXXXXXXXXXXXXXXXXXXXXXXX
2026-09-18T14:20:27.298+03:00 [s1] [O] DELIVERY WAIT_ACK user=909C/4 attempt=1/5 timeout=1856ms queue=0
2026-09-18T14:20:27.298+03:00 [s1] [O] DELIVERY QUEUED source=2 bytes=32 waiting=1/8 in_flight=1
2026-09-18T14:20:27.298+03:00 [s1] [O] DELIVERY QUEUED source=2 bytes=32 waiting=2/8 in_flight=1
2026-09-18T14:20:27.299+03:00 [s3] [I] /cancel all
2026-09-18T14:20:27.403+03:00 [s3] [O] DELIVERY CANCEL user=909C/4 attempts=1 status=unknown queue_removed=2
2026-09-18T14:20:27.492+03:00 [s3] [O] [SYS] DELIVERY CANCELLED: status unknown; queue cleared
2026-09-18T14:20:27.499+03:00 [s1] [O] DELIVERY CANCEL user=909C/4 attempts=1 status=unknown queue_removed=2
2026-09-18T14:20:27.499+03:00 [s1] [O] [SYS] DELIVERY CANCELLED: status unknown; queue cleared
2026-09-18T14:20:28.573+03:00 [s3] [O] PEER_REPORT our_seq=4 RSSI=-17 dBm SNR=+10 dB Q=100%
2026-09-18T14:20:28.575+03:00 [s3] [O] 
2026-09-18T14:20:28.578+03:00 [s3] [O] RX ACK session=2ECB seq=4 ack_to=909C/4 frame=14B RSSI=-14.0 dBm SNR=+8.5 dB Q=100%
2026-09-18T14:20:28.583+03:00 [s3] [O] ACK UNMATCHED ack_to=909C/4 pending=none
2026-09-18T14:20:28.701+03:00 [s1] [O] PEER_REPORT our_seq=4 RSSI=-17 dBm SNR=+10 dB Q=100%
2026-09-18T14:20:28.701+03:00 [s1] [O] 
2026-09-18T14:20:28.701+03:00 [s1] [O] RX ACK session=2ECB seq=4 ack_to=909C/4 frame=14B RSSI=-14.0 dBm SNR=+8.5 dB Q=100%
2026-09-18T14:20:28.701+03:00 [s1] [O] ACK UNMATCHED ack_to=909C/4 pending=none
2026-09-18T14:20:42.838+03:00 [s3] [O] 
2026-09-18T14:20:42.843+03:00 [s3] [O] SESSION t=7860s TX ok=5 user=5 echo_req=0 echo_rep=0 hb=0(idle=0) err=0 started=5 RX ok=5 user=0 echo_req=0 echo_rep=0 hb=0 crc=0 hdr=0 bad=1 readerr=0 reports=5 Q=100% drops=0 fatal=0
2026-09-18T14:20:42.890+03:00 [s3] [O] SESSION COURTESY window=9123ms peer_release=0 expired=0 yielding=0
2026-09-18T14:20:42.896+03:00 [s3] [O] SESSION DIO0_TX affected=0/5 episodes=0 avg_all=0.00 avg_affected=0.00 high_polls=0
2026-09-18T14:20:42.922+03:00 [s1] [O] 
2026-09-18T14:20:42.922+03:00 [s1] [O] SESSION t=7860s TX ok=5 user=5 echo_req=0 echo_rep=0 hb=0(idle=0) err=0 started=5 RX ok=5 user=0 echo_req=0 echo_rep=0 hb=0 crc=0 hdr=0 bad=1 readerr=0 reports=5 Q=100% drops=0 fatal=0
2026-09-18T14:20:42.922+03:00 [s1] [O] SESSION COURTESY window=9123ms peer_release=0 expired=0 yielding=0
2026-09-18T14:20:42.922+03:00 [s1] [O] SESSION DIO0_TX affected=0/5 episodes=0 avg_all=0.00 avg_affected=0.00 high_polls=0
2026-09-18T14:20:42.922+03:00 [s1] [O] SESSION RX_POLL polls=7824999 rxdone=6 interval=1000us DIO0_RX false_high_ep=0 high_polls=0 rxdone_low=0 isr=disabled
2026-09-18T14:20:42.975+03:00 [s3] [O] SESSION RX_POLL polls=7824999 rxdone=6 interval=1000us DIO0_RX false_high_ep=0 high_polls=0 rxdone_low=0 isr=disabled
2026-09-18T14:20:57.577+03:00 [s1] [I] /cancel all
2026-09-18T14:20:57.578+03:00 [s1] [I] /chat
2026-09-18T14:20:57.578+03:00 [s2] [I] /chat
2026-09-18T14:20:57.598+03:00 [s3] [O] DELIVERY CANCEL ALL pending=none queue_removed=0
2026-09-18T14:20:57.602+03:00 [s3] [O] [SYS] DELIVERY CANCEL: nothing pending
2026-09-18T14:20:57.604+03:00 [s3] [O] [SYS] OUTPUT CHAT
2026-09-18T14:20:57.638+03:00 [s2] [O] [SYS] OUTPUT CHAT
2026-09-18T14:20:57.743+03:00 [s1] [O] DELIVERY CANCEL ALL pending=none queue_removed=0
2026-09-18T14:20:57.743+03:00 [s1] [O] [SYS] DELIVERY CANCEL: nothing pending
2026-09-18T14:20:57.743+03:00 [s1] [O] [SYS] OUTPUT CHAT
