2026-09-18T03:25:43.001+03:00 [s1] [O] [SYS] CHATTER NODE LoRa-Chatter-1B44
2026-09-18T03:25:49.844+03:00 [s2] [O] [SYS] CHATTER NODE LoRa-Chatter-72E0
2026-09-18T03:26:22.696+03:00 [s1] [I] /chat
2026-09-18T03:26:22.697+03:00 [s2] [I] /chat
2026-09-18T03:26:22.778+03:00 [s1] [O] [SYS] OUTPUT CHAT
2026-09-18T03:26:22.784+03:00 [s2] [O] [SYS] OUTPUT CHAT
2026-09-18T03:26:49.922+03:00 [s1] [I] /help
2026-09-18T03:26:49.922+03:00 [s2] [I] /help
2026-09-18T03:26:50.009+03:00 [s2] [O] 
2026-09-18T03:26:50.009+03:00 [s2] [O] [SYS] CHATTER HELP
2026-09-18T03:26:50.009+03:00 [s2] [O] [SYS] CHATTER NODE LoRa-Chatter-72E0
2026-09-18T03:26:50.009+03:00 [s2] [O] [SYS] CHAT OUTPUT:
2026-09-18T03:26:50.013+03:00 [s2] [O] [SYS]   > text                       local USER TX confirmed
2026-09-18T03:26:50.014+03:00 [s2] [O] [SYS]   < [RSSI/SNR Q%] text         USER received from peer
2026-09-18T03:26:50.017+03:00 [s2] [O] [SYS]   > [ECHO TX] text             local echo TX confirmed
2026-09-18T03:26:50.020+03:00 [s2] [O] [SYS]   < [ECHO RSSI/SNR Q%] text    matching echo reply received
2026-09-18T03:26:50.048+03:00 [s1] [O] 
2026-09-18T03:26:50.048+03:00 [s1] [O] [SYS] CHATTER HELP
2026-09-18T03:26:50.051+03:00 [s1] [O] [SYS] CHATTER NODE LoRa-Chatter-1B44
2026-09-18T03:26:50.055+03:00 [s2] [O] [SYS]   [ECHO] NO RESPONSE           matching echo reply timed out
2026-09-18T03:26:50.056+03:00 [s2] [O] [SYS]   delivery retry details       TELEMETRY only
2026-09-18T03:26:50.061+03:00 [s2] [O] [SYS]   RSSI=dBm, SNR=dB, Q=rolling receive quality %
2026-09-18T03:26:50.061+03:00 [s2] [O] [SYS] HUMAN CONSOLE MODES:
2026-09-18T03:26:50.094+03:00 [s1] [O] [SYS] CHAT OUTPUT:
2026-09-18T03:26:50.099+03:00 [s2] [O] [SYS]   CHAT       chat + SYSTEM
2026-09-18T03:26:50.100+03:00 [s2] [O] [SYS]   TELEMETRY  telemetry + SYSTEM
2026-09-18T03:26:50.101+03:00 [s2] [O] [SYS]   BOTH       chat + telemetry + SYSTEM
2026-09-18T03:26:50.104+03:00 [s2] [O] [SYS]   BLE 0004 machine telemetry is independent when subscribed
2026-09-18T03:26:50.105+03:00 [s2] [O] [SYS]   current=CHAT echo=OFF
2026-09-18T03:26:50.106+03:00 [s2] [O] [SYS] COMMANDS:
2026-09-18T03:26:50.107+03:00 [s2] [O] [SYS]   /help       show this help
2026-09-18T03:26:50.108+03:00 [s2] [O] [SYS]   /id         show node identity
2026-09-18T03:26:50.110+03:00 [s2] [O] [SYS]   /chat       human console CHAT
2026-09-18T03:26:50.142+03:00 [s1] [O] [SYS]   > text                       local USER TX confirmed
2026-09-18T03:26:50.144+03:00 [s2] [O] [SYS]   /tele       human console TELEMETRY
2026-09-18T03:26:50.144+03:00 [s2] [O] [SYS]   /both       human console BOTH
2026-09-18T03:26:50.146+03:00 [s2] [O] [SYS]   /echo       toggle echo mode
2026-09-18T03:26:50.148+03:00 [s2] [O] [SYS]   /cancel     stop current USER delivery/retries
2026-09-18T03:26:50.151+03:00 [s2] [O] [SYS]   /cancel all stop current USER and discard queued USERs
2026-09-18T03:26:50.184+03:00 [s1] [O] [SYS]   < [RSSI/SNR Q%] text         USER received from peer
2026-09-18T03:26:50.188+03:00 [s2] [O] [SYS]   /reboot     reboot ESP32 controller
2026-09-18T03:26:50.189+03:00 [s2] [O] [SYS] RAW CONTROLS (HEX):
2026-09-18T03:26:50.192+03:00 [s2] [O] [SYS]   14 31=CHAT  14 32=TELEMETRY  14 33=BOTH  14 65=ECHO toggle
2026-09-18T03:26:50.193+03:00 [s2] [O] [SYS] ANDROID BLE TERMINAL MACROS:
2026-09-18T03:26:50.196+03:00 [s2] [O] [SYS]   HEX macro, no EOL: 14 31 / 14 32 / 14 33 / 14 65
2026-09-18T03:26:50.230+03:00 [s1] [O] [SYS]   > [ECHO TX] text             local echo TX confirmed
2026-09-18T03:26:50.233+03:00 [s2] [O] [SYS]   or TEXT macro + LF: /help /id /chat /tele /both /echo /cancel /cancel all /reboot
2026-09-18T03:26:50.237+03:00 [s2] [O] [SYS]   Nordic UART human console=0003; machine telemetry=0004 optional
2026-09-18T03:26:50.240+03:00 [s2] [O] [SYS] BLE CLIENT: machine telemetry 0004 subscribed in background
2026-09-18T03:26:50.276+03:00 [s1] [O] [SYS]   < [ECHO RSSI/SNR Q%] text    matching echo reply received
2026-09-18T03:26:50.321+03:00 [s1] [O] [SYS]   [ECHO] NO RESPONSE           matching echo reply timed out
2026-09-18T03:26:50.366+03:00 [s1] [O] [SYS]   delivery retry details       TELEMETRY only
2026-09-18T03:26:50.412+03:00 [s1] [O] [SYS]   RSSI=dBm, SNR=dB, Q=rolling receive quality %
2026-09-18T03:26:50.454+03:00 [s1] [O] [SYS] HUMAN CONSOLE MODES:
2026-09-18T03:26:50.499+03:00 [s1] [O] [SYS]   CHAT       chat + SYSTEM
2026-09-18T03:26:50.501+03:00 [s1] [O] [SYS]   TELEMETRY  telemetry + SYSTEM
2026-09-18T03:26:50.546+03:00 [s1] [O] [SYS]   BOTH       chat + telemetry + SYSTEM
2026-09-18T03:26:50.590+03:00 [s1] [O] [SYS]   BLE 0004 machine telemetry is independent when subscribed
2026-09-18T03:26:50.633+03:00 [s1] [O] [SYS]   current=CHAT echo=OFF
2026-09-18T03:26:50.634+03:00 [s1] [O] [SYS] COMMANDS:
2026-09-18T03:26:50.679+03:00 [s1] [O] [SYS]   /help       show this help
2026-09-18T03:26:50.681+03:00 [s1] [O] [SYS]   /id         show node identity
2026-09-18T03:26:50.724+03:00 [s1] [O] [SYS]   /chat       human console CHAT
2026-09-18T03:26:50.770+03:00 [s1] [O] [SYS]   /tele       human console TELEMETRY
2026-09-18T03:26:50.814+03:00 [s1] [O] [SYS]   /both       human console BOTH
2026-09-18T03:26:50.858+03:00 [s1] [O] [SYS]   /echo       toggle echo mode
2026-09-18T03:26:50.903+03:00 [s1] [O] [SYS]   /cancel     stop current USER delivery/retries
2026-09-18T03:26:50.949+03:00 [s1] [O] [SYS]   /cancel all stop current USER and discard queued USERs
2026-09-18T03:26:50.993+03:00 [s1] [O] [SYS]   /reboot     reboot ESP32 controller
2026-09-18T03:26:50.995+03:00 [s1] [O] [SYS] RAW CONTROLS (HEX):
2026-09-18T03:26:51.041+03:00 [s1] [O] [SYS]   14 31=CHAT  14 32=TELEMETRY  14 33=BOTH  14 65=ECHO toggle
2026-09-18T03:26:51.084+03:00 [s1] [O] [SYS] ANDROID BLE TERMINAL MACROS:
2026-09-18T03:26:51.130+03:00 [s1] [O] [SYS]   HEX macro, no EOL: 14 31 / 14 32 / 14 33 / 14 65
2026-09-18T03:26:51.219+03:00 [s1] [O] [SYS]   or TEXT macro + LF: /help /id /chat /tele /both /echo /cancel /cancel all /reboot
2026-09-18T03:26:51.265+03:00 [s1] [O] [SYS]   Nordic UART human console=0003; machine telemetry=0004 optional
2026-09-18T03:26:51.268+03:00 [s1] [O] [SYS] BLE CLIENT: machine telemetry 0004 subscribed in background
2026-09-18T03:27:18.254+03:00 [s2] [I] /help
2026-09-18T03:27:18.255+03:00 [s1] [I] /help
2026-09-18T03:27:18.311+03:00 [s1] [O] 
2026-09-18T03:27:18.311+03:00 [s1] [O] [SYS] CHATTER HELP
2026-09-18T03:27:18.311+03:00 [s1] [O] [SYS] CHATTER NODE LoRa-Chatter-1B44
2026-09-18T03:27:18.313+03:00 [s2] [O] 
2026-09-18T03:27:18.313+03:00 [s2] [O] [SYS] CHATTER HELP
2026-09-18T03:27:18.314+03:00 [s2] [O] [SYS] CHATTER NODE LoRa-Chatter-72E0
2026-09-18T03:27:18.314+03:00 [s2] [O] [SYS] CHAT OUTPUT:
2026-09-18T03:27:18.318+03:00 [s2] [O] [SYS]   > text                       local USER TX confirmed
2026-09-18T03:27:18.320+03:00 [s2] [O] [SYS]   < [RSSI/SNR Q%] text         USER received from peer
2026-09-18T03:27:18.322+03:00 [s2] [O] [SYS]   > [ECHO TX] text             local echo TX confirmed
2026-09-18T03:27:18.324+03:00 [s2] [O] [SYS]   < [ECHO RSSI/SNR Q%] text    matching echo reply received
2026-09-18T03:27:18.354+03:00 [s1] [O] [SYS] CHAT OUTPUT:
2026-09-18T03:27:18.361+03:00 [s2] [O] [SYS]   [ECHO] NO RESPONSE           matching echo reply timed out
2026-09-18T03:27:18.365+03:00 [s2] [O] [SYS]   delivery retry details       TELEMETRY only
2026-09-18T03:27:18.367+03:00 [s2] [O] [SYS]   RSSI=dBm, SNR=dB, Q=rolling receive quality %
2026-09-18T03:27:18.368+03:00 [s2] [O] [SYS] HUMAN CONSOLE MODES:
2026-09-18T03:27:18.368+03:00 [s2] [O] [SYS]   CHAT       chat + SYSTEM
2026-09-18T03:27:18.368+03:00 [s2] [O] [SYS]   TELEMETRY  telemetry + SYSTEM
2026-09-18T03:27:18.400+03:00 [s1] [O] [SYS]   > text                       local USER TX confirmed
2026-09-18T03:27:18.403+03:00 [s2] [O] [SYS]   BOTH       chat + telemetry + SYSTEM
2026-09-18T03:27:18.407+03:00 [s2] [O] [SYS]   BLE 0004 machine telemetry is independent when subscribed
2026-09-18T03:27:18.408+03:00 [s2] [O] [SYS]   current=CHAT echo=OFF
2026-09-18T03:27:18.408+03:00 [s2] [O] [SYS] COMMANDS:
2026-09-18T03:27:18.410+03:00 [s2] [O] [SYS]   /help       show this help
2026-09-18T03:27:18.411+03:00 [s2] [O] [SYS]   /id         show node identity
2026-09-18T03:27:18.415+03:00 [s2] [O] [SYS]   /chat       human console CHAT
2026-09-18T03:27:18.444+03:00 [s1] [O] [SYS]   < [RSSI/SNR Q%] text         USER received from peer
2026-09-18T03:27:18.450+03:00 [s2] [O] [SYS]   /tele       human console TELEMETRY
2026-09-18T03:27:18.450+03:00 [s2] [O] [SYS]   /both       human console BOTH
2026-09-18T03:27:18.451+03:00 [s2] [O] [SYS]   /echo       toggle echo mode
2026-09-18T03:27:18.453+03:00 [s2] [O] [SYS]   /cancel     stop current USER delivery/retries
2026-09-18T03:27:18.456+03:00 [s2] [O] [SYS]   /cancel all stop current USER and discard queued USERs
2026-09-18T03:27:18.489+03:00 [s1] [O] [SYS]   > [ECHO TX] text             local echo TX confirmed
2026-09-18T03:27:18.493+03:00 [s2] [O] [SYS]   /reboot     reboot ESP32 controller
2026-09-18T03:27:18.494+03:00 [s2] [O] [SYS] RAW CONTROLS (HEX):
2026-09-18T03:27:18.498+03:00 [s2] [O] [SYS]   14 31=CHAT  14 32=TELEMETRY  14 33=BOTH  14 65=ECHO toggle
2026-09-18T03:27:18.498+03:00 [s2] [O] [SYS] ANDROID BLE TERMINAL MACROS:
2026-09-18T03:27:18.499+03:00 [s2] [O] [SYS]   HEX macro, no EOL: 14 31 / 14 32 / 14 33 / 14 65
2026-09-18T03:27:18.534+03:00 [s1] [O] [SYS]   < [ECHO RSSI/SNR Q%] text    matching echo reply received
2026-09-18T03:27:18.538+03:00 [s2] [O] [SYS]   or TEXT macro + LF: /help /id /chat /tele /both /echo /cancel /cancel all /reboot
2026-09-18T03:27:18.540+03:00 [s2] [O] [SYS]   Nordic UART human console=0003; machine telemetry=0004 optional
2026-09-18T03:27:18.542+03:00 [s2] [O] [SYS] BLE CLIENT: machine telemetry 0004 subscribed in background
2026-09-18T03:27:18.578+03:00 [s1] [O] [SYS]   [ECHO] NO RESPONSE           matching echo reply timed out
2026-09-18T03:27:18.669+03:00 [s1] [O] [SYS]   delivery retry details       TELEMETRY only
2026-09-18T03:27:18.713+03:00 [s1] [O] [SYS]   RSSI=dBm, SNR=dB, Q=rolling receive quality %
2026-09-18T03:27:18.759+03:00 [s1] [O] [SYS] HUMAN CONSOLE MODES:
2026-09-18T03:27:18.759+03:00 [s1] [O] [SYS]   CHAT       chat + SYSTEM
2026-09-18T03:27:18.803+03:00 [s1] [O] [SYS]   TELEMETRY  telemetry + SYSTEM
2026-09-18T03:27:18.849+03:00 [s1] [O] [SYS]   BOTH       chat + telemetry + SYSTEM
2026-09-18T03:27:18.893+03:00 [s1] [O] [SYS]   BLE 0004 machine telemetry is independent when subscribed
2026-09-18T03:27:18.893+03:00 [s1] [O] [SYS]   current=CHAT echo=OFF
2026-09-18T03:27:18.894+03:00 [s1] [O] [SYS] COMMANDS:
2026-09-18T03:27:18.939+03:00 [s1] [O] [SYS]   /help       show this help
2026-09-18T03:27:18.986+03:00 [s1] [O] [SYS]   /id         show node identity
2026-09-18T03:27:18.988+03:00 [s1] [O] [SYS]   /chat       human console CHAT
2026-09-18T03:27:19.028+03:00 [s1] [O] [SYS]   /tele       human console TELEMETRY
2026-09-18T03:27:19.073+03:00 [s1] [O] [SYS]   /both       human console BOTH
2026-09-18T03:27:19.074+03:00 [s1] [O] [SYS]   /echo       toggle echo mode
2026-09-18T03:27:19.120+03:00 [s1] [O] [SYS]   /cancel     stop current USER delivery/retries
2026-09-18T03:27:19.209+03:00 [s1] [O] [SYS]   /cancel all stop current USER and discard queued USERs
2026-09-18T03:27:19.210+03:00 [s1] [O] [SYS]   /reboot     reboot ESP32 controller
2026-09-18T03:27:19.253+03:00 [s1] [O] [SYS] RAW CONTROLS (HEX):
2026-09-18T03:27:19.303+03:00 [s1] [O] [SYS]   14 31=CHAT  14 32=TELEMETRY  14 33=BOTH  14 65=ECHO toggle
2026-09-18T03:27:19.344+03:00 [s1] [O] [SYS] ANDROID BLE TERMINAL MACROS:
2026-09-18T03:27:19.389+03:00 [s1] [O] [SYS]   HEX macro, no EOL: 14 31 / 14 32 / 14 33 / 14 65
2026-09-18T03:27:19.478+03:00 [s1] [O] [SYS]   or TEXT macro + LF: /help /id /chat /tele /both /echo /cancel /cancel all /reboot
2026-09-18T03:27:19.523+03:00 [s1] [O] [SYS]   Nordic UART human console=0003; machine telemetry=0004 optional
2026-09-18T03:27:19.568+03:00 [s1] [O] [SYS] BLE CLIENT: machine telemetry 0004 subscribed in background
2026-09-18T03:27:45.302+03:00 [s1] [I] /help
2026-09-18T03:27:45.302+03:00 [s2] [I] /help
2026-09-18T03:27:45.354+03:00 [s1] [O] 
2026-09-18T03:27:45.354+03:00 [s1] [O] [SYS] CHATTER HELP
2026-09-18T03:27:45.356+03:00 [s1] [O] [SYS] CHATTER NODE LoRa-Chatter-1B44
2026-09-18T03:27:45.358+03:00 [s2] [O] 
2026-09-18T03:27:45.358+03:00 [s2] [O] [SYS] CHATTER HELP
2026-09-18T03:27:45.359+03:00 [s2] [O] [SYS] CHATTER NODE LoRa-Chatter-72E0
2026-09-18T03:27:45.361+03:00 [s2] [O] [SYS] CHAT OUTPUT:
2026-09-18T03:27:45.365+03:00 [s2] [O] [SYS]   > text                       local USER TX confirmed
2026-09-18T03:27:45.369+03:00 [s2] [O] [SYS]   < [RSSI/SNR Q%] text         USER received from peer
2026-09-18T03:27:45.371+03:00 [s2] [O] [SYS]   > [ECHO TX] text             local echo TX confirmed
2026-09-18T03:27:45.373+03:00 [s2] [O] [SYS]   < [ECHO RSSI/SNR Q%] text    matching echo reply received
2026-09-18T03:27:45.400+03:00 [s1] [O] [SYS] CHAT OUTPUT:
2026-09-18T03:27:45.407+03:00 [s2] [O] [SYS]   [ECHO] NO RESPONSE           matching echo reply timed out
2026-09-18T03:27:45.407+03:00 [s2] [O] [SYS]   delivery retry details       TELEMETRY only
2026-09-18T03:27:45.410+03:00 [s2] [O] [SYS]   RSSI=dBm, SNR=dB, Q=rolling receive quality %
2026-09-18T03:27:45.410+03:00 [s2] [O] [SYS] HUMAN CONSOLE MODES:
2026-09-18T03:27:45.411+03:00 [s2] [O] [SYS]   CHAT       chat + SYSTEM
2026-09-18T03:27:45.412+03:00 [s2] [O] [SYS]   TELEMETRY  telemetry + SYSTEM
2026-09-18T03:27:45.444+03:00 [s1] [O] [SYS]   > text                       local USER TX confirmed
2026-09-18T03:27:45.448+03:00 [s2] [O] [SYS]   BOTH       chat + telemetry + SYSTEM
2026-09-18T03:27:45.489+03:00 [s1] [O] [SYS]   < [RSSI/SNR Q%] text         USER received from peer
2026-09-18T03:27:45.494+03:00 [s2] [O] [SYS]   BLE 0004 machine telemetry is independent when subscribed
2026-09-18T03:27:45.494+03:00 [s2] [O] [SYS]   current=CHAT echo=OFF
2026-09-18T03:27:45.497+03:00 [s2] [O] [SYS] COMMANDS:
2026-09-18T03:27:45.498+03:00 [s2] [O] [SYS]   /help       show this help
2026-09-18T03:27:45.499+03:00 [s2] [O] [SYS]   /id         show node identity
2026-09-18T03:27:45.499+03:00 [s2] [O] [SYS]   /chat       human console CHAT
2026-09-18T03:27:45.502+03:00 [s2] [O] [SYS]   /tele       human console TELEMETRY
2026-09-18T03:27:45.504+03:00 [s2] [O] [SYS]   /both       human console BOTH
2026-09-18T03:27:45.506+03:00 [s2] [O] [SYS]   /echo       toggle echo mode
2026-09-18T03:27:45.506+03:00 [s2] [O] [SYS]   /cancel     stop current USER delivery/retries
2026-09-18T03:27:45.507+03:00 [s2] [O] [SYS]   /cancel all stop current USER and discard queued USERs
2026-09-18T03:27:45.534+03:00 [s1] [O] [SYS]   > [ECHO TX] text             local echo TX confirmed
2026-09-18T03:27:45.538+03:00 [s2] [O] [SYS]   /reboot     reboot ESP32 controller
2026-09-18T03:27:45.541+03:00 [s2] [O] [SYS] RAW CONTROLS (HEX):
2026-09-18T03:27:45.543+03:00 [s2] [O] [SYS]   14 31=CHAT  14 32=TELEMETRY  14 33=BOTH  14 65=ECHO toggle
2026-09-18T03:27:45.543+03:00 [s2] [O] [SYS] ANDROID BLE TERMINAL MACROS:
2026-09-18T03:27:45.545+03:00 [s2] [O] [SYS]   HEX macro, no EOL: 14 31 / 14 32 / 14 33 / 14 65
2026-09-18T03:27:45.579+03:00 [s1] [O] [SYS]   < [ECHO RSSI/SNR Q%] text    matching echo reply received
2026-09-18T03:27:45.586+03:00 [s2] [O] [SYS]   or TEXT macro + LF: /help /id /chat /tele /both /echo /cancel /cancel all /reboot
2026-09-18T03:27:45.590+03:00 [s2] [O] [SYS]   Nordic UART human console=0003; machine telemetry=0004 optional
2026-09-18T03:27:45.592+03:00 [s2] [O] [SYS] BLE CLIENT: machine telemetry 0004 subscribed in background
2026-09-18T03:27:45.623+03:00 [s1] [O] [SYS]   [ECHO] NO RESPONSE           matching echo reply timed out
2026-09-18T03:27:45.669+03:00 [s1] [O] [SYS]   delivery retry details       TELEMETRY only
2026-09-18T03:27:45.714+03:00 [s1] [O] [SYS]   RSSI=dBm, SNR=dB, Q=rolling receive quality %
2026-09-18T03:27:45.759+03:00 [s1] [O] [SYS] HUMAN CONSOLE MODES:
2026-09-18T03:27:45.761+03:00 [s1] [O] [SYS]   CHAT       chat + SYSTEM
2026-09-18T03:27:45.804+03:00 [s1] [O] [SYS]   TELEMETRY  telemetry + SYSTEM
2026-09-18T03:27:45.848+03:00 [s1] [O] [SYS]   BOTH       chat + telemetry + SYSTEM
2026-09-18T03:27:45.893+03:00 [s1] [O] [SYS]   BLE 0004 machine telemetry is independent when subscribed
2026-09-18T03:27:45.894+03:00 [s1] [O] [SYS]   current=CHAT echo=OFF
2026-09-18T03:27:45.895+03:00 [s1] [O] [SYS] COMMANDS:
2026-09-18T03:27:45.940+03:00 [s1] [O] [SYS]   /help       show this help
2026-09-18T03:27:45.984+03:00 [s1] [O] [SYS]   /id         show node identity
2026-09-18T03:27:45.986+03:00 [s1] [O] [SYS]   /chat       human console CHAT
2026-09-18T03:27:46.030+03:00 [s1] [O] [SYS]   /tele       human console TELEMETRY
2026-09-18T03:27:46.074+03:00 [s1] [O] [SYS]   /both       human console BOTH
2026-09-18T03:27:46.076+03:00 [s1] [O] [SYS]   /echo       toggle echo mode
2026-09-18T03:27:46.121+03:00 [s1] [O] [SYS]   /cancel     stop current USER delivery/retries
2026-09-18T03:27:46.209+03:00 [s1] [O] [SYS]   /cancel all stop current USER and discard queued USERs
2026-09-18T03:27:46.212+03:00 [s1] [O] [SYS]   /reboot     reboot ESP32 controller
2026-09-18T03:27:46.254+03:00 [s1] [O] [SYS] RAW CONTROLS (HEX):
2026-09-18T03:27:46.299+03:00 [s1] [O] [SYS]   14 31=CHAT  14 32=TELEMETRY  14 33=BOTH  14 65=ECHO toggle
2026-09-18T03:27:46.344+03:00 [s1] [O] [SYS] ANDROID BLE TERMINAL MACROS:
2026-09-18T03:27:46.389+03:00 [s1] [O] [SYS]   HEX macro, no EOL: 14 31 / 14 32 / 14 33 / 14 65
2026-09-18T03:27:46.436+03:00 [s1] [O] [SYS]   or TEXT macro + LF: /help /id /chat /tele /both /echo /cancel /cancel all /reboot
2026-09-18T03:27:46.523+03:00 [s1] [O] [SYS]   Nordic UART human console=0003; machine telemetry=0004 optional
2026-09-18T03:27:46.570+03:00 [s1] [O] [SYS] BLE CLIENT: machine telemetry 0004 subscribed in background
