2026-09-26T23:44:11.315+03:00 [s1] [O] [SYS] CHATTER NODE LoRa-Chatter-1B44
2026-09-26T23:44:16.180+03:00 [s2] [O] [SYS] CHATTER NODE LoRa-Chatter-72E0
2026-09-26T23:44:22.265+03:00 [s1] [I] /id
2026-09-26T23:44:22.266+03:00 [s1] [I] /version
2026-09-26T23:44:22.266+03:00 [s1] [I] /config
2026-09-26T23:44:22.267+03:00 [s2] [I] /id
2026-09-26T23:44:22.268+03:00 [s2] [I] /version
2026-09-26T23:44:22.269+03:00 [s2] [I] /config
2026-09-26T23:44:22.339+03:00 [s1] [O] [SYS] CHATTER NODE LoRa-Chatter-1B44
2026-09-26T23:44:22.343+03:00 [s2] [O] [SYS] CHATTER NODE LoRa-Chatter-72E0
2026-09-26T23:44:22.347+03:00 [s2] [O] [SYS] FIRMWARE Chatter git=b76ffa04ab47a3f344b8270159ab274256f6ff62 state=dirty env=esp32-s3-n16r8
2026-09-26T23:44:22.352+03:00 [s2] [O] [SYS] FIRMWARE IMAGE validation_sha256=5b197539057946356cb9b379aafaaaef9487b501452d5c50c6adc9abc6aeea88 status=OK slot=0
2026-09-26T23:44:22.357+03:00 [s2] [O] [SYS] BUILD META toolchain_sha256=a087c73c0094f7d5c7bce96d3b44b5349361527190730cac76aaf8087289bbfb pio=6.2.0
2026-09-26T23:44:22.357+03:00 [s2] [O] [SYS] CFG schema=2 storage=NVS freq_oob=OFF
2026-09-26T23:44:22.359+03:00 [s2] [O] [SYS] CFG RADIO power=2 dBm freq=470 MHz sf=12 bw=500 kHz
2026-09-26T23:44:22.361+03:00 [s2] [O] [SYS] CFG LINK heartbeat=OFF retry=ON attempts=5 diag=OFF
2026-09-26T23:44:22.430+03:00 [s1] [O] [SYS] FIRMWARE Chatter git=b76ffa04ab47a3f344b8270159ab274256f6ff62 state=dirty env=esp32-s3-n16r8
2026-09-26T23:44:22.522+03:00 [s1] [O] [SYS] FIRMWARE IMAGE validation_sha256=5b197539057946356cb9b379aafaaaef9487b501452d5c50c6adc9abc6aeea88 status=OK slot=0
2026-09-26T23:44:22.610+03:00 [s1] [O] [SYS] BUILD META toolchain_sha256=a087c73c0094f7d5c7bce96d3b44b5349361527190730cac76aaf8087289bbfb pio=6.2.0
2026-09-26T23:44:22.656+03:00 [s1] [O] [SYS] CFG schema=2 storage=NVS freq_oob=OFF
2026-09-26T23:44:22.657+03:00 [s1] [O] [SYS] CFG RADIO power=2 dBm freq=470 MHz sf=12 bw=500 kHz
2026-09-26T23:44:22.746+03:00 [s1] [O] [SYS] CFG LINK heartbeat=OFF retry=ON attempts=5 diag=OFF
2026-09-26T23:45:04.402+03:00 [s1] [I] /id
2026-09-26T23:45:04.403+03:00 [s2] [I] /id
2026-09-26T23:45:04.462+03:00 [s2] [O] [SYS] CHATTER NODE LoRa-Chatter-72E0
2026-09-26T23:45:04.683+03:00 [s1] [O] [SYS] CHATTER NODE LoRa-Chatter-1B44
2026-09-26T23:46:01.694+03:00 [s1] [I] /heartbeat off
2026-09-26T23:46:01.695+03:00 [s1] [I] /diag off
2026-09-26T23:46:01.696+03:00 [s1] [I] /echo-loop stop
2026-09-26T23:46:01.697+03:00 [s2] [I] /heartbeat off
2026-09-26T23:46:01.697+03:00 [s2] [I] /diag off
2026-09-26T23:46:01.697+03:00 [s2] [I] /echo-loop stop
2026-09-26T23:46:01.830+03:00 [s1] [O] [SYS] HEARTBEAT OFF
2026-09-26T23:46:01.832+03:00 [s1] [O] [SYS] DIAG already OFF
2026-09-26T23:46:01.833+03:00 [s1] [O] [SYS] ECHO LOOP already stopped
2026-09-26T23:46:01.834+03:00 [s2] [O] [SYS] HEARTBEAT OFF
2026-09-26T23:46:01.836+03:00 [s2] [O] [SYS] DIAG already OFF
2026-09-26T23:46:01.837+03:00 [s2] [O] [SYS] ECHO LOOP already stopped
2026-09-26T23:46:31.742+03:00 [s1] [I] /cancel all
2026-09-26T23:46:31.743+03:00 [s1] [I] /power 2
2026-09-26T23:46:31.744+03:00 [s1] [I] /freq 470
2026-09-26T23:46:31.745+03:00 [s2] [I] /cancel all
2026-09-26T23:46:31.746+03:00 [s2] [I] /power 2
2026-09-26T23:46:31.746+03:00 [s2] [I] /freq 470
2026-09-26T23:46:31.802+03:00 [s1] [O] [SYS] DELIVERY CANCEL: nothing pending
2026-09-26T23:46:31.804+03:00 [s1] [O] [SYS] POWER 2 dBm SAVED
2026-09-26T23:46:31.804+03:00 [s1] [O] [SYS] FREQ 470 MHz SAVED
2026-09-26T23:46:31.853+03:00 [s2] [O] [SYS] DELIVERY CANCEL: nothing pending
2026-09-26T23:46:31.855+03:00 [s2] [O] [SYS] POWER 2 dBm SAVED
2026-09-26T23:46:31.855+03:00 [s2] [O] [SYS] FREQ 470 MHz SAVED
2026-09-26T23:46:59.687+03:00 [s1] [I] /sf 7
2026-09-26T23:46:59.742+03:00 [s1] [O] [SYS] SF 7 SAVED
2026-09-26T23:47:26.408+03:00 [s2] [I] /sf 7
2026-09-26T23:47:26.476+03:00 [s2] [O] [SYS] SF 7 SAVED
2026-09-26T23:47:56.411+03:00 [s1] [I] /config
2026-09-26T23:47:56.412+03:00 [s2] [I] /config
2026-09-26T23:47:56.495+03:00 [s2] [O] [SYS] CFG schema=2 storage=NVS freq_oob=OFF
2026-09-26T23:47:56.496+03:00 [s2] [O] [SYS] CFG RADIO power=2 dBm freq=470 MHz sf=7 bw=500 kHz
2026-09-26T23:47:56.497+03:00 [s2] [O] [SYS] CFG LINK heartbeat=OFF retry=ON attempts=5 diag=OFF
2026-09-26T23:47:56.533+03:00 [s1] [O] [SYS] CFG schema=2 storage=NVS freq_oob=OFF
2026-09-26T23:47:56.576+03:00 [s1] [O] [SYS] CFG RADIO power=2 dBm freq=470 MHz sf=7 bw=500 kHz
2026-09-26T23:47:56.620+03:00 [s1] [O] [SYS] CFG LINK heartbeat=OFF retry=ON attempts=5 diag=OFF
2026-09-26T23:48:30.726+03:00 [s1] [I] A
2026-09-26T23:48:30.823+03:00 [s1] [O] > A
2026-09-26T23:48:30.872+03:00 [s2] [O] < [-42/-0 Q100] A
2026-09-26T23:49:52.141+03:00 [s1] [I] A
2026-09-26T23:49:52.226+03:00 [s1] [O] > A
2026-09-26T23:49:52.368+03:00 [s2] [O] < [-41/6 Q100] A
2026-09-26T23:49:54.368+03:00 [s1] [I] A
2026-09-26T23:49:54.432+03:00 [s1] [O] > A
2026-09-26T23:49:54.482+03:00 [s2] [O] < [-41/5 Q100] A
2026-09-26T23:49:56.577+03:00 [s1] [I] A
2026-09-26T23:49:56.642+03:00 [s2] [O] < [-40/6 Q100] A
2026-09-26T23:49:56.767+03:00 [s1] [O] > A
2026-09-26T23:49:58.784+03:00 [s1] [I] A
2026-09-26T23:49:58.847+03:00 [s2] [O] < [-43/5 Q100] A
2026-09-26T23:49:58.973+03:00 [s1] [O] > A
2026-09-26T23:50:00.991+03:00 [s1] [I] A
2026-09-26T23:50:01.045+03:00 [s1] [O] > A
2026-09-26T23:50:01.096+03:00 [s2] [O] < [-38/5 Q100] A
2026-09-26T23:50:03.198+03:00 [s1] [I] A
2026-09-26T23:50:03.300+03:00 [s1] [O] > A
2026-09-26T23:50:03.347+03:00 [s2] [O] < [-38/5 Q100] A
2026-09-26T23:50:05.406+03:00 [s1] [I] A
2026-09-26T23:50:05.502+03:00 [s1] [O] > A
2026-09-26T23:50:05.554+03:00 [s2] [O] < [-39/5 Q100] A
2026-09-26T23:50:07.614+03:00 [s1] [I] A
2026-09-26T23:50:07.707+03:00 [s1] [O] > A
2026-09-26T23:50:07.756+03:00 [s2] [O] < [-39/6 Q100] A
2026-09-26T23:50:09.824+03:00 [s1] [I] A
2026-09-26T23:50:09.912+03:00 [s1] [O] > A
2026-09-26T23:50:09.961+03:00 [s2] [O] < [-39/6 Q100] A
2026-09-26T23:50:12.034+03:00 [s2] [I] B
2026-09-26T23:50:12.117+03:00 [s1] [O] < [-42/4 Q100] B
2026-09-26T23:50:12.168+03:00 [s2] [O] > B
2026-09-26T23:50:14.240+03:00 [s2] [I] B
2026-09-26T23:50:14.322+03:00 [s1] [O] < [-37/6 Q100] B
2026-09-26T23:50:14.374+03:00 [s2] [O] > B
2026-09-26T23:50:16.450+03:00 [s2] [I] B
2026-09-26T23:50:16.614+03:00 [s1] [O] < [-36/1 Q100] B
2026-09-26T23:50:16.665+03:00 [s2] [O] > B
2026-09-26T23:50:18.657+03:00 [s2] [I] B
2026-09-26T23:50:18.774+03:00 [s1] [O] < [-38/0 Q100] B
2026-09-26T23:50:18.781+03:00 [s2] [O] > B
2026-09-26T23:50:20.867+03:00 [s2] [I] B
2026-09-26T23:50:20.941+03:00 [s2] [O] > B
2026-09-26T23:50:21.022+03:00 [s1] [O] < [-39/-1 Q100] B
2026-09-26T23:50:23.075+03:00 [s2] [I] B
2026-09-26T23:50:23.139+03:00 [s1] [O] < [-43/6 Q100] B
2026-09-26T23:50:23.191+03:00 [s2] [O] > B
2026-09-26T23:50:25.282+03:00 [s2] [I] B
2026-09-26T23:50:25.349+03:00 [s2] [O] > B
2026-09-26T23:50:25.476+03:00 [s1] [O] < [-40/5 Q100] B
2026-09-26T23:50:27.489+03:00 [s2] [I] B
2026-09-26T23:50:27.554+03:00 [s2] [O] > B
2026-09-26T23:50:27.637+03:00 [s1] [O] < [-36/5 Q100] B
2026-09-26T23:50:29.698+03:00 [s2] [I] B
2026-09-26T23:50:29.759+03:00 [s1] [O] < [-39/2 Q100] B
2026-09-26T23:50:29.805+03:00 [s2] [O] > B
2026-09-26T23:50:31.906+03:00 [s2] [I] B
2026-09-26T23:50:31.963+03:00 [s1] [O] < [-35/-1 Q100] B
2026-09-26T23:50:32.012+03:00 [s2] [O] > B
2026-09-26T23:52:11.855+03:00 [s1] [I] 7A0801XX
2026-09-26T23:52:11.948+03:00 [s1] [O] > 7A0801XX
2026-09-26T23:52:11.999+03:00 [s2] [O] < [-42/2 Q100] 7A0801XX
2026-09-26T23:52:14.068+03:00 [s1] [I] 7A0802XX
2026-09-26T23:52:14.156+03:00 [s1] [O] > 7A0802XX
2026-09-26T23:52:14.206+03:00 [s2] [O] < [-50/5 Q100] 7A0802XX
2026-09-26T23:52:16.274+03:00 [s1] [I] 7A0803XX
2026-09-26T23:52:16.359+03:00 [s1] [O] > 7A0803XX
2026-09-26T23:52:16.409+03:00 [s2] [O] < [-42/5 Q100] 7A0803XX
2026-09-26T23:52:18.482+03:00 [s2] [I] 7B0801XX
2026-09-26T23:52:18.569+03:00 [s2] [O] > 7B0801XX
2026-09-26T23:52:18.650+03:00 [s1] [O] < [-42/5 Q100] 7B0801XX
2026-09-26T23:52:20.692+03:00 [s2] [I] 7B0802XX
2026-09-26T23:52:20.774+03:00 [s2] [O] > 7B0802XX
2026-09-26T23:52:20.854+03:00 [s1] [O] < [-47/5 Q100] 7B0802XX
2026-09-26T23:52:22.900+03:00 [s2] [I] 7B0803XX
2026-09-26T23:52:22.974+03:00 [s1] [O] < [-49/5 Q100] 7B0803XX
2026-09-26T23:52:23.035+03:00 [s2] [O] [SYS] RADIO FATAL TX (-30000), rebooting
2026-09-26T23:52:30.086+03:00 [s2] [O] [SYS] CHATTER NODE LoRa-Chatter-72E0
2026-09-26T23:52:37.262+03:00 [s1] [I] 7A0804XX
2026-09-26T23:52:37.328+03:00 [s1] [O] > 7A0804XX
2026-09-26T23:52:37.380+03:00 [s2] [O] < [-48/5 Q0] 7A0804XX
2026-09-26T23:52:39.469+03:00 [s1] [I] 7A0805XX
2026-09-26T23:52:39.534+03:00 [s1] [O] > 7A0805XX
2026-09-26T23:52:39.585+03:00 [s2] [O] < [-48/6 Q0] 7A0805XX
2026-09-26T23:52:41.675+03:00 [s1] [I] 7A0806XX
2026-09-26T23:52:41.740+03:00 [s1] [O] > 7A0806XX
2026-09-26T23:52:41.790+03:00 [s2] [O] < [-48/6 Q0] 7A0806XX
2026-09-26T23:52:43.884+03:00 [s1] [I] 7A0807XX
2026-09-26T23:52:43.944+03:00 [s1] [O] > 7A0807XX
2026-09-26T23:52:43.995+03:00 [s2] [O] < [-51/6 Q0] 7A0807XX
2026-09-26T23:52:46.091+03:00 [s1] [I] 7A0808XX
2026-09-26T23:52:46.153+03:00 [s1] [O] > 7A0808XX
2026-09-26T23:52:46.200+03:00 [s2] [O] < [-48/5 Q0] 7A0808XX
2026-09-26T23:52:48.299+03:00 [s1] [I] 7A0809XX
2026-09-26T23:52:48.355+03:00 [s1] [O] > 7A0809XX
2026-09-26T23:52:48.489+03:00 [s2] [O] < [-46/6 Q0] 7A0809XX
2026-09-26T23:52:50.507+03:00 [s1] [I] 7A0810XX
2026-09-26T23:52:50.835+03:00 [s2] [O] < [-51/5 Q0] 7A0810XX
2026-09-26T23:52:51.004+03:00 [s1] [O] > 7A0810XX
2026-09-26T23:53:04.863+03:00 [s2] [I] 7B0804XX
2026-09-26T23:53:05.003+03:00 [s1] [O] < [-46/5 Q100] 7B0804XX
2026-09-26T23:53:05.007+03:00 [s2] [O] > 7B0804XX
2026-09-26T23:53:19.216+03:00 [s2] [I] 7B0805XX
2026-09-26T23:53:19.315+03:00 [s1] [O] < [-49/6 Q100] 7B0805XX
2026-09-26T23:53:19.404+03:00 [s2] [O] > 7B0805XX
2026-09-26T23:53:33.574+03:00 [s2] [I] 7B0806XX
2026-09-26T23:53:33.673+03:00 [s2] [O] > 7B0806XX
2026-09-26T23:53:33.755+03:00 [s1] [O] < [-55/5 Q100] 7B0806XX
2026-09-26T23:53:35.783+03:00 [s2] [I] 7B0807XX
2026-09-26T23:53:36.192+03:00 [s2] [O] > 7B0807XX
2026-09-26T23:53:36.453+03:00 [s1] [O] < [-53/6 Q100] 7B0807XX
2026-09-26T23:53:37.991+03:00 [s2] [I] 7B0808XX
2026-09-26T23:53:38.131+03:00 [s2] [O] > 7B0808XX
2026-09-26T23:53:38.209+03:00 [s1] [O] < [-53/5 Q100] 7B0808XX
2026-09-26T23:53:40.202+03:00 [s2] [I] 7B0809XX
2026-09-26T23:53:40.284+03:00 [s1] [O] < [-64/6 Q100] 7B0809XX
2026-09-26T23:53:40.333+03:00 [s2] [O] > 7B0809XX
2026-09-26T23:53:54.554+03:00 [s2] [I] 7B0810XX
2026-09-26T23:53:54.683+03:00 [s1] [O] < [-49/5 Q100] 7B0810XX
2026-09-26T23:53:54.731+03:00 [s2] [O] > 7B0810XX
2026-09-26T23:54:08.913+03:00 [s1] [I] 7A1601XXXXXXXXXX
2026-09-26T23:54:08.995+03:00 [s1] [O] > 7A1601XXXXXXXXXX
2026-09-26T23:54:09.045+03:00 [s2] [O] < [-44/5 Q100] 7A1601XXXXXXXXXX
2026-09-26T23:54:11.122+03:00 [s1] [I] 7A1602XXXXXXXXXX
2026-09-26T23:54:11.199+03:00 [s1] [O] > 7A1602XXXXXXXXXX
2026-09-26T23:54:11.247+03:00 [s2] [O] < [-48/6 Q100] 7A1602XXXXXXXXXX
2026-09-26T23:54:13.330+03:00 [s1] [I] 7A1603XXXXXXXXXX
2026-09-26T23:54:13.404+03:00 [s1] [O] > 7A1603XXXXXXXXXX
2026-09-26T23:54:13.452+03:00 [s2] [O] < [-41/1 Q100] 7A1603XXXXXXXXXX
2026-09-26T23:54:15.541+03:00 [s2] [I] 7B1601XXXXXXXXXX
2026-09-26T23:54:15.609+03:00 [s1] [O] < [-53/5 Q100] 7B1601XXXXXXXXXX
2026-09-26T23:54:15.659+03:00 [s2] [O] > 7B1601XXXXXXXXXX
2026-09-26T23:54:44.326+03:00 [s1] [I] /cancel all
2026-09-26T23:54:44.327+03:00 [s2] [I] /cancel all
2026-09-26T23:54:44.630+03:00 [s1] [O] [SYS] DELIVERY CANCEL: nothing pending
2026-09-26T23:54:44.635+03:00 [s2] [O] [SYS] DELIVERY CANCEL: nothing pending
2026-09-26T23:55:35.183+03:00 [s1] [I] /config
2026-09-26T23:55:35.184+03:00 [s2] [I] /config
2026-09-26T23:55:35.255+03:00 [s1] [O] [SYS] CFG schema=2 storage=NVS freq_oob=OFF
2026-09-26T23:55:35.259+03:00 [s2] [O] [SYS] CFG schema=2 storage=NVS freq_oob=OFF
2026-09-26T23:55:35.262+03:00 [s2] [O] [SYS] CFG RADIO power=2 dBm freq=470 MHz sf=7 bw=500 kHz
2026-09-26T23:55:35.264+03:00 [s2] [O] [SYS] CFG LINK heartbeat=OFF retry=ON attempts=5 diag=OFF
2026-09-26T23:55:35.297+03:00 [s1] [O] [SYS] CFG RADIO power=2 dBm freq=470 MHz sf=7 bw=500 kHz
2026-09-26T23:55:35.343+03:00 [s1] [O] [SYS] CFG LINK heartbeat=OFF retry=ON attempts=5 diag=OFF
